142.58.10.65 - - [04/Jan/2010:13:17:34 -0800] "GET /images/Morgan.jpg HTTP/1.1" 200 29830 "http://morganlangille.com/" "Mozilla/5.0 (X11; U; Linux x86_64; en-US; rv:1.9.0.16) Gecko/2009121601 Ubuntu/9.04 (jaunty) Firefox/3.0.16"
142.58.10.65 - - [04/Jan/2010:13:17:34 -0800] "GET /favicon.ico HTTP/1.1" 404 243 "-" "Mozilla/5.0 (X11; U; Linux x86_64; en-US; rv:1.9.0.16) Gecko/2009121601 Ubuntu/9.04 (jaunty) Firefox/3.0.16"
142.58.10.65 - - [04/Jan/2010:13:17:37 -0800] "GET /favicon.ico HTTP/1.1" 404 243 "-" "Mozilla/5.0 (X11; U; Linux x86_64; en-US; rv:1.9.0.16) Gecko/2009121601 Ubuntu/9.04 (jaunty) Firefox/3.0.16"
142.58.10.65 - - [04/Jan/2010:13:17:38 -0800] "GET /current_research.html HTTP/1.1" 200 1104 "http://morganlangille.com/" "Mozilla/5.0 (X11; U; Linux x86_64; en-US; rv:1.9.0.16) Gecko/2009121601 Ubuntu/9.04 (jaunty) Firefox/3.0.16"
142.58.10.65 - - [04/Jan/2010:13:17:40 -0800] "GET /past_research.html HTTP/1.1" 200 1106 "http://morganlangille.com/current_research.html" "Mozilla/5.0 (X11; U; Linux x86_64; en-US; rv:1.9.0.16) Gecko/2009121601 Ubuntu/9.04 (jaunty) Firefox/3.0.16"
142.58.10.65 - - [04/Jan/2010:13:17:44 -0800] "GET /publications.html HTTP/1.1" 200 3705 "http://morganlangille.com/past_research.html" "Mozilla/5.0 (X11; U; Linux x86_64; en-US; rv:1.9.0.16) Gecko/2009121601 Ubuntu/9.04 (jaunty) Firefox/3.0.16"
142.58.10.65 - - [04/Jan/2010:13:17:58 -0800] "GET /cv.html HTTP/1.1" 200 1098 "http://morganlangille.com/publications.html" "Mozilla/5.0 (X11; U; Linux x86_64; en-US; rv:1.9.0.16) Gecko/2009121601 Ubuntu/9.04 (jaunty) Firefox/3.0.16"
194.72.238.61 - - [04/Jan/2010:14:56:18 -0800] "HEAD / HTTP/1.1" 200 - "http://www.netcraft.com/survey/" "Mozilla/4.0 (compatible; Netcraft Web Server Survey)"
87.250.255.242 - - [04/Jan/2010:15:39:34 -0800] "GET / HTTP/1.1" 200 1300 "-" "Yandex/1.01.001 (compatible; Win16; I)"
87.250.255.242 - - [04/Jan/2010:15:39:34 -0800] "GET /robots.txt HTTP/1.1" 404 296 "-" "Yandex/1.01.001 (compatible; Win16; I)"
87.250.255.242 - - [04/Jan/2010:15:42:34 -0800] "GET / HTTP/1.1" 304 - "-" "Yandex/1.01.001 (compatible; Win16; I)"
87.250.255.242 - - [04/Jan/2010:15:44:18 -0800] "GET /cv.html HTTP/1.1" 304 - "-" "Yandex/1.01.001 (compatible; Win16; I)"
87.250.255.242 - - [04/Jan/2010:15:44:20 -0800] "GET /current_research.html HTTP/1.1" 200 1104 "-" "Yandex/1.01.001 (compatible; Win16; I)"
87.250.255.242 - - [04/Jan/2010:15:45:42 -0800] "GET /index.html HTTP/1.1" 200 1300 "-" "Yandex/1.01.001 (compatible; Win16; I)"
87.250.255.242 - - [04/Jan/2010:15:46:08 -0800] "GET /cv.html HTTP/1.1" 200 1098 "-" "Yandex/1.01.001 (compatible; Win16; I)"
87.250.255.242 - - [04/Jan/2010:15:46:26 -0800] "GET /past_research.html HTTP/1.1" 304 - "-" "Yandex/1.01.001 (compatible; Win16; I)"
87.250.255.242 - - [04/Jan/2010:15:46:35 -0800] "GET /past_research.html HTTP/1.1" 200 1106 "-" "Yandex/1.01.001 (compatible; Win16; I)"
169.230.76.4 - - [04/Jan/2010:17:56:10 -0800] "GET / HTTP/1.1" 200 1300 "http://www.google.com/search?q=morgan+langille&ie=utf-8&oe=utf-8&aq=t&rls=org.mozilla:en-US:official&client=firefox-a" "Mozilla/5.0 (Macintosh; U; Intel Mac OS X 10.5; en-US; rv:1.9.1.6) Gecko/20091201 Firefox/3.5.6"
169.230.76.4 - - [04/Jan/2010:17:56:10 -0800] "GET /style.css HTTP/1.1" 200 1361 "http://morganlangille.com/" "Mozilla/5.0 (Macintosh; U; Intel Mac OS X 10.5; en-US; rv:1.9.1.6) Gecko/20091201 Firefox/3.5.6"
169.230.76.4 - - [04/Jan/2010:17:56:10 -0800] "GET /images/Morgan.jpg HTTP/1.1" 200 29830 "http://morganlangille.com/" "Mozilla/5.0 (Macintosh; U; Intel Mac OS X 10.5; en-US; rv:1.9.1.6) Gecko/20091201 Firefox/3.5.6"
169.230.76.4 - - [04/Jan/2010:17:56:10 -0800] "GET /images/img01.jpg HTTP/1.1" 200 720 "http://morganlangille.com/style.css" "Mozilla/5.0 (Macintosh; U; Intel Mac OS X 10.5; en-US; rv:1.9.1.6) Gecko/20091201 Firefox/3.5.6"
169.230.76.4 - - [04/Jan/2010:17:56:10 -0800] "GET /favicon.ico HTTP/1.1" 404 243 "-" "Mozilla/5.0 (Macintosh; U; Intel Mac OS X 10.5; en-US; rv:1.9.1.6) Gecko/20091201 Firefox/3.5.6"
169.230.76.4 - - [04/Jan/2010:17:56:13 -0800] "GET /favicon.ico HTTP/1.1" 404 243 "-" "Mozilla/5.0 (Macintosh; U; Intel Mac OS X 10.5; en-US; rv:1.9.1.6) Gecko/20091201 Firefox/3.5.6"
119.63.198.38 - - [04/Jan/2010:18:16:40 -0800] "GET /robots.txt HTTP/1.1" 404 246 "-" "Baiduspider+(+http://www.baidu.com/search/spider.htm)"
85.25.124.4 - - [04/Jan/2010:20:21:27 -0800] "GET /robots.txt HTTP/1.1" 404 243 "-" "Linguee Bot (http://www.linguee.com/bot; bot@linguee.com)"
85.25.124.4 - - [04/Jan/2010:20:21:27 -0800] "GET / HTTP/1.1" 200 1300 "-" "Linguee Bot (http://www.linguee.com/bot; bot@linguee.com)"
85.25.124.4 - - [04/Jan/2010:20:21:29 -0800] "GET /index.html HTTP/1.1" 200 1300 "-" "Linguee Bot (http://www.linguee.com/bot; bot@linguee.com)"
85.25.124.4 - - [04/Jan/2010:20:21:29 -0800] "GET /current_research.html HTTP/1.1" 200 1104 "-" "Linguee Bot (http://www.linguee.com/bot; bot@linguee.com)"
85.25.124.4 - - [04/Jan/2010:20:21:30 -0800] "GET /past_research.html HTTP/1.1" 200 1106 "-" "Linguee Bot (http://www.linguee.com/bot; bot@linguee.com)"
85.25.124.4 - - [04/Jan/2010:20:21:31 -0800] "GET /publications.html HTTP/1.1" 200 3705 "-" "Linguee Bot (http://www.linguee.com/bot; bot@linguee.com)"
85.25.124.4 - - [04/Jan/2010:20:21:33 -0800] "GET /cv.html HTTP/1.1" 200 1098 "-" "Linguee Bot (http://www.linguee.com/bot; bot@linguee.com)"
87.250.255.242 - - [05/Jan/2010:00:47:43 -0800] "GET /publications.html HTTP/1.1" 304 - "-" "Yandex/1.01.001 (compatible; Win16; I)"
208.80.193.44 - - [05/Jan/2010:00:53:55 -0800] "GET / HTTP/1.0" 200 3344 "-" "Mozilla/4.0 (compatible; MSIE 6.0; Windows NT 5.1; {5969F4F3-B929-7BE6-9F39-71B340A1B121};  Embedded Web Browser from: http://bsalsa.com/; .NET CLR 1.1.4322)"
93.128.155.47 - - [05/Jan/2010:07:05:29 -0800] "GET /robots.txt HTTP/1.0" 404 292 "http://majestic12.co.uk/bot.php?I=BCCDC43FD9-F0E09B97333DE244-morganlangille_com" "Mozilla/5.0 (compatible; MJ12bot/v1.3.2; http://www.majestic12.co.uk/bot.php?+)"
93.128.155.47 - - [05/Jan/2010:07:05:30 -0800] "GET / HTTP/1.1" 200 3344 "-" "Mozilla/5.0 (compatible; MJ12bot/v1.3.2; http://www.majestic12.co.uk/bot.php?+)"
87.250.255.242 - - [05/Jan/2010:08:11:02 -0800] "GET /publications.html HTTP/1.1" 200 3705 "-" "Yandex/1.01.001 (compatible; Win16; I)"
66.249.67.178 - - [05/Jan/2010:09:39:50 -0800] "GET /robots.txt HTTP/1.1" 404 246 "-" "Mozilla/5.0 (compatible; Googlebot/2.1; +http://www.google.com/bot.html)"
66.249.67.178 - - [05/Jan/2010:09:39:50 -0800] "GET /cv.html HTTP/1.1" 304 - "-" "Mozilla/5.0 (compatible; Googlebot/2.1; +http://www.google.com/bot.html)"
156.34.28.81 - - [05/Jan/2010:16:50:32 -0800] "GET /index.html HTTP/1.1" 200 1300 "-" "Mozilla/4.0 (compatible; MSIE 8.0; Windows NT 6.0; Trident/4.0; FunWebProducts; FBSMTWB; SIMBAR={534C4A93-FF90-421A-87E6-8AC553BA4CEA}; GTB6.3; SLCC1; .NET CLR 2.0.50727; Media Center PC 5.0; .NET CLR 3.5.30729; OfficeLiveConnector.1.3; OfficeLivePatch.0.0; .NET CLR 3.0.30729)"
156.34.28.81 - - [05/Jan/2010:16:50:33 -0800] "GET /style.css HTTP/1.1" 200 1361 "http://morganlangille.com/index.html" "Mozilla/4.0 (compatible; MSIE 8.0; Windows NT 6.0; Trident/4.0; FunWebProducts; FBSMTWB; SIMBAR={534C4A93-FF90-421A-87E6-8AC553BA4CEA}; GTB6.3; SLCC1; .NET CLR 2.0.50727; Media Center PC 5.0; .NET CLR 3.5.30729; OfficeLiveConnector.1.3; OfficeLivePatch.0.0; .NET CLR 3.0.30729)"
156.34.28.81 - - [05/Jan/2010:16:50:33 -0800] "GET /images/img01.jpg HTTP/1.1" 200 720 "http://morganlangille.com/index.html" "Mozilla/4.0 (compatible; MSIE 8.0; Windows NT 6.0; Trident/4.0; FunWebProducts; FBSMTWB; SIMBAR={534C4A93-FF90-421A-87E6-8AC553BA4CEA}; GTB6.3; SLCC1; .NET CLR 2.0.50727; Media Center PC 5.0; .NET CLR 3.5.30729; OfficeLiveConnector.1.3; OfficeLivePatch.0.0; .NET CLR 3.0.30729)"
156.34.28.81 - - [05/Jan/2010:16:50:32 -0800] "GET /images/Morgan.jpg HTTP/1.1" 200 29830 "http://morganlangille.com/index.html" "Mozilla/4.0 (compatible; MSIE 8.0; Windows NT 6.0; Trident/4.0; FunWebProducts; FBSMTWB; SIMBAR={534C4A93-FF90-421A-87E6-8AC553BA4CEA}; GTB6.3; SLCC1; .NET CLR 2.0.50727; Media Center PC 5.0; .NET CLR 3.5.30729; OfficeLiveConnector.1.3; OfficeLivePatch.0.0; .NET CLR 3.0.30729)"
156.34.28.81 - - [05/Jan/2010:16:50:33 -0800] "GET /favicon.ico HTTP/1.1" 404 243 "-" "Mozilla/4.0 (compatible; MSIE 8.0; Windows NT 6.0; Trident/4.0; FunWebProducts; FBSMTWB; SIMBAR={534C4A93-FF90-421A-87E6-8AC553BA4CEA}; GTB6.3; SLCC1; .NET CLR 2.0.50727; Media Center PC 5.0; .NET CLR 3.5.30729; OfficeLiveConnector.1.3; OfficeLivePatch.0.0; .NET CLR 3.0.30729)"
119.63.198.57 - - [05/Jan/2010:18:41:26 -0800] "GET /robots.txt HTTP/1.1" 404 246 "-" "Baiduspider+(+http://www.baidu.com/search/spider.htm)"
87.250.255.242 - - [05/Jan/2010:21:46:29 -0800] "GET /robots.txt HTTP/1.1" 404 296 "-" "Yandex/1.01.001 (compatible; Win16; I)"
87.250.255.242 - - [06/Jan/2010:01:46:31 -0800] "GET /index.html HTTP/1.1" 200 1300 "-" "Yandex/1.01.001 (compatible; Win16; I)"
66.249.68.40 - - [06/Jan/2010:03:41:08 -0800] "GET /robots.txt HTTP/1.1" 404 243 "-" "Mozilla/5.0 (compatible; Googlebot/2.1; +http://www.google.com/bot.html)"
66.249.68.40 - - [06/Jan/2010:03:41:08 -0800] "GET / HTTP/1.1" 200 1300 "-" "Mozilla/5.0 (compatible; Googlebot/2.1; +http://www.google.com/bot.html)"
193.47.80.46 - - [06/Jan/2010:04:36:26 -0800] "GET /robots.txt HTTP/1.1" 404 243 "-" "Mozilla/5.0 (compatible; Exabot/3.0; +http://www.exabot.com/go/robot)"
193.47.80.46 - - [06/Jan/2010:04:36:27 -0800] "GET /publications.html HTTP/1.1" 304 - "-" "Mozilla/5.0 (compatible; Exabot/3.0; +http://www.exabot.com/go/robot)"
66.249.68.40 - - [06/Jan/2010:05:20:00 -0800] "GET /cv.html HTTP/1.1" 304 - "-" "Mozilla/5.0 (compatible; Googlebot/2.1; +http://www.google.com/bot.html)"
87.250.255.242 - - [06/Jan/2010:05:45:21 -0800] "GET / HTTP/1.1" 200 1300 "-" "Yandex/1.01.001 (compatible; Win16; I)"
64.246.165.160 - - [06/Jan/2010:06:11:00 -0800] "GET /robots.txt HTTP/1.0" 404 296 "-" "Mozilla/5.0 (Windows; U; Windows NT 5.1; en; rv:1.9.0.13) Gecko/2009073022 Firefox/3.5.2 (.NET CLR 3.5.30729) SurveyBot/2.3 (DomainTools)"
64.246.165.160 - - [06/Jan/2010:06:11:00 -0800] "GET / HTTP/1.1" 200 1300 "http://whois.domaintools.com/morganlangille.com" "Mozilla/5.0 (Windows; U; Windows NT 5.1; en; rv:1.9.0.13) Gecko/2009073022 Firefox/3.5.2 (.NET CLR 3.5.30729) SurveyBot/2.3 (DomainTools)"
66.249.68.40 - - [06/Jan/2010:06:59:57 -0800] "GET /index.html HTTP/1.1" 200 1300 "-" "Mozilla/5.0 (compatible; Googlebot/2.1; +http://www.google.com/bot.html)"
66.235.124.58 - - [06/Jan/2010:08:03:39 -0800] "GET /robots.txt HTTP/1.1" 404 292 "-" "Mozilla/5.0 (compatible; Ask Jeeves/Teoma; +http://about.ask.com/en/docs/about/webmasters.shtml)"
66.235.124.58 - - [06/Jan/2010:08:03:40 -0800] "GET /publications.html HTTP/1.1" 200 3705 "-" "Mozilla/5.0 (compatible; Ask Jeeves/Teoma; +http://about.ask.com/en/docs/about/webmasters.shtml)"
204.236.195.82 - - [06/Jan/2010:09:57:55 -0800] "GET /robots.txt HTTP/1.0" 404 243 "-" "taptubot *** please read http://www.taptu.com/corp/taptubot ***"
204.236.195.82 - - [06/Jan/2010:09:57:56 -0800] "GET / HTTP/1.0" 200 1300 "-" "Mozilla/5.0 (iPhone; U; CPU like Mac OS X; en) AppleWebKit/420+ (KHTML, like Gecko) Version/3.0 Mobile/1A543a Safari/419.3"
204.236.195.82 - - [06/Jan/2010:09:57:57 -0800] "GET /style.css HTTP/1.0" 200 1361 "http://morganlangille.com/" "Mozilla/5.0 (iPhone; U; CPU like Mac OS X; en) AppleWebKit/420+ (KHTML, like Gecko) Version/3.0 Mobile/1A543a Safari/419.3"
204.236.195.82 - - [06/Jan/2010:09:57:59 -0800] "GET /apple-touch-icon.png HTTP/1.0" 404 250 "-" "Mozilla/5.0 (iPhone; U; CPU like Mac OS X; en) AppleWebKit/420+ (KHTML, like Gecko) Version/3.0 Mobile/1A543a Safari/419.3"
204.236.195.82 - - [06/Jan/2010:09:58:01 -0800] "GET / HTTP/1.0" 200 1300 "-" "Mozilla/5.0 (iPhone; U; CPU like Mac OS X; en) AppleWebKit/420+ (KHTML, like Gecko) Version/3.0 Mobile/1A543a Safari/419.3"
204.236.195.82 - - [06/Jan/2010:09:58:02 -0800] "GET /style.css HTTP/1.0" 200 1361 "http://www.morganlangille.com/" "Mozilla/5.0 (iPhone; U; CPU like Mac OS X; en) AppleWebKit/420+ (KHTML, like Gecko) Version/3.0 Mobile/1A543a Safari/419.3"
204.236.195.82 - - [06/Jan/2010:09:58:03 -0800] "GET /iphone/ HTTP/1.0" 404 240 "-" "Mozilla/5.0 (iPhone; U; CPU like Mac OS X; en) AppleWebKit/420+ (KHTML, like Gecko) Version/3.0 Mobile/1A543a Safari/419.3"
204.236.195.82 - - [06/Jan/2010:09:58:05 -0800] "GET /mobile/ HTTP/1.0" 404 241 "-" "Mozilla/5.0 (iPhone; U; CPU like Mac OS X; en) AppleWebKit/420+ (KHTML, like Gecko) Version/3.0 Mobile/1A543a Safari/419.3"
204.236.195.82 - - [06/Jan/2010:09:58:06 -0800] "GET /m/ HTTP/1.0" 404 237 "-" "Mozilla/5.0 (iPhone; U; CPU like Mac OS X; en) AppleWebKit/420+ (KHTML, like Gecko) Version/3.0 Mobile/1A543a Safari/419.3"
204.236.195.82 - - [06/Jan/2010:09:58:08 -0800] "GET /mobi/ HTTP/1.0" 404 240 "-" "Mozilla/5.0 (iPhone; U; CPU like Mac OS X; en) AppleWebKit/420+ (KHTML, like Gecko) Version/3.0 Mobile/1A543a Safari/419.3"
204.236.195.82 - - [06/Jan/2010:09:58:10 -0800] "GET /iphone/ HTTP/1.0" 404 244 "-" "Mozilla/5.0 (iPhone; U; CPU like Mac OS X; en) AppleWebKit/420+ (KHTML, like Gecko) Version/3.0 Mobile/1A543a Safari/419.3"
204.236.195.82 - - [06/Jan/2010:09:58:11 -0800] "GET /mobile/ HTTP/1.0" 404 244 "-" "Mozilla/5.0 (iPhone; U; CPU like Mac OS X; en) AppleWebKit/420+ (KHTML, like Gecko) Version/3.0 Mobile/1A543a Safari/419.3"
204.236.195.82 - - [06/Jan/2010:09:58:13 -0800] "GET /m/ HTTP/1.0" 404 241 "-" "Mozilla/5.0 (iPhone; U; CPU like Mac OS X; en) AppleWebKit/420+ (KHTML, like Gecko) Version/3.0 Mobile/1A543a Safari/419.3"
204.236.195.82 - - [06/Jan/2010:09:58:21 -0800] "GET /mobi/ HTTP/1.0" 404 242 "-" "Mozilla/5.0 (iPhone; U; CPU like Mac OS X; en) AppleWebKit/420+ (KHTML, like Gecko) Version/3.0 Mobile/1A543a Safari/419.3"
208.80.193.38 - - [06/Jan/2010:14:58:59 -0800] "GET / HTTP/1.0" 200 3344 "-" "Mozilla/4.0 (compatible; MSIE 6.0; Windows NT 5.1; acc=jocker; acc=none; FreeprodTB; (none); .NET CLR 1.1.4322)"
119.63.198.39 - - [06/Jan/2010:18:38:14 -0800] "GET /robots.txt HTTP/1.1" 404 246 "-" "Baiduspider+(+http://www.baidu.com/search/spider.htm)"
66.249.71.131 - - [06/Jan/2010:20:35:53 -0800] "GET /robots.txt HTTP/1.1" 404 246 "-" "Mozilla/5.0 (compatible; Googlebot/2.1; +http://www.google.com/bot.html)"
66.249.71.131 - - [06/Jan/2010:20:35:53 -0800] "GET / HTTP/1.1" 304 - "-" "Mozilla/5.0 (compatible; Googlebot/2.1; +http://www.google.com/bot.html)"
24.113.187.2 - - [06/Jan/2010:21:15:53 -0800] "GET / HTTP/1.1" 200 1300 "-" "Mozilla/5.0 (Windows; U; Windows NT 6.1; en-US; rv:1.9.1.7) Gecko/20091221 Firefox/3.5.7"
24.113.187.2 - - [06/Jan/2010:21:15:53 -0800] "GET /style.css HTTP/1.1" 200 1361 "http://morganlangille.com/" "Mozilla/5.0 (Windows; U; Windows NT 6.1; en-US; rv:1.9.1.7) Gecko/20091221 Firefox/3.5.7"
24.113.187.2 - - [06/Jan/2010:21:15:53 -0800] "GET /images/Morgan.jpg HTTP/1.1" 200 29830 "http://morganlangille.com/" "Mozilla/5.0 (Windows; U; Windows NT 6.1; en-US; rv:1.9.1.7) Gecko/20091221 Firefox/3.5.7"
24.113.187.2 - - [06/Jan/2010:21:15:53 -0800] "GET /images/img01.jpg HTTP/1.1" 200 720 "http://morganlangille.com/style.css" "Mozilla/5.0 (Windows; U; Windows NT 6.1; en-US; rv:1.9.1.7) Gecko/20091221 Firefox/3.5.7"
24.113.187.2 - - [06/Jan/2010:21:15:53 -0800] "GET /favicon.ico HTTP/1.1" 404 243 "-" "Mozilla/5.0 (Windows; U; Windows NT 6.1; en-US; rv:1.9.1.7) Gecko/20091221 Firefox/3.5.7"
24.113.187.2 - - [06/Jan/2010:21:15:56 -0800] "GET /favicon.ico HTTP/1.1" 404 243 "-" "Mozilla/5.0 (Windows; U; Windows NT 6.1; en-US; rv:1.9.1.7) Gecko/20091221 Firefox/3.5.7"
66.249.71.131 - - [06/Jan/2010:22:08:23 -0800] "GET /publications.html HTTP/1.1" 304 - "-" "Mozilla/5.0 (compatible; Googlebot/2.1; +http://www.google.com/bot.html)"
66.249.71.131 - - [06/Jan/2010:23:40:44 -0800] "GET /past_research.html HTTP/1.1" 304 - "-" "Mozilla/5.0 (compatible; Googlebot/2.1; +http://www.google.com/bot.html)"
67.195.112.175 - - [07/Jan/2010:02:53:04 -0800] "GET /robots.txt HTTP/1.0" 404 243 "-" "Mozilla/5.0 (compatible; Yahoo! Slurp; http://help.yahoo.com/help/us/ysearch/slurp)"
67.195.112.175 - - [07/Jan/2010:02:53:04 -0800] "GET / HTTP/1.0" 200 1300 "-" "Mozilla/5.0 (compatible; Yahoo! Slurp/3.0; http://help.yahoo.com/help/us/ysearch/slurp)"
67.195.112.175 - - [07/Jan/2010:02:53:06 -0800] "GET /style.css HTTP/1.0" 200 1361 "http://morganlangille.com/" "Mozilla/5.0 (compatible; Yahoo! Slurp/3.0; http://help.yahoo.com/help/us/ysearch/slurp)"
195.128.18.19 - - [07/Jan/2010:05:23:55 -0800] "GET /robots.txt HTTP/1.0" 404 246 "-" "Mozilla/5.0 (compatible; aiHitBot/1.0; +http://www.aihit.com/)"
195.128.18.19 - - [07/Jan/2010:05:24:43 -0800] "GET / HTTP/1.0" 200 1300 "-" "Mozilla/5.0 (compatible; aiHitBot/1.0; +http://www.aihit.com/)"
195.128.18.19 - - [07/Jan/2010:05:24:57 -0800] "GET /cv.html HTTP/1.0" 200 1098 "-" "Mozilla/5.0 (compatible; aiHitBot/1.0; +http://www.aihit.com/)"
195.128.18.19 - - [07/Jan/2010:05:25:18 -0800] "GET /publications.html HTTP/1.0" 200 3705 "-" "Mozilla/5.0 (compatible; aiHitBot/1.0; +http://www.aihit.com/)"
195.128.18.19 - - [07/Jan/2010:05:25:35 -0800] "GET /past_research.html HTTP/1.0" 200 1106 "-" "Mozilla/5.0 (compatible; aiHitBot/1.0; +http://www.aihit.com/)"
195.128.18.19 - - [07/Jan/2010:05:25:51 -0800] "GET /current_research.html HTTP/1.0" 200 1104 "-" "Mozilla/5.0 (compatible; aiHitBot/1.0; +http://www.aihit.com/)"
67.195.112.175 - - [07/Jan/2010:06:20:01 -0800] "GET /current_research.html HTTP/1.0" 200 1104 "-" "Mozilla/5.0 (compatible; Yahoo! Slurp/3.0; http://help.yahoo.com/help/us/ysearch/slurp)"
67.195.112.175 - - [07/Jan/2010:06:20:02 -0800] "GET /style.css HTTP/1.0" 304 - "http://morganlangille.com/current_research.html" "Mozilla/5.0 (compatible; Yahoo! Slurp/3.0; http://help.yahoo.com/help/us/ysearch/slurp)"
87.250.255.242 - - [07/Jan/2010:10:27:05 -0800] "GET /robots.txt HTTP/1.1" 404 296 "-" "Yandex/1.01.001 (compatible; Win16; I)"
87.250.255.242 - - [07/Jan/2010:10:46:26 -0800] "GET /robots.txt HTTP/1.1" 404 292 "-" "Yandex/1.01.001 (compatible; Win16; I)"
87.250.255.242 - - [07/Jan/2010:11:05:29 -0800] "GET /index.html HTTP/1.1" 200 1300 "-" "Yandex/1.01.001 (compatible; Win16; I)"
87.250.255.242 - - [07/Jan/2010:13:35:44 -0800] "GET / HTTP/1.1" 200 1300 "-" "Yandex/1.01.001 (compatible; Win16; I)"
87.250.255.242 - - [07/Jan/2010:13:35:45 -0800] "GET /cv.html HTTP/1.1" 304 - "-" "Yandex/1.01.001 (compatible; Win16; I)"
87.250.255.242 - - [07/Jan/2010:14:14:39 -0800] "GET /cv.html HTTP/1.1" 304 - "-" "Yandex/1.01.001 (compatible; Win16; I)"
87.250.255.242 - - [07/Jan/2010:14:14:39 -0800] "GET /past_research.html HTTP/1.1" 304 - "-" "Yandex/1.01.001 (compatible; Win16; I)"
87.250.255.242 - - [07/Jan/2010:14:55:06 -0800] "GET /current_research.html HTTP/1.1" 304 - "-" "Yandex/1.01.001 (compatible; Win16; I)"
87.250.255.242 - - [07/Jan/2010:14:55:07 -0800] "GET /current_research.html HTTP/1.1" 304 - "-" "Yandex/1.01.001 (compatible; Win16; I)"
66.249.71.3 - - [07/Jan/2010:15:08:08 -0800] "GET /robots.txt HTTP/1.1" 404 243 "-" "Mozilla/5.0 (compatible; Googlebot/2.1; +http://www.google.com/bot.html)"
66.249.71.3 - - [07/Jan/2010:15:08:08 -0800] "GET /images/img01.jpg HTTP/1.1" 200 720 "-" "Mozilla/5.0 (compatible; Googlebot/2.1; +http://www.google.com/bot.html)"
87.250.255.242 - - [07/Jan/2010:18:04:57 -0800] "GET /past_research.html HTTP/1.1" 304 - "-" "Yandex/1.01.001 (compatible; Win16; I)"
119.63.198.19 - - [07/Jan/2010:18:42:27 -0800] "GET /robots.txt HTTP/1.1" 404 246 "-" "Baiduspider+(+http://www.baidu.com/search/spider.htm)"
85.25.124.167 - - [07/Jan/2010:23:14:15 -0800] "GET /robots.txt HTTP/1.1" 404 243 "-" "Linguee Bot (http://www.linguee.com/bot; bot@linguee.com)"
85.25.124.167 - - [07/Jan/2010:23:14:16 -0800] "GET / HTTP/1.1" 200 1300 "-" "Linguee Bot (http://www.linguee.com/bot; bot@linguee.com)"
85.25.124.167 - - [07/Jan/2010:23:14:23 -0800] "GET /index.html HTTP/1.1" 200 1300 "-" "Linguee Bot (http://www.linguee.com/bot; bot@linguee.com)"
85.25.124.167 - - [07/Jan/2010:23:14:24 -0800] "GET /current_research.html HTTP/1.1" 200 1104 "-" "Linguee Bot (http://www.linguee.com/bot; bot@linguee.com)"
85.25.124.167 - - [07/Jan/2010:23:14:26 -0800] "GET /past_research.html HTTP/1.1" 200 1106 "-" "Linguee Bot (http://www.linguee.com/bot; bot@linguee.com)"
85.25.124.167 - - [07/Jan/2010:23:14:28 -0800] "GET /publications.html HTTP/1.1" 200 3705 "-" "Linguee Bot (http://www.linguee.com/bot; bot@linguee.com)"
85.25.124.167 - - [07/Jan/2010:23:14:31 -0800] "GET /cv.html HTTP/1.1" 200 1098 "-" "Linguee Bot (http://www.linguee.com/bot; bot@linguee.com)"
208.80.193.54 - - [08/Jan/2010:00:06:07 -0800] "GET / HTTP/1.0" 200 3344 "-" "Mozilla/4.0 (compatible; MSIE 6.0; Windows NT 5.1; SV1; .NET CLR 2.0.40607; .NET CLR 1.0.3705; .NET CLR 1.1.4322; .NET CLR 2.0.50727)"
66.249.71.3 - - [08/Jan/2010:00:52:04 -0800] "GET /current_research.html HTTP/1.1" 304 - "-" "Mozilla/5.0 (compatible; Googlebot/2.1; +http://www.google.com/bot.html)"
66.249.71.3 - - [08/Jan/2010:02:12:30 -0800] "GET /publications.html HTTP/1.1" 304 - "-" "Mozilla/5.0 (compatible; Googlebot/2.1; +http://www.google.com/bot.html)"
87.250.255.242 - - [08/Jan/2010:11:05:26 -0800] "GET /robots.txt HTTP/1.1" 404 292 "-" "Yandex/1.01.001 (compatible; Win16; I)"
87.250.255.242 - - [08/Jan/2010:11:36:10 -0800] "GET /robots.txt HTTP/1.1" 404 296 "-" "Yandex/1.01.001 (compatible; Win16; I)"
87.250.255.242 - - [08/Jan/2010:12:06:08 -0800] "GET /publications.html HTTP/1.1" 304 - "-" "Yandex/1.01.001 (compatible; Win16; I)"
87.250.255.242 - - [08/Jan/2010:17:29:51 -0800] "GET /publications.html HTTP/1.1" 304 - "-" "Yandex/1.01.001 (compatible; Win16; I)"
119.63.198.56 - - [08/Jan/2010:18:44:33 -0800] "GET /robots.txt HTTP/1.1" 404 246 "-" "Baiduspider+(+http://www.baidu.com/search/spider.htm)"
71.48.98.15 - - [08/Jan/2010:21:10:26 -0800] "GET / HTTP/1.1" 200 1300 "http://www.blogger.com/profile/15991960337694557528" "Mozilla/5.0 (Macintosh; U; Intel Mac OS X 10.4; en-US; rv:1.9.1.7) Gecko/20091221 Firefox/3.5.7"
71.48.98.15 - - [08/Jan/2010:21:10:26 -0800] "GET /style.css HTTP/1.1" 200 1361 "http://www.morganlangille.com/" "Mozilla/5.0 (Macintosh; U; Intel Mac OS X 10.4; en-US; rv:1.9.1.7) Gecko/20091221 Firefox/3.5.7"
71.48.98.15 - - [08/Jan/2010:21:10:26 -0800] "GET /images/Morgan.jpg HTTP/1.1" 200 29830 "http://www.morganlangille.com/" "Mozilla/5.0 (Macintosh; U; Intel Mac OS X 10.4; en-US; rv:1.9.1.7) Gecko/20091221 Firefox/3.5.7"
71.48.98.15 - - [08/Jan/2010:21:10:26 -0800] "GET /images/img01.jpg HTTP/1.1" 200 720 "http://www.morganlangille.com/style.css" "Mozilla/5.0 (Macintosh; U; Intel Mac OS X 10.4; en-US; rv:1.9.1.7) Gecko/20091221 Firefox/3.5.7"
71.48.98.15 - - [08/Jan/2010:21:10:27 -0800] "GET /favicon.ico HTTP/1.1" 404 246 "-" "Mozilla/5.0 (Macintosh; U; Intel Mac OS X 10.4; en-US; rv:1.9.1.7) Gecko/20091221 Firefox/3.5.7"
71.48.98.15 - - [08/Jan/2010:21:10:30 -0800] "GET /favicon.ico HTTP/1.1" 404 246 "-" "Mozilla/5.0 (Macintosh; U; Intel Mac OS X 10.4; en-US; rv:1.9.1.7) Gecko/20091221 Firefox/3.5.7"
71.48.98.15 - - [08/Jan/2010:21:10:35 -0800] "GET /current_research.html HTTP/1.1" 200 1104 "http://www.morganlangille.com/" "Mozilla/5.0 (Macintosh; U; Intel Mac OS X 10.4; en-US; rv:1.9.1.7) Gecko/20091221 Firefox/3.5.7"
71.48.98.15 - - [08/Jan/2010:21:10:37 -0800] "GET /past_research.html HTTP/1.1" 200 1106 "http://www.morganlangille.com/current_research.html" "Mozilla/5.0 (Macintosh; U; Intel Mac OS X 10.4; en-US; rv:1.9.1.7) Gecko/20091221 Firefox/3.5.7"
71.48.98.15 - - [08/Jan/2010:21:10:38 -0800] "GET /publications.html HTTP/1.1" 200 3705 "http://www.morganlangille.com/past_research.html" "Mozilla/5.0 (Macintosh; U; Intel Mac OS X 10.4; en-US; rv:1.9.1.7) Gecko/20091221 Firefox/3.5.7"
71.48.98.15 - - [08/Jan/2010:21:11:03 -0800] "GET /cv.html HTTP/1.1" 200 1098 "http://www.morganlangille.com/publications.html" "Mozilla/5.0 (Macintosh; U; Intel Mac OS X 10.4; en-US; rv:1.9.1.7) Gecko/20091221 Firefox/3.5.7"
66.249.71.131 - - [09/Jan/2010:00:15:17 -0800] "GET /robots.txt HTTP/1.1" 404 246 "-" "Mozilla/5.0 (compatible; Googlebot/2.1; +http://www.google.com/bot.html)"
66.249.71.131 - - [09/Jan/2010:00:15:17 -0800] "GET /index.html HTTP/1.1" 304 - "-" "Mozilla/5.0 (compatible; Googlebot/2.1; +http://www.google.com/bot.html)"
66.249.71.3 - - [09/Jan/2010:06:25:45 -0800] "GET /robots.txt HTTP/1.1" 404 243 "-" "Mozilla/5.0 (compatible; Googlebot/2.1; +http://www.google.com/bot.html)"
66.249.71.3 - - [09/Jan/2010:06:25:45 -0800] "GET / HTTP/1.1" 200 1300 "-" "Mozilla/5.0 (compatible; Googlebot/2.1; +http://www.google.com/bot.html)"
208.80.193.35 - - [09/Jan/2010:07:28:21 -0800] "GET / HTTP/1.0" 200 3344 "-" "Mozilla/4.0 (compatible; MSIE 6.0; Windows NT 5.1; {3EB24076-1C92-0F47-A299-230F276A4DEF})"
66.249.71.3 - - [09/Jan/2010:10:44:14 -0800] "GET /robots.txt HTTP/1.1" 404 243 "-" "Mozilla/5.0 (compatible; Googlebot/2.1; +http://www.google.com/bot.html)"
66.249.71.3 - - [09/Jan/2010:10:44:14 -0800] "GET /cv.html HTTP/1.1" 200 1098 "-" "Mozilla/5.0 (compatible; Googlebot/2.1; +http://www.google.com/bot.html)"
66.249.71.3 - - [09/Jan/2010:10:46:17 -0800] "GET /index.html HTTP/1.1" 200 1300 "-" "Mozilla/5.0 (compatible; Googlebot/2.1; +http://www.google.com/bot.html)"
66.249.71.3 - - [09/Jan/2010:10:48:22 -0800] "GET /publications.html HTTP/1.1" 200 3705 "-" "Mozilla/5.0 (compatible; Googlebot/2.1; +http://www.google.com/bot.html)"
66.249.71.3 - - [09/Jan/2010:10:51:51 -0800] "GET /past_research.html HTTP/1.1" 200 1106 "-" "Mozilla/5.0 (compatible; Googlebot/2.1; +http://www.google.com/bot.html)"
66.249.71.3 - - [09/Jan/2010:10:54:59 -0800] "GET /current_research.html HTTP/1.1" 200 1104 "-" "Mozilla/5.0 (compatible; Googlebot/2.1; +http://www.google.com/bot.html)"
69.58.178.29 - - [09/Jan/2010:11:52:31 -0800] "GET /robots.txt HTTP/1.1" 404 296 "-" "Mozilla/5.0 (X11; U; Linux i686; en-US; rv:1.9.1.3; ips-agent) Gecko/20090824 Fedora/1.0.7-1.1.fc4  Firefox/3.5.3"
69.58.178.29 - - [09/Jan/2010:11:52:33 -0800] "GET / HTTP/1.1" 200 3344 "-" "Mozilla/5.0 (X11; U; Linux i686; en-US; rv:1.9.1.3; ips-agent) Gecko/20090824 Fedora/1.0.7-1.1.fc4  Firefox/3.5.3"
69.58.178.29 - - [09/Jan/2010:11:52:34 -0800] "GET /index.html HTTP/1.1" 200 3344 "-" "Mozilla/5.0 (X11; U; Linux i686; en-US; rv:1.9.1.3; ips-agent) Gecko/20090824 Fedora/1.0.7-1.1.fc4  Firefox/3.5.3"
69.58.178.29 - - [09/Jan/2010:11:52:35 -0800] "GET /current_research.html HTTP/1.1" 200 2910 "-" "Mozilla/5.0 (X11; U; Linux i686; en-US; rv:1.9.1.3; ips-agent) Gecko/20090824 Fedora/1.0.7-1.1.fc4  Firefox/3.5.3"
69.58.178.29 - - [09/Jan/2010:11:52:36 -0800] "GET /past_research.html HTTP/1.1" 200 2911 "-" "Mozilla/5.0 (X11; U; Linux i686; en-US; rv:1.9.1.3; ips-agent) Gecko/20090824 Fedora/1.0.7-1.1.fc4  Firefox/3.5.3"
69.58.178.29 - - [09/Jan/2010:11:52:37 -0800] "GET /publications.html HTTP/1.1" 200 10002 "-" "Mozilla/5.0 (X11; U; Linux i686; en-US; rv:1.9.1.3; ips-agent) Gecko/20090824 Fedora/1.0.7-1.1.fc4  Firefox/3.5.3"
69.58.178.29 - - [09/Jan/2010:11:52:38 -0800] "GET /cv.html HTTP/1.1" 200 2892 "-" "Mozilla/5.0 (X11; U; Linux i686; en-US; rv:1.9.1.3; ips-agent) Gecko/20090824 Fedora/1.0.7-1.1.fc4  Firefox/3.5.3"
66.249.71.3 - - [09/Jan/2010:11:53:49 -0800] "GET /current_research.html HTTP/1.1" 200 1104 "-" "Mozilla/5.0 (compatible; Googlebot/2.1; +http://www.google.com/bot.html)"
66.249.71.3 - - [09/Jan/2010:12:34:30 -0800] "GET /index.html HTTP/1.1" 200 1300 "-" "Mozilla/5.0 (compatible; Googlebot/2.1; +http://www.google.com/bot.html)"
66.249.71.3 - - [09/Jan/2010:13:02:04 -0800] "GET /cv.html HTTP/1.1" 200 1098 "-" "Mozilla/5.0 (compatible; Googlebot/2.1; +http://www.google.com/bot.html)"
87.250.255.242 - - [09/Jan/2010:15:58:20 -0800] "GET /robots.txt HTTP/1.1" 404 296 "-" "Yandex/1.01.001 (compatible; Win16; I)"
87.250.255.242 - - [09/Jan/2010:15:58:23 -0800] "GET / HTTP/1.1" 200 1300 "-" "Yandex/1.01.001 (compatible; Win16; I)"
66.249.71.131 - - [09/Jan/2010:17:53:57 -0800] "GET /robots.txt HTTP/1.1" 404 246 "-" "Mozilla/5.0 (compatible; Googlebot/2.1; +http://www.google.com/bot.html)"
66.249.71.131 - - [09/Jan/2010:17:53:57 -0800] "GET /current_research.html HTTP/1.1" 304 - "-" "Mozilla/5.0 (compatible; Googlebot/2.1; +http://www.google.com/bot.html)"
119.63.198.45 - - [09/Jan/2010:18:46:59 -0800] "GET /robots.txt HTTP/1.1" 404 246 "-" "Baiduspider+(+http://www.baidu.com/search/spider.htm)"
67.195.112.175 - - [09/Jan/2010:20:31:55 -0800] "GET /robots.txt HTTP/1.0" 404 243 "-" "Mozilla/5.0 (compatible; Yahoo! Slurp; http://help.yahoo.com/help/us/ysearch/slurp)"
67.195.112.175 - - [09/Jan/2010:20:31:55 -0800] "GET /index.html HTTP/1.0" 200 1300 "-" "Mozilla/5.0 (compatible; Yahoo! Slurp/3.0; http://help.yahoo.com/help/us/ysearch/slurp)"
67.195.112.175 - - [09/Jan/2010:20:31:56 -0800] "GET /style.css HTTP/1.0" 200 1361 "http://morganlangille.com/index.html" "Mozilla/5.0 (compatible; Yahoo! Slurp/3.0; http://help.yahoo.com/help/us/ysearch/slurp)"
66.249.71.3 - - [10/Jan/2010:10:50:55 -0800] "GET /robots.txt HTTP/1.1" 404 243 "-" "Mozilla/5.0 (compatible; Googlebot/2.1; +http://www.google.com/bot.html)"
87.250.255.242 - - [10/Jan/2010:11:30:36 -0800] "GET /robots.txt HTTP/1.1" 404 292 "-" "Yandex/1.01.001 (compatible; Win16; I)"
87.250.255.242 - - [10/Jan/2010:13:14:18 -0800] "GET /index.html HTTP/1.1" 200 1300 "-" "Yandex/1.01.001 (compatible; Win16; I)"
208.80.193.27 - - [10/Jan/2010:15:01:46 -0800] "GET / HTTP/1.0" 200 3344 "-" "Mozilla/4.0 (compatible; MSIE 6.0; AOL 9.1; AOLBuild 4334.34; Windows NT 5.1; SV1; FunWebProducts; .NET CLR 1.1.4322)"
87.250.255.242 - - [10/Jan/2010:15:33:37 -0800] "GET /index.html HTTP/1.1" 200 1300 "-" "Yandex/1.01.001 (compatible; Win16; I)"
87.250.255.242 - - [10/Jan/2010:15:33:37 -0800] "GET /cv.html HTTP/1.1" 304 - "-" "Yandex/1.01.001 (compatible; Win16; I)"
38.100.41.66 - - [10/Jan/2010:16:26:57 -0800] "GET / HTTP/1.1" 200 3344 "-" "Mozilla/4.0 (compatible; MSIE 7.0;  Windows NT 5.2)"
38.100.41.66 - - [10/Jan/2010:16:27:55 -0800] "GET /past_research.html HTTP/1.1" 200 2911 "http://www.morganlangille.com/" "Mozilla/4.0 (compatible; MSIE 7.0;  Windows NT 5.2)"
38.100.41.66 - - [10/Jan/2010:16:27:55 -0800] "GET /publications.html HTTP/1.1" 200 10002 "http://www.morganlangille.com/" "Mozilla/4.0 (compatible; MSIE 7.0;  Windows NT 5.2)"
38.100.41.66 - - [10/Jan/2010:16:27:55 -0800] "GET /index.html HTTP/1.1" 200 3344 "http://www.morganlangille.com/" "Mozilla/4.0 (compatible; MSIE 7.0;  Windows NT 5.2)"
38.100.41.66 - - [10/Jan/2010:16:27:55 -0800] "GET /current_research.html HTTP/1.1" 200 2910 "http://www.morganlangille.com/" "Mozilla/4.0 (compatible; MSIE 7.0;  Windows NT 5.2)"
38.100.41.66 - - [10/Jan/2010:16:27:55 -0800] "GET /cv.html HTTP/1.1" 200 2892 "http://www.morganlangille.com/" "Mozilla/4.0 (compatible; MSIE 7.0;  Windows NT 5.2)"
38.100.41.66 - - [10/Jan/2010:16:27:55 -0800] "GET /style.css HTTP/1.1" 200 5010 "http://www.morganlangille.com/" "Mozilla/4.0 (compatible; MSIE 7.0;  Windows NT 5.2)"
87.250.255.242 - - [10/Jan/2010:16:45:18 -0800] "GET /cv.html HTTP/1.1" 304 - "-" "Yandex/1.01.001 (compatible; Win16; I)"
87.250.255.242 - - [10/Jan/2010:16:45:19 -0800] "GET /robots.txt HTTP/1.1" 404 296 "-" "Yandex/1.01.001 (compatible; Win16; I)"
87.250.255.242 - - [10/Jan/2010:18:00:06 -0800] "GET /past_research.html HTTP/1.1" 304 - "-" "Yandex/1.01.001 (compatible; Win16; I)"
87.250.255.242 - - [10/Jan/2010:18:00:07 -0800] "GET /current_research.html HTTP/1.1" 304 - "-" "Yandex/1.01.001 (compatible; Win16; I)"
119.63.198.62 - - [10/Jan/2010:18:51:12 -0800] "GET /robots.txt HTTP/1.1" 404 246 "-" "Baiduspider+(+http://www.baidu.com/search/spider.htm)"
87.250.255.242 - - [10/Jan/2010:19:22:46 -0800] "GET /past_research.html HTTP/1.1" 304 - "-" "Yandex/1.01.001 (compatible; Win16; I)"
87.250.255.242 - - [10/Jan/2010:19:22:46 -0800] "GET /current_research.html HTTP/1.1" 304 - "-" "Yandex/1.01.001 (compatible; Win16; I)"
87.250.255.242 - - [11/Jan/2010:13:13:04 -0800] "GET /robots.txt HTTP/1.1" 404 296 "-" "Yandex/1.01.001 (compatible; Win16; I)"
87.250.255.242 - - [11/Jan/2010:14:23:11 -0800] "GET /robots.txt HTTP/1.1" 404 292 "-" "Yandex/1.01.001 (compatible; Win16; I)"
87.250.255.242 - - [11/Jan/2010:15:43:51 -0800] "GET / HTTP/1.1" 200 1300 "-" "Yandex/1.01.001 (compatible; Win16; I)"
119.63.198.21 - - [11/Jan/2010:18:49:58 -0800] "GET /robots.txt HTTP/1.1" 404 246 "-" "Baiduspider+(+http://www.baidu.com/search/spider.htm)"
87.250.255.242 - - [11/Jan/2010:20:40:24 -0800] "GET / HTTP/1.1" 200 1300 "-" "Yandex/1.01.001 (compatible; Win16; I)"
87.250.255.242 - - [11/Jan/2010:20:40:24 -0800] "GET /publications.html HTTP/1.1" 304 - "-" "Yandex/1.01.001 (compatible; Win16; I)"
87.250.255.242 - - [11/Jan/2010:22:02:56 -0800] "GET /publications.html HTTP/1.1" 304 - "-" "Yandex/1.01.001 (compatible; Win16; I)"
208.80.193.32 - - [11/Jan/2010:23:16:33 -0800] "GET / HTTP/1.0" 200 3344 "-" "Mozilla/4.0 (compatible; MSIE 7.0; Windows NT 5.1; .NET CLR 1.1.4322; .NET CLR 2.0.50727; InfoPath.1; .NET CLR 3.0.04506.30; Zango 10.0.341.0)"
66.249.71.3 - - [12/Jan/2010:04:55:31 -0800] "GET /robots.txt HTTP/1.1" 404 243 "-" "Mozilla/5.0 (compatible; Googlebot/2.1; +http://www.google.com/bot.html)"
66.249.71.3 - - [12/Jan/2010:04:55:31 -0800] "GET / HTTP/1.1" 200 1300 "-" "Mozilla/5.0 (compatible; Googlebot/2.1; +http://www.google.com/bot.html)"
195.128.18.19 - - [12/Jan/2010:05:42:57 -0800] "GET /robots.txt HTTP/1.0" 404 246 "-" "Mozilla/5.0 (compatible; aiHitBot/1.0; +http://www.aihit.com/)"
195.128.18.19 - - [12/Jan/2010:05:42:59 -0800] "GET / HTTP/1.0" 200 1300 "-" "Mozilla/5.0 (compatible; aiHitBot/1.0; +http://www.aihit.com/)"
66.249.71.3 - - [12/Jan/2010:08:01:45 -0800] "GET /cv.html HTTP/1.1" 304 - "-" "Mozilla/5.0 (compatible; Googlebot/2.1; +http://www.google.com/bot.html)"
66.249.71.3 - - [12/Jan/2010:11:09:34 -0800] "GET /index.html HTTP/1.1" 200 1300 "-" "Mozilla/5.0 (compatible; Googlebot/2.1; +http://www.google.com/bot.html)"
65.55.207.95 - - [12/Jan/2010:13:54:52 -0800] "GET /robots.txt HTTP/1.1" 404 292 "-" "msnbot/2.0b (+http://search.msn.com/msnbot.htm)"
65.55.207.95 - - [12/Jan/2010:13:55:38 -0800] "GET / HTTP/1.1" 200 1300 "-" "msnbot/2.0b (+http://search.msn.com/msnbot.htm)"
136.142.169.66 - - [13/Jan/2010:11:49:23 -0800] "GET /publications.html HTTP/1.1" 200 3705 "http://www.google.com/search?hl=en&ei=eiNOS6zaKcmUtgeBtNXxDA&sa=X&oi=spellfullpage&resnum=0&ct=result&cd=2&ved=0CAcQvwUoAQ&&q=morgan+genomics+university+british+columbia&spell=1" "Mozilla/5.0 (Windows; U; Windows NT 6.0; en-US; rv:1.9.1.7) Gecko/20091221 Firefox/3.5.7 (.NET CLR 3.5.30729)"
136.142.169.66 - - [13/Jan/2010:11:49:23 -0800] "GET /style.css HTTP/1.1" 200 1361 "http://morganlangille.com/publications.html" "Mozilla/5.0 (Windows; U; Windows NT 6.0; en-US; rv:1.9.1.7) Gecko/20091221 Firefox/3.5.7 (.NET CLR 3.5.30729)"
136.142.169.66 - - [13/Jan/2010:11:49:23 -0800] "GET /images/img01.jpg HTTP/1.1" 200 720 "http://morganlangille.com/style.css" "Mozilla/5.0 (Windows; U; Windows NT 6.0; en-US; rv:1.9.1.7) Gecko/20091221 Firefox/3.5.7 (.NET CLR 3.5.30729)"
136.142.169.66 - - [13/Jan/2010:11:49:23 -0800] "GET /favicon.ico HTTP/1.1" 404 243 "-" "Mozilla/5.0 (Windows; U; Windows NT 6.0; en-US; rv:1.9.1.7) Gecko/20091221 Firefox/3.5.7 (.NET CLR 3.5.30729)"
136.142.169.66 - - [13/Jan/2010:11:49:27 -0800] "GET /index.html HTTP/1.1" 200 1300 "http://morganlangille.com/publications.html" "Mozilla/5.0 (Windows; U; Windows NT 6.0; en-US; rv:1.9.1.7) Gecko/20091221 Firefox/3.5.7 (.NET CLR 3.5.30729)"
136.142.169.66 - - [13/Jan/2010:11:49:27 -0800] "GET /images/Morgan.jpg HTTP/1.1" 200 29830 "http://morganlangille.com/index.html" "Mozilla/5.0 (Windows; U; Windows NT 6.0; en-US; rv:1.9.1.7) Gecko/20091221 Firefox/3.5.7 (.NET CLR 3.5.30729)"
136.142.169.66 - - [13/Jan/2010:11:49:43 -0800] "GET /current_research.html HTTP/1.1" 200 1104 "http://morganlangille.com/index.html" "Mozilla/5.0 (Windows; U; Windows NT 6.0; en-US; rv:1.9.1.7) Gecko/20091221 Firefox/3.5.7 (.NET CLR 3.5.30729)"
136.142.169.66 - - [13/Jan/2010:11:49:45 -0800] "GET /past_research.html HTTP/1.1" 200 1106 "http://morganlangille.com/current_research.html" "Mozilla/5.0 (Windows; U; Windows NT 6.0; en-US; rv:1.9.1.7) Gecko/20091221 Firefox/3.5.7 (.NET CLR 3.5.30729)"
136.142.169.66 - - [13/Jan/2010:11:49:55 -0800] "GET /cv.html HTTP/1.1" 200 1098 "http://morganlangille.com/publications.html" "Mozilla/5.0 (Windows; U; Windows NT 6.0; en-US; rv:1.9.1.7) Gecko/20091221 Firefox/3.5.7 (.NET CLR 3.5.30729)"
67.202.34.187 - - [13/Jan/2010:12:55:57 -0800] "GET / HTTP/1.0" 200 3344 "-" "Mozilla/5.0 (compatible; NetcraftSurveyAgent/1.0; +info@netcraft.com)"
136.142.169.66 - - [13/Jan/2010:13:06:13 -0800] "GET /favicon.ico HTTP/1.1" 404 243 "-" "Mozilla/5.0 (Windows; U; Windows NT 6.0; en-US; rv:1.9.1.7) Gecko/20091221 Firefox/3.5.7 (.NET CLR 3.5.30729)"
24.113.187.2 - - [13/Jan/2010:14:39:45 -0800] "GET / HTTP/1.1" 200 1300 "http://www.google.com/search?q=morganlangille&ie=utf-8&oe=utf-8&aq=t&rls=org.mozilla:en-US:official&client=firefox-a" "Mozilla/5.0 (Windows; U; Windows NT 6.1; en-US; rv:1.9.1.7) Gecko/20091221 Firefox/3.5.7"
24.113.187.2 - - [13/Jan/2010:14:39:45 -0800] "GET /style.css HTTP/1.1" 200 1361 "http://morganlangille.com/" "Mozilla/5.0 (Windows; U; Windows NT 6.1; en-US; rv:1.9.1.7) Gecko/20091221 Firefox/3.5.7"
24.113.187.2 - - [13/Jan/2010:14:39:46 -0800] "GET /images/Morgan.jpg HTTP/1.1" 200 29830 "http://morganlangille.com/" "Mozilla/5.0 (Windows; U; Windows NT 6.1; en-US; rv:1.9.1.7) Gecko/20091221 Firefox/3.5.7"
24.113.187.2 - - [13/Jan/2010:14:39:46 -0800] "GET /images/img01.jpg HTTP/1.1" 200 720 "http://morganlangille.com/style.css" "Mozilla/5.0 (Windows; U; Windows NT 6.1; en-US; rv:1.9.1.7) Gecko/20091221 Firefox/3.5.7"
24.113.187.2 - - [13/Jan/2010:14:39:46 -0800] "GET /favicon.ico HTTP/1.1" 404 243 "-" "Mozilla/5.0 (Windows; U; Windows NT 6.1; en-US; rv:1.9.1.7) Gecko/20091221 Firefox/3.5.7"
24.113.187.2 - - [13/Jan/2010:14:39:47 -0800] "GET /favicon.ico HTTP/1.1" 404 243 "-" "Mozilla/5.0 (Windows; U; Windows NT 6.1; en-US; rv:1.9.1.7) Gecko/20091221 Firefox/3.5.7"
66.249.71.3 - - [13/Jan/2010:20:37:27 -0800] "GET /robots.txt HTTP/1.1" 404 243 "-" "Mozilla/5.0 (compatible; Googlebot/2.1; +http://www.google.com/bot.html)"
66.249.71.3 - - [13/Jan/2010:20:37:27 -0800] "GET /current_research.html HTTP/1.1" 304 - "-" "Mozilla/5.0 (compatible; Googlebot/2.1; +http://www.google.com/bot.html)"
66.249.71.3 - - [13/Jan/2010:22:27:48 -0800] "GET /publications.html HTTP/1.1" 304 - "-" "Mozilla/5.0 (compatible; Googlebot/2.1; +http://www.google.com/bot.html)"
208.80.193.38 - - [14/Jan/2010:01:42:37 -0800] "GET / HTTP/1.0" 200 3344 "-" "Mozilla/4.0 (compatible; MSIE 7.0; Windows NT 5.1; ZangoToolbar 4.8.2; .NET CLR 2.0.50727)"
142.167.24.86 - - [14/Jan/2010:04:06:26 -0800] "GET / HTTP/1.1" 200 1300 "-" "Mozilla/4.0 (compatible; MSIE 8.0; Windows NT 6.0; Trident/4.0; GTB6; SLCC1; .NET CLR 2.0.50727; Media Center PC 5.0; .NET CLR 3.5.30729; .NET CLR 3.0.30729; AskTB5.5)"
142.167.24.86 - - [14/Jan/2010:04:06:27 -0800] "GET /style.css HTTP/1.1" 200 1361 "http://www.morganlangille.com/" "Mozilla/4.0 (compatible; MSIE 8.0; Windows NT 6.0; Trident/4.0; GTB6; SLCC1; .NET CLR 2.0.50727; Media Center PC 5.0; .NET CLR 3.5.30729; .NET CLR 3.0.30729; AskTB5.5)"
142.167.24.86 - - [14/Jan/2010:04:06:27 -0800] "GET /style.css HTTP/1.1" 200 1361 "http://www.morganlangille.com/" "Mozilla/4.0 (compatible; MSIE 8.0; Windows NT 6.0; Trident/4.0; GTB6; SLCC1; .NET CLR 2.0.50727; Media Center PC 5.0; .NET CLR 3.5.30729; .NET CLR 3.0.30729; AskTB5.5)"
142.167.24.86 - - [14/Jan/2010:04:06:27 -0800] "GET /images/Morgan.jpg HTTP/1.1" 200 29830 "http://www.morganlangille.com/" "Mozilla/4.0 (compatible; MSIE 8.0; Windows NT 6.0; Trident/4.0; GTB6; SLCC1; .NET CLR 2.0.50727; Media Center PC 5.0; .NET CLR 3.5.30729; .NET CLR 3.0.30729; AskTB5.5)"
142.167.24.86 - - [14/Jan/2010:04:06:27 -0800] "GET /images/img01.jpg HTTP/1.1" 200 720 "http://www.morganlangille.com/" "Mozilla/4.0 (compatible; MSIE 8.0; Windows NT 6.0; Trident/4.0; GTB6; SLCC1; .NET CLR 2.0.50727; Media Center PC 5.0; .NET CLR 3.5.30729; .NET CLR 3.0.30729; AskTB5.5)"
142.167.24.86 - - [14/Jan/2010:04:07:27 -0800] "GET /current_research.html HTTP/1.1" 200 1104 "http://www.morganlangille.com/" "Mozilla/4.0 (compatible; MSIE 8.0; Windows NT 6.0; Trident/4.0; GTB6; SLCC1; .NET CLR 2.0.50727; Media Center PC 5.0; .NET CLR 3.5.30729; .NET CLR 3.0.30729; AskTB5.5)"
142.167.24.86 - - [14/Jan/2010:04:07:31 -0800] "GET /past_research.html HTTP/1.1" 200 1106 "http://www.morganlangille.com/current_research.html" "Mozilla/4.0 (compatible; MSIE 8.0; Windows NT 6.0; Trident/4.0; GTB6; SLCC1; .NET CLR 2.0.50727; Media Center PC 5.0; .NET CLR 3.5.30729; .NET CLR 3.0.30729; AskTB5.5)"
142.167.24.86 - - [14/Jan/2010:04:07:33 -0800] "GET /publications.html HTTP/1.1" 200 3705 "http://www.morganlangille.com/past_research.html" "Mozilla/4.0 (compatible; MSIE 8.0; Windows NT 6.0; Trident/4.0; GTB6; SLCC1; .NET CLR 2.0.50727; Media Center PC 5.0; .NET CLR 3.5.30729; .NET CLR 3.0.30729; AskTB5.5)"
142.167.24.86 - - [14/Jan/2010:04:07:45 -0800] "GET /cv.html HTTP/1.1" 200 1098 "http://www.morganlangille.com/publications.html" "Mozilla/4.0 (compatible; MSIE 8.0; Windows NT 6.0; Trident/4.0; GTB6; SLCC1; .NET CLR 2.0.50727; Media Center PC 5.0; .NET CLR 3.5.30729; .NET CLR 3.0.30729; AskTB5.5)"
142.167.24.86 - - [14/Jan/2010:04:07:57 -0800] "GET /index.html HTTP/1.1" 200 1300 "http://www.morganlangille.com/publications.html" "Mozilla/4.0 (compatible; MSIE 8.0; Windows NT 6.0; Trident/4.0; GTB6; SLCC1; .NET CLR 2.0.50727; Media Center PC 5.0; .NET CLR 3.5.30729; .NET CLR 3.0.30729; AskTB5.5)"
67.195.112.175 - - [14/Jan/2010:06:00:29 -0800] "GET /robots.txt HTTP/1.0" 404 243 "-" "Mozilla/5.0 (compatible; Yahoo! Slurp; http://help.yahoo.com/help/us/ysearch/slurp)"
67.195.112.175 - - [14/Jan/2010:06:00:29 -0800] "GET / HTTP/1.0" 200 1300 "-" "Mozilla/5.0 (compatible; Yahoo! Slurp/3.0; http://help.yahoo.com/help/us/ysearch/slurp)"
67.195.112.175 - - [14/Jan/2010:06:00:32 -0800] "GET /style.css HTTP/1.0" 200 1361 "http://morganlangille.com/" "Mozilla/5.0 (compatible; Yahoo! Slurp/3.0; http://help.yahoo.com/help/us/ysearch/slurp)"
142.167.24.86 - - [14/Jan/2010:07:12:33 -0800] "GET / HTTP/1.1" 304 - "-" "Mozilla/4.0 (compatible; MSIE 8.0; Windows NT 6.0; Trident/4.0; GTB6; SLCC1; .NET CLR 2.0.50727; Media Center PC 5.0; .NET CLR 3.5.30729; .NET CLR 3.0.30729; AskTB5.5)"
142.167.24.86 - - [14/Jan/2010:07:12:34 -0800] "GET /style.css HTTP/1.1" 304 - "http://www.morganlangille.com/" "Mozilla/4.0 (compatible; MSIE 8.0; Windows NT 6.0; Trident/4.0; GTB6; SLCC1; .NET CLR 2.0.50727; Media Center PC 5.0; .NET CLR 3.5.30729; .NET CLR 3.0.30729; AskTB5.5)"
142.167.24.86 - - [14/Jan/2010:07:12:34 -0800] "GET /style.css HTTP/1.1" 304 - "http://www.morganlangille.com/" "Mozilla/4.0 (compatible; MSIE 8.0; Windows NT 6.0; Trident/4.0; GTB6; SLCC1; .NET CLR 2.0.50727; Media Center PC 5.0; .NET CLR 3.5.30729; .NET CLR 3.0.30729; AskTB5.5)"
142.167.24.86 - - [14/Jan/2010:07:12:34 -0800] "GET /images/Morgan.jpg HTTP/1.1" 304 - "http://www.morganlangille.com/" "Mozilla/4.0 (compatible; MSIE 8.0; Windows NT 6.0; Trident/4.0; GTB6; SLCC1; .NET CLR 2.0.50727; Media Center PC 5.0; .NET CLR 3.5.30729; .NET CLR 3.0.30729; AskTB5.5)"
142.167.24.86 - - [14/Jan/2010:07:12:34 -0800] "GET /images/img01.jpg HTTP/1.1" 304 - "http://www.morganlangille.com/" "Mozilla/4.0 (compatible; MSIE 8.0; Windows NT 6.0; Trident/4.0; GTB6; SLCC1; .NET CLR 2.0.50727; Media Center PC 5.0; .NET CLR 3.5.30729; .NET CLR 3.0.30729; AskTB5.5)"
193.47.80.46 - - [14/Jan/2010:07:12:47 -0800] "GET /robots.txt HTTP/1.1" 404 246 "-" "Mozilla/5.0 (compatible; Exabot/3.0; +http://www.exabot.com/go/robot)"
193.47.80.46 - - [14/Jan/2010:07:12:48 -0800] "GET /cv.html HTTP/1.1" 200 1098 "-" "Mozilla/5.0 (compatible; Exabot/3.0; +http://www.exabot.com/go/robot)"
142.167.24.86 - - [14/Jan/2010:07:12:54 -0800] "GET /current_research.html HTTP/1.1" 304 - "http://www.morganlangille.com/" "Mozilla/4.0 (compatible; MSIE 8.0; Windows NT 6.0; Trident/4.0; GTB6; SLCC1; .NET CLR 2.0.50727; Media Center PC 5.0; .NET CLR 3.5.30729; .NET CLR 3.0.30729; AskTB5.5)"
142.167.24.86 - - [14/Jan/2010:07:13:04 -0800] "GET /past_research.html HTTP/1.1" 304 - "http://www.morganlangille.com/current_research.html" "Mozilla/4.0 (compatible; MSIE 8.0; Windows NT 6.0; Trident/4.0; GTB6; SLCC1; .NET CLR 2.0.50727; Media Center PC 5.0; .NET CLR 3.5.30729; .NET CLR 3.0.30729; AskTB5.5)"
142.167.24.86 - - [14/Jan/2010:07:13:16 -0800] "GET /publications.html HTTP/1.1" 304 - "http://www.morganlangille.com/past_research.html" "Mozilla/4.0 (compatible; MSIE 8.0; Windows NT 6.0; Trident/4.0; GTB6; SLCC1; .NET CLR 2.0.50727; Media Center PC 5.0; .NET CLR 3.5.30729; .NET CLR 3.0.30729; AskTB5.5)"
142.167.24.86 - - [14/Jan/2010:07:14:41 -0800] "GET /cv.html HTTP/1.1" 304 - "http://www.morganlangille.com/publications.html" "Mozilla/4.0 (compatible; MSIE 8.0; Windows NT 6.0; Trident/4.0; GTB6; SLCC1; .NET CLR 2.0.50727; Media Center PC 5.0; .NET CLR 3.5.30729; .NET CLR 3.0.30729; AskTB5.5)"
142.167.24.86 - - [14/Jan/2010:07:14:46 -0800] "GET /index.html HTTP/1.1" 304 - "http://www.morganlangille.com/cv.html" "Mozilla/4.0 (compatible; MSIE 8.0; Windows NT 6.0; Trident/4.0; GTB6; SLCC1; .NET CLR 2.0.50727; Media Center PC 5.0; .NET CLR 3.5.30729; .NET CLR 3.0.30729; AskTB5.5)"
87.250.255.242 - - [14/Jan/2010:14:28:02 -0800] "GET /robots.txt HTTP/1.1" 404 292 "-" "Yandex/1.01.001 (compatible; Win16; I)"
87.250.255.242 - - [14/Jan/2010:14:44:45 -0800] "GET /robots.txt HTTP/1.1" 404 296 "-" "Yandex/1.01.001 (compatible; Win16; I)"
87.250.255.242 - - [14/Jan/2010:16:28:01 -0800] "GET / HTTP/1.1" 200 1300 "-" "Yandex/1.01.001 (compatible; Win16; I)"
87.250.255.242 - - [14/Jan/2010:16:28:02 -0800] "GET /index.html HTTP/1.1" 200 1300 "-" "Yandex/1.01.001 (compatible; Win16; I)"
87.250.255.242 - - [14/Jan/2010:16:46:49 -0800] "GET /index.html HTTP/1.1" 200 1300 "-" "Yandex/1.01.001 (compatible; Win16; I)"
87.250.255.242 - - [14/Jan/2010:16:46:50 -0800] "GET /past_research.html HTTP/1.1" 304 - "-" "Yandex/1.01.001 (compatible; Win16; I)"
87.250.255.242 - - [14/Jan/2010:17:26:31 -0800] "GET /cv.html HTTP/1.1" 304 - "-" "Yandex/1.01.001 (compatible; Win16; I)"
87.250.255.242 - - [14/Jan/2010:17:26:32 -0800] "GET /current_research.html HTTP/1.1" 304 - "-" "Yandex/1.01.001 (compatible; Win16; I)"
87.250.255.242 - - [14/Jan/2010:18:08:33 -0800] "GET /current_research.html HTTP/1.1" 304 - "-" "Yandex/1.01.001 (compatible; Win16; I)"
87.250.255.242 - - [14/Jan/2010:18:08:34 -0800] "GET /publications.html HTTP/1.1" 304 - "-" "Yandex/1.01.001 (compatible; Win16; I)"
87.250.255.242 - - [14/Jan/2010:21:02:41 -0800] "GET /publications.html HTTP/1.1" 304 - "-" "Yandex/1.01.001 (compatible; Win16; I)"
87.250.255.242 - - [14/Jan/2010:21:02:42 -0800] "GET /cv.html HTTP/1.1" 304 - "-" "Yandex/1.01.001 (compatible; Win16; I)"
87.250.255.242 - - [14/Jan/2010:21:25:27 -0800] "GET /past_research.html HTTP/1.1" 304 - "-" "Yandex/1.01.001 (compatible; Win16; I)"
87.250.255.242 - - [14/Jan/2010:23:18:22 -0800] "GET /cv.html HTTP/1.1" 304 - "-" "Yandex/1.01.001 (compatible; Win16; I)"
87.250.255.242 - - [15/Jan/2010:08:28:33 -0800] "GET /publications.html HTTP/1.1" 304 - "-" "Yandex/1.01.001 (compatible; Win16; I)"
208.80.193.30 - - [15/Jan/2010:09:13:33 -0800] "GET / HTTP/1.0" 200 3344 "-" "Mozilla/4.0 (compatible; MSIE 6.0; Windows NT 5.0; H010818; .NET CLR 1.1.4322)"
87.250.255.242 - - [15/Jan/2010:17:17:06 -0800] "GET /robots.txt HTTP/1.1" 404 292 "-" "Yandex/1.01.001 (compatible; Win16; I)"
87.250.255.242 - - [15/Jan/2010:19:15:32 -0800] "GET / HTTP/1.1" 200 1300 "-" "Yandex/1.01.001 (compatible; Win16; I)"
216.145.14.142 - - [16/Jan/2010:11:55:34 -0800] "GET /robots.txt HTTP/1.0" 404 296 "-" "Mozilla/5.0 (Windows; U; Windows NT 5.1; en; rv:1.9.0.13) Gecko/2009073022 Firefox/3.5.2 (.NET CLR 3.5.30729) SurveyBot/2.3 (DomainTools)"
216.145.14.142 - - [16/Jan/2010:11:55:34 -0800] "GET / HTTP/1.1" 200 1300 "http://whois.domaintools.com/morganlangille.com" "Mozilla/5.0 (Windows; U; Windows NT 5.1; en; rv:1.9.0.13) Gecko/2009073022 Firefox/3.5.2 (.NET CLR 3.5.30729) SurveyBot/2.3 (DomainTools)"
208.80.193.38 - - [16/Jan/2010:16:36:46 -0800] "GET / HTTP/1.0" 200 3344 "-" "Mozilla/4.0 (compatible; MSIE 6.0; Windows NT 5.1; StumbleUpon.com 1.763; SV1; FunWebProducts; (R1 1.3); .NET CLR 1.0.3705; ZangoToolbar 4.8.3)"
87.250.255.242 - - [16/Jan/2010:18:19:10 -0800] "GET /robots.txt HTTP/1.1" 404 296 "-" "Yandex/1.01.001 (compatible; Win16; I)"
87.250.255.242 - - [16/Jan/2010:18:19:12 -0800] "GET / HTTP/1.1" 304 - "-" "Yandex/1.01.001 (compatible; Win16; I)"
65.55.106.233 - - [16/Jan/2010:22:04:01 -0800] "GET /robots.txt HTTP/1.1" 404 292 "-" "msnbot/2.0b (+http://search.msn.com/msnbot.htm)"
65.55.106.233 - - [16/Jan/2010:22:04:37 -0800] "GET / HTTP/1.1" 200 1300 "-" "msnbot/2.0b (+http://search.msn.com/msnbot.htm)"
66.249.71.3 - - [16/Jan/2010:22:43:21 -0800] "GET /robots.txt HTTP/1.1" 404 243 "-" "Googlebot-Image/1.0"
66.249.71.3 - - [16/Jan/2010:22:43:21 -0800] "GET /images/Morgan.jpg HTTP/1.1" 304 - "-" "Googlebot-Image/1.0"
87.250.255.242 - - [17/Jan/2010:09:40:53 -0800] "GET /past_research.html HTTP/1.1" 304 - "-" "Yandex/1.01.001 (compatible; Win16; I)"
89.122.29.81 - - [17/Jan/2010:10:02:01 -0800] "GET / HTTP/1.1" 200 3344 "-" "Java/1.6.0_04"
89.122.29.81 - - [17/Jan/2010:10:02:02 -0800] "GET /current_research.html HTTP/1.1" 200 2910 "-" "Java/1.6.0_04"
89.122.29.81 - - [17/Jan/2010:10:02:02 -0800] "GET /cv.html HTTP/1.1" 200 2892 "-" "Java/1.6.0_04"
89.122.29.81 - - [17/Jan/2010:10:02:02 -0800] "GET /index.html HTTP/1.1" 200 3344 "-" "Java/1.6.0_04"
89.122.29.81 - - [17/Jan/2010:10:02:03 -0800] "GET /past_research.html HTTP/1.1" 200 2911 "-" "Java/1.6.0_04"
