89.122.29.81 - - [17/Jan/2010:10:02:03 -0800] "GET /publications.html HTTP/1.1" 200 10002 "-" "Java/1.6.0_04"
87.250.255.242 - - [17/Jan/2010:10:56:47 -0800] "GET /robots.txt HTTP/1.1" 404 292 "-" "Yandex/1.01.001 (compatible; Win16; I)"
38.100.8.50 - - [17/Jan/2010:11:02:54 -0800] "GET /robots.txt HTTP/1.1" 404 296 "-" "panscient.com"
38.100.8.50 - - [17/Jan/2010:11:02:54 -0800] "GET / HTTP/1.1" 200 1300 "-" "panscient.com"
38.100.8.50 - - [17/Jan/2010:11:02:56 -0800] "GET /publications.html HTTP/1.1" 200 3705 "-" "panscient.com"
38.100.8.50 - - [17/Jan/2010:11:02:57 -0800] "GET /current_research.html HTTP/1.1" 200 1104 "-" "panscient.com"
38.100.8.50 - - [17/Jan/2010:11:02:58 -0800] "GET /index.html HTTP/1.1" 200 1300 "-" "panscient.com"
38.100.8.50 - - [17/Jan/2010:11:03:00 -0800] "GET /past_research.html HTTP/1.1" 200 1106 "-" "panscient.com"
38.100.8.50 - - [17/Jan/2010:11:03:01 -0800] "GET /cv.html HTTP/1.1" 200 1098 "-" "panscient.com"
87.250.255.242 - - [17/Jan/2010:12:28:41 -0800] "GET /current_research.html HTTP/1.1" 304 - "-" "Yandex/1.01.001 (compatible; Win16; I)"
87.250.255.242 - - [17/Jan/2010:12:28:42 -0800] "GET /current_research.html HTTP/1.1" 304 - "-" "Yandex/1.01.001 (compatible; Win16; I)"
87.250.255.242 - - [17/Jan/2010:13:19:53 -0800] "GET /cv.html HTTP/1.1" 304 - "-" "Yandex/1.01.001 (compatible; Win16; I)"
87.250.255.242 - - [17/Jan/2010:13:19:54 -0800] "GET /cv.html HTTP/1.1" 304 - "-" "Yandex/1.01.001 (compatible; Win16; I)"
87.250.255.242 - - [17/Jan/2010:19:23:33 -0800] "GET /past_research.html HTTP/1.1" 304 - "-" "Yandex/1.01.001 (compatible; Win16; I)"
208.80.193.34 - - [18/Jan/2010:00:13:09 -0800] "GET / HTTP/1.0" 200 3344 "-" "Mozilla/4.0 (compatible; MSIE 6.0; America Online Browser 1.1; rev1.2; Windows NT 5.1; SV1; YPC 3.0.3; FunWebProducts; .NET CLR 1.1.4322)"
66.249.71.3 - - [18/Jan/2010:10:09:58 -0800] "GET /robots.txt HTTP/1.1" 404 243 "-" "Mozilla/5.0 (compatible; Googlebot/2.1; +http://www.google.com/bot.html)"
66.249.71.3 - - [18/Jan/2010:10:09:58 -0800] "GET / HTTP/1.1" 200 1300 "-" "Mozilla/5.0 (compatible; Googlebot/2.1; +http://www.google.com/bot.html)"
87.250.255.242 - - [18/Jan/2010:11:32:11 -0800] "GET /robots.txt HTTP/1.1" 404 296 "-" "Yandex/1.01.001 (compatible; Win16; I)"
66.249.71.3 - - [18/Jan/2010:12:08:38 -0800] "GET /cv.html HTTP/1.1" 304 - "-" "Mozilla/5.0 (compatible; Googlebot/2.1; +http://www.google.com/bot.html)"
66.249.71.3 - - [18/Jan/2010:14:05:40 -0800] "GET /index.html HTTP/1.1" 200 1300 "-" "Mozilla/5.0 (compatible; Googlebot/2.1; +http://www.google.com/bot.html)"
87.250.255.242 - - [18/Jan/2010:14:59:11 -0800] "GET /index.html HTTP/1.1" 200 1300 "-" "Yandex/1.01.001 (compatible; Win16; I)"
142.167.27.162 - - [18/Jan/2010:17:30:04 -0800] "GET / HTTP/1.1" 200 1300 "-" "Mozilla/4.0 (compatible; MSIE 8.0; Windows NT 6.0; Trident/4.0; GTB6; SLCC1; .NET CLR 2.0.50727; Media Center PC 5.0; .NET CLR 3.5.30729; .NET CLR 3.0.30729; AskTB5.5)"
142.167.27.162 - - [18/Jan/2010:17:30:07 -0800] "GET /style.css HTTP/1.1" 200 1361 "http://www.morganlangille.com/" "Mozilla/4.0 (compatible; MSIE 8.0; Windows NT 6.0; Trident/4.0; GTB6; SLCC1; .NET CLR 2.0.50727; Media Center PC 5.0; .NET CLR 3.5.30729; .NET CLR 3.0.30729; AskTB5.5)"
142.167.27.162 - - [18/Jan/2010:17:30:08 -0800] "GET /style.css HTTP/1.1" 200 1361 "http://www.morganlangille.com/" "Mozilla/4.0 (compatible; MSIE 8.0; Windows NT 6.0; Trident/4.0; GTB6; SLCC1; .NET CLR 2.0.50727; Media Center PC 5.0; .NET CLR 3.5.30729; .NET CLR 3.0.30729; AskTB5.5)"
142.167.27.162 - - [18/Jan/2010:17:30:08 -0800] "GET /images/img01.jpg HTTP/1.1" 200 720 "http://www.morganlangille.com/" "Mozilla/4.0 (compatible; MSIE 8.0; Windows NT 6.0; Trident/4.0; GTB6; SLCC1; .NET CLR 2.0.50727; Media Center PC 5.0; .NET CLR 3.5.30729; .NET CLR 3.0.30729; AskTB5.5)"
142.167.27.162 - - [18/Jan/2010:17:30:08 -0800] "GET /images/Morgan.jpg HTTP/1.1" 200 29830 "http://www.morganlangille.com/" "Mozilla/4.0 (compatible; MSIE 8.0; Windows NT 6.0; Trident/4.0; GTB6; SLCC1; .NET CLR 2.0.50727; Media Center PC 5.0; .NET CLR 3.5.30729; .NET CLR 3.0.30729; AskTB5.5)"
142.167.27.162 - - [18/Jan/2010:17:30:12 -0800] "GET /favicon.ico HTTP/1.1" 404 246 "-" "Mozilla/4.0 (compatible; MSIE 8.0; Windows NT 6.0; Trident/4.0; GTB6; SLCC1; .NET CLR 2.0.50727; Media Center PC 5.0; .NET CLR 3.5.30729; .NET CLR 3.0.30729; AskTB5.5)"
142.167.27.162 - - [18/Jan/2010:17:30:20 -0800] "GET /current_research.html HTTP/1.1" 200 1104 "http://www.morganlangille.com/" "Mozilla/4.0 (compatible; MSIE 8.0; Windows NT 6.0; Trident/4.0; GTB6; SLCC1; .NET CLR 2.0.50727; Media Center PC 5.0; .NET CLR 3.5.30729; .NET CLR 3.0.30729; AskTB5.5)"
142.167.27.162 - - [18/Jan/2010:17:30:21 -0800] "GET /favicon.ico HTTP/1.1" 404 246 "-" "Mozilla/4.0 (compatible; MSIE 8.0; Windows NT 6.0; Trident/4.0; GTB6; SLCC1; .NET CLR 2.0.50727; Media Center PC 5.0; .NET CLR 3.5.30729; .NET CLR 3.0.30729; AskTB5.5)"
142.167.27.162 - - [18/Jan/2010:17:30:23 -0800] "GET /past_research.html HTTP/1.1" 200 1106 "http://www.morganlangille.com/current_research.html" "Mozilla/4.0 (compatible; MSIE 8.0; Windows NT 6.0; Trident/4.0; GTB6; SLCC1; .NET CLR 2.0.50727; Media Center PC 5.0; .NET CLR 3.5.30729; .NET CLR 3.0.30729; AskTB5.5)"
142.167.27.162 - - [18/Jan/2010:17:30:25 -0800] "GET /publications.html HTTP/1.1" 200 3705 "http://www.morganlangille.com/past_research.html" "Mozilla/4.0 (compatible; MSIE 8.0; Windows NT 6.0; Trident/4.0; GTB6; SLCC1; .NET CLR 2.0.50727; Media Center PC 5.0; .NET CLR 3.5.30729; .NET CLR 3.0.30729; AskTB5.5)"
142.167.27.162 - - [18/Jan/2010:17:30:53 -0800] "GET / HTTP/1.1" 304 - "-" "Mozilla/4.0 (compatible; MSIE 8.0; Windows NT 6.0; Trident/4.0; GTB6; SLCC1; .NET CLR 2.0.50727; Media Center PC 5.0; .NET CLR 3.5.30729; .NET CLR 3.0.30729; AskTB5.5)"
142.167.27.162 - - [18/Jan/2010:17:30:54 -0800] "GET /style.css HTTP/1.1" 304 - "http://www.morganlangille.com/" "Mozilla/4.0 (compatible; MSIE 8.0; Windows NT 6.0; Trident/4.0; GTB6; SLCC1; .NET CLR 2.0.50727; Media Center PC 5.0; .NET CLR 3.5.30729; .NET CLR 3.0.30729; AskTB5.5)"
142.167.27.162 - - [18/Jan/2010:17:30:54 -0800] "GET /style.css HTTP/1.1" 304 - "http://www.morganlangille.com/" "Mozilla/4.0 (compatible; MSIE 8.0; Windows NT 6.0; Trident/4.0; GTB6; SLCC1; .NET CLR 2.0.50727; Media Center PC 5.0; .NET CLR 3.5.30729; .NET CLR 3.0.30729; AskTB5.5)"
142.167.27.162 - - [18/Jan/2010:17:30:54 -0800] "GET /images/Morgan.jpg HTTP/1.1" 304 - "http://www.morganlangille.com/" "Mozilla/4.0 (compatible; MSIE 8.0; Windows NT 6.0; Trident/4.0; GTB6; SLCC1; .NET CLR 2.0.50727; Media Center PC 5.0; .NET CLR 3.5.30729; .NET CLR 3.0.30729; AskTB5.5)"
142.167.27.162 - - [18/Jan/2010:17:30:54 -0800] "GET /images/img01.jpg HTTP/1.1" 304 - "http://www.morganlangille.com/" "Mozilla/4.0 (compatible; MSIE 8.0; Windows NT 6.0; Trident/4.0; GTB6; SLCC1; .NET CLR 2.0.50727; Media Center PC 5.0; .NET CLR 3.5.30729; .NET CLR 3.0.30729; AskTB5.5)"
142.167.27.162 - - [18/Jan/2010:18:09:14 -0800] "GET / HTTP/1.1" 304 - "-" "Mozilla/4.0 (compatible; MSIE 8.0; Windows NT 6.0; Trident/4.0; GTB6; SLCC1; .NET CLR 2.0.50727; Media Center PC 5.0; .NET CLR 3.5.30729; .NET CLR 3.0.30729; AskTB5.5)"
142.167.27.162 - - [18/Jan/2010:18:09:14 -0800] "GET /style.css HTTP/1.1" 304 - "http://www.morganlangille.com/" "Mozilla/4.0 (compatible; MSIE 8.0; Windows NT 6.0; Trident/4.0; GTB6; SLCC1; .NET CLR 2.0.50727; Media Center PC 5.0; .NET CLR 3.5.30729; .NET CLR 3.0.30729; AskTB5.5)"
142.167.27.162 - - [18/Jan/2010:18:09:14 -0800] "GET /style.css HTTP/1.1" 304 - "http://www.morganlangille.com/" "Mozilla/4.0 (compatible; MSIE 8.0; Windows NT 6.0; Trident/4.0; GTB6; SLCC1; .NET CLR 2.0.50727; Media Center PC 5.0; .NET CLR 3.5.30729; .NET CLR 3.0.30729; AskTB5.5)"
142.167.27.162 - - [18/Jan/2010:18:09:14 -0800] "GET /images/Morgan.jpg HTTP/1.1" 304 - "http://www.morganlangille.com/" "Mozilla/4.0 (compatible; MSIE 8.0; Windows NT 6.0; Trident/4.0; GTB6; SLCC1; .NET CLR 2.0.50727; Media Center PC 5.0; .NET CLR 3.5.30729; .NET CLR 3.0.30729; AskTB5.5)"
142.167.27.162 - - [18/Jan/2010:18:09:15 -0800] "GET /images/img01.jpg HTTP/1.1" 304 - "http://www.morganlangille.com/" "Mozilla/4.0 (compatible; MSIE 8.0; Windows NT 6.0; Trident/4.0; GTB6; SLCC1; .NET CLR 2.0.50727; Media Center PC 5.0; .NET CLR 3.5.30729; .NET CLR 3.0.30729; AskTB5.5)"
66.235.124.56 - - [18/Jan/2010:18:14:44 -0800] "GET /robots.txt HTTP/1.1" 404 292 "-" "Mozilla/5.0 (compatible; Ask Jeeves/Teoma; +http://about.ask.com/en/docs/about/webmasters.shtml)"
66.235.124.56 - - [18/Jan/2010:18:14:45 -0800] "GET /publications.html HTTP/1.1" 200 3705 "-" "Mozilla/5.0 (compatible; Ask Jeeves/Teoma; +http://about.ask.com/en/docs/about/webmasters.shtml)"
87.250.255.242 - - [18/Jan/2010:20:24:29 -0800] "GET /publications.html HTTP/1.1" 304 - "-" "Yandex/1.01.001 (compatible; Win16; I)"
87.250.255.242 - - [18/Jan/2010:20:24:29 -0800] "GET /robots.txt HTTP/1.1" 404 292 "-" "Yandex/1.01.001 (compatible; Win16; I)"
74.125.126.80 - - [19/Jan/2010:00:10:04 -0800] "GET / HTTP/1.1" 200 1300 "-" "Feedfetcher-Google; (+http://www.google.com/feedfetcher.html; feed-id=7391994924387676245)"
67.195.112.107 - - [19/Jan/2010:03:24:23 -0800] "GET /robots.txt HTTP/1.0" 404 243 "-" "Mozilla/5.0 (compatible; Yahoo! Slurp; http://help.yahoo.com/help/us/ysearch/slurp)"
67.195.112.107 - - [19/Jan/2010:03:24:23 -0800] "GET /cv.html HTTP/1.0" 200 1098 "-" "Mozilla/5.0 (compatible; Yahoo! Slurp/3.0; http://help.yahoo.com/help/us/ysearch/slurp)"
67.195.112.107 - - [19/Jan/2010:03:24:24 -0800] "GET /style.css HTTP/1.0" 200 1361 "http://morganlangille.com/cv.html" "Mozilla/5.0 (compatible; Yahoo! Slurp/3.0; http://help.yahoo.com/help/us/ysearch/slurp)"
87.250.255.242 - - [19/Jan/2010:03:32:46 -0800] "GET /index.html HTTP/1.1" 200 1300 "-" "Yandex/1.01.001 (compatible; Win16; I)"
208.80.193.27 - - [19/Jan/2010:07:47:55 -0800] "GET / HTTP/1.0" 200 3344 "-" "Mozilla/4.0 (compatible; MSIE 7.0; Windows NT 5.1; SIMBAR Enabled; SIMBAR={68517E16-B759-4395-AAF5-BF02713150EB}; SIMBAR=0; .NET CLR 1.1.4322)"
74.125.126.82 - - [19/Jan/2010:08:42:55 -0800] "GET / HTTP/1.1" 200 1300 "-" "Feedfetcher-Google; (+http://www.google.com/feedfetcher.html; feed-id=7391994924387676245)"
87.250.255.242 - - [19/Jan/2010:13:22:09 -0800] "GET /robots.txt HTTP/1.1" 404 296 "-" "Yandex/1.01.001 (compatible; Win16; I)"
74.125.126.82 - - [19/Jan/2010:13:41:19 -0800] "GET / HTTP/1.1" 200 1300 "-" "Feedfetcher-Google; (+http://www.google.com/feedfetcher.html; feed-id=7391994924387676245)"
87.250.255.242 - - [19/Jan/2010:14:06:33 -0800] "GET /robots.txt HTTP/1.1" 404 292 "-" "Yandex/1.01.001 (compatible; Win16; I)"
87.250.255.242 - - [19/Jan/2010:15:36:28 -0800] "GET / HTTP/1.1" 200 1300 "-" "Yandex/1.01.001 (compatible; Win16; I)"
66.249.71.3 - - [19/Jan/2010:20:25:26 -0800] "GET /robots.txt HTTP/1.1" 404 243 "-" "Mozilla/5.0 (compatible; Googlebot/2.1; +http://www.google.com/bot.html)"
66.249.71.3 - - [19/Jan/2010:20:25:27 -0800] "GET /publications.html HTTP/1.1" 200 3705 "-" "Mozilla/5.0 (compatible; Googlebot/2.1; +http://www.google.com/bot.html)"
74.125.126.81 - - [19/Jan/2010:22:21:27 -0800] "GET / HTTP/1.1" 200 1300 "-" "Feedfetcher-Google; (+http://www.google.com/feedfetcher.html; feed-id=7391994924387676245)"
66.249.71.3 - - [19/Jan/2010:23:19:58 -0800] "GET /current_research.html HTTP/1.1" 200 1104 "-" "Mozilla/5.0 (compatible; Googlebot/2.1; +http://www.google.com/bot.html)"
87.250.255.242 - - [20/Jan/2010:12:42:44 -0800] "GET /robots.txt HTTP/1.1" 404 292 "-" "Yandex/1.01.001 (compatible; Win16; I)"
72.11.87.61 - - [20/Jan/2010:14:42:41 -0800] "GET / HTTP/1.0" 200 3344 "-" "Mozilla/5.0 (X11; U; Linux i686 (x86_64); en-US; rv:1.8.0.1) Gecko/20060124 Firefox/1.5.0.1"
87.250.255.242 - - [20/Jan/2010:15:14:36 -0800] "GET /publications.html HTTP/1.1" 304 - "-" "Yandex/1.01.001 (compatible; Win16; I)"
208.80.193.27 - - [20/Jan/2010:16:16:10 -0800] "GET / HTTP/1.0" 200 3344 "-" "Mozilla/4.0 (compatible; MSIE 7.0; Windows NT 5.1; ga=MDAxMTk1NjA0MTM4)"
87.250.255.242 - - [21/Jan/2010:10:42:30 -0800] "GET /robots.txt HTTP/1.1" 404 296 "-" "Yandex/1.01.001 (compatible; Win16; I)"
87.250.255.242 - - [21/Jan/2010:11:39:23 -0800] "GET / HTTP/1.1" 200 1300 "-" "Yandex/1.01.001 (compatible; Win16; I)"
87.250.255.242 - - [21/Jan/2010:12:07:49 -0800] "GET /robots.txt HTTP/1.1" 404 292 "-" "Yandex/1.01.001 (compatible; Win16; I)"
87.250.255.242 - - [21/Jan/2010:13:29:43 -0800] "GET / HTTP/1.1" 200 1300 "-" "Yandex/1.01.001 (compatible; Win16; I)"
208.80.193.34 - - [22/Jan/2010:01:22:08 -0800] "GET / HTTP/1.0" 200 3344 "-" "Mozilla/4.0 (compatible; MSIE 6.0; Windows NT 5.1; SV1; .NET CLR 1.0.3705; .NET CLR 1.1.4322; Media Center PC 3.1; InfoPath.2; SpamBlockerUtility 4.8.4)"
65.55.106.109 - - [22/Jan/2010:07:08:02 -0800] "GET /robots.txt HTTP/1.1" 404 292 "-" "msnbot/2.0b (+http://search.msn.com/msnbot.htm)"
65.55.106.109 - - [22/Jan/2010:07:08:44 -0800] "GET / HTTP/1.1" 304 - "-" "msnbot/2.0b (+http://search.msn.com/msnbot.htm)"
95.108.142.150 - - [22/Jan/2010:11:03:11 -0800] "GET /robots.txt HTTP/1.1" 404 292 "-" "Yandex/1.01.001 (compatible; Win16; H)"
95.108.142.150 - - [22/Jan/2010:11:03:14 -0800] "GET / HTTP/1.1" 200 1300 "-" "Yandex/1.01.001 (compatible; Win16; H)"
95.108.142.150 - - [22/Jan/2010:11:03:16 -0800] "GET / HTTP/1.1" 200 1300 "-" "Yandex/1.01.001 (compatible; Win16; H)"
95.108.142.150 - - [22/Jan/2010:11:03:20 -0800] "GET /robots.txt HTTP/1.1" 404 296 "-" "Yandex/1.01.001 (compatible; Win16; H)"
95.108.142.150 - - [22/Jan/2010:11:03:21 -0800] "GET / HTTP/1.1" 200 1300 "-" "Yandex/1.01.001 (compatible; Win16; H)"
95.108.142.150 - - [22/Jan/2010:11:03:27 -0800] "GET / HTTP/1.1" 200 1300 "-" "Yandex/1.01.001 (compatible; Win16; H)"
128.120.136.228 - - [22/Jan/2010:11:41:16 -0800] "GET / HTTP/1.1" 200 1300 "http://www.google.com/url?sa=t&source=web&ct=res&cd=1&ved=0CAcQFjAA&url=http%3A%2F%2Fmorganlangille.com%2F&rct=j&q=morgan+langille&ei=Dv9ZS5LPEY2kswOmsKSZAw&usg=AFQjCNHoGnZwsG5ALjZiED3feQmc27jdTQ&sig2=gzsiTDP-kd5bEDcXJPblOg" "Mozilla/5.0 (Macintosh; U; Intel Mac OS X 10.6; en-US; rv:1.9.2) Gecko/20100115 Firefox/3.6"
128.120.136.228 - - [22/Jan/2010:11:41:16 -0800] "GET /style.css HTTP/1.1" 200 1361 "http://morganlangille.com/" "Mozilla/5.0 (Macintosh; U; Intel Mac OS X 10.6; en-US; rv:1.9.2) Gecko/20100115 Firefox/3.6"
128.120.136.228 - - [22/Jan/2010:11:41:16 -0800] "GET /images/img01.jpg HTTP/1.1" 200 720 "http://morganlangille.com/style.css" "Mozilla/5.0 (Macintosh; U; Intel Mac OS X 10.6; en-US; rv:1.9.2) Gecko/20100115 Firefox/3.6"
128.120.136.228 - - [22/Jan/2010:11:41:16 -0800] "GET /images/Morgan.jpg HTTP/1.1" 200 29830 "http://morganlangille.com/" "Mozilla/5.0 (Macintosh; U; Intel Mac OS X 10.6; en-US; rv:1.9.2) Gecko/20100115 Firefox/3.6"
128.120.136.228 - - [22/Jan/2010:11:41:16 -0800] "GET /favicon.ico HTTP/1.1" 404 243 "-" "Mozilla/5.0 (Macintosh; U; Intel Mac OS X 10.6; en-US; rv:1.9.2) Gecko/20100115 Firefox/3.6"
128.120.136.228 - - [22/Jan/2010:11:41:19 -0800] "GET /favicon.ico HTTP/1.1" 404 243 "-" "Mozilla/5.0 (Macintosh; U; Intel Mac OS X 10.6; en-US; rv:1.9.2) Gecko/20100115 Firefox/3.6"
128.120.136.228 - - [22/Jan/2010:11:41:23 -0800] "GET /cv.html HTTP/1.1" 200 1098 "http://morganlangille.com/" "Mozilla/5.0 (Macintosh; U; Intel Mac OS X 10.6; en-US; rv:1.9.2) Gecko/20100115 Firefox/3.6"
128.120.136.228 - - [22/Jan/2010:11:41:24 -0800] "GET /publications.html HTTP/1.1" 200 3705 "http://morganlangille.com/cv.html" "Mozilla/5.0 (Macintosh; U; Intel Mac OS X 10.6; en-US; rv:1.9.2) Gecko/20100115 Firefox/3.6"
128.120.136.228 - - [22/Jan/2010:11:41:57 -0800] "GET /index.html HTTP/1.1" 200 1300 "http://morganlangille.com/publications.html" "Mozilla/5.0 (Macintosh; U; Intel Mac OS X 10.6; en-US; rv:1.9.2) Gecko/20100115 Firefox/3.6"
72.94.249.37 - - [22/Jan/2010:12:40:25 -0800] "GET / HTTP/1.1" 200 3344 "-" "Mozilla/4.0 (compatible; MSIE 6.0; Windows NT 5.1; SV1; .NET CLR 1.1.4322)"
87.250.255.242 - - [22/Jan/2010:16:33:30 -0800] "GET /robots.txt HTTP/1.1" 404 292 "-" "Yandex/1.01.001 (compatible; Win16; I)"
87.250.255.242 - - [22/Jan/2010:16:33:32 -0800] "GET / HTTP/1.1" 304 - "-" "Yandex/1.01.001 (compatible; Win16; I)"
67.195.112.107 - - [23/Jan/2010:01:22:08 -0800] "GET /robots.txt HTTP/1.0" 404 243 "-" "Mozilla/5.0 (compatible; Yahoo! Slurp; http://help.yahoo.com/help/us/ysearch/slurp)"
67.195.112.107 - - [23/Jan/2010:01:22:08 -0800] "GET / HTTP/1.0" 200 1300 "-" "Mozilla/5.0 (compatible; Yahoo! Slurp/3.0; http://help.yahoo.com/help/us/ysearch/slurp)"
67.195.112.107 - - [23/Jan/2010:01:22:08 -0800] "GET /style.css HTTP/1.0" 200 1361 "http://morganlangille.com/" "Mozilla/5.0 (compatible; Yahoo! Slurp/3.0; http://help.yahoo.com/help/us/ysearch/slurp)"
193.47.80.46 - - [23/Jan/2010:09:13:45 -0800] "GET /robots.txt HTTP/1.1" 404 243 "-" "Mozilla/5.0 (compatible; Exabot/3.0; +http://www.exabot.com/go/robot)"
193.47.80.46 - - [23/Jan/2010:09:13:45 -0800] "GET / HTTP/1.1" 304 - "-" "Mozilla/5.0 (compatible; Exabot/3.0; +http://www.exabot.com/go/robot)"
195.42.102.24 - - [23/Jan/2010:11:34:19 -0800] "GET /robots.txt HTTP/1.0" 404 292 "-" "Mozilla/5.0 (compatible; Purebot/1.1; +http://www.puritysearch.net/)"
87.250.255.242 - - [23/Jan/2010:12:02:02 -0800] "GET /robots.txt HTTP/1.1" 404 296 "-" "Yandex/1.01.001 (compatible; Win16; I)"
208.80.193.30 - - [23/Jan/2010:12:13:58 -0800] "GET / HTTP/1.0" 200 3344 "-" "Mozilla/4.0 (compatible; MSIE 7.0; Windows NT 5.1; YPC 3.0.1; .NET CLR 1.0.3705; .NET CLR 1.1.4322; yplus 5.1.04b)"
87.250.255.242 - - [23/Jan/2010:13:39:21 -0800] "GET /index.html HTTP/1.1" 200 1300 "-" "Yandex/1.01.001 (compatible; Win16; I)"
87.250.255.242 - - [23/Jan/2010:13:39:22 -0800] "GET /index.html HTTP/1.1" 200 1300 "-" "Yandex/1.01.001 (compatible; Win16; I)"
65.55.207.47 - - [23/Jan/2010:15:26:29 -0800] "GET /robots.txt HTTP/1.1" 404 292 "-" "msnbot/2.0b (+http://search.msn.com/msnbot.htm)"
65.55.207.47 - - [23/Jan/2010:15:27:11 -0800] "GET / HTTP/1.1" 304 - "-" "msnbot/2.0b (+http://search.msn.com/msnbot.htm)"
87.250.255.242 - - [23/Jan/2010:16:38:00 -0800] "GET /cv.html HTTP/1.1" 304 - "-" "Yandex/1.01.001 (compatible; Win16; I)"
87.250.255.242 - - [23/Jan/2010:16:38:01 -0800] "GET /robots.txt HTTP/1.1" 404 292 "-" "Yandex/1.01.001 (compatible; Win16; I)"
87.250.255.242 - - [23/Jan/2010:20:08:19 -0800] "GET /publications.html HTTP/1.1" 304 - "-" "Yandex/1.01.001 (compatible; Win16; I)"
66.249.71.3 - - [23/Jan/2010:21:54:00 -0800] "GET /robots.txt HTTP/1.1" 404 243 "-" "Mozilla/5.0 (compatible; Googlebot/2.1; +http://www.google.com/bot.html)"
66.249.71.3 - - [23/Jan/2010:21:54:00 -0800] "GET / HTTP/1.1" 200 1300 "-" "Mozilla/5.0 (compatible; Googlebot/2.1; +http://www.google.com/bot.html)"
87.250.255.242 - - [23/Jan/2010:23:38:35 -0800] "GET /current_research.html HTTP/1.1" 304 - "-" "Yandex/1.01.001 (compatible; Win16; I)"
66.249.71.3 - - [24/Jan/2010:00:24:00 -0800] "GET /cv.html HTTP/1.1" 304 - "-" "Mozilla/5.0 (compatible; Googlebot/2.1; +http://www.google.com/bot.html)"
87.250.255.242 - - [24/Jan/2010:00:31:08 -0800] "GET /current_research.html HTTP/1.1" 304 - "-" "Yandex/1.01.001 (compatible; Win16; I)"
72.14.192.2 - - [24/Jan/2010:00:51:37 -0800] "GET / HTTP/1.1" 200 1300 "-" "Feedfetcher-Google; (+http://www.google.com/feedfetcher.html; feed-id=7391994924387676245)"
87.250.255.242 - - [24/Jan/2010:01:50:27 -0800] "GET /past_research.html HTTP/1.1" 304 - "-" "Yandex/1.01.001 (compatible; Win16; I)"
87.250.255.242 - - [24/Jan/2010:01:50:45 -0800] "GET /cv.html HTTP/1.1" 304 - "-" "Yandex/1.01.001 (compatible; Win16; I)"
66.249.71.3 - - [24/Jan/2010:02:53:16 -0800] "GET /index.html HTTP/1.1" 200 1300 "-" "Mozilla/5.0 (compatible; Googlebot/2.1; +http://www.google.com/bot.html)"
87.250.255.242 - - [24/Jan/2010:06:34:16 -0800] "GET /past_research.html HTTP/1.1" 304 - "-" "Yandex/1.01.001 (compatible; Win16; I)"
74.125.126.82 - - [24/Jan/2010:08:13:40 -0800] "GET / HTTP/1.1" 200 1300 "-" "Feedfetcher-Google; (+http://www.google.com/feedfetcher.html; feed-id=7391994924387676245)"
129.173.240.73 - - [24/Jan/2010:09:27:16 -0800] "GET / HTTP/1.1" 200 1300 "http://www.facebook.com/photo.php?pid=2029901&id=514675694" "Mozilla/5.0 (Macintosh; U; Intel Mac OS X 10.5; en-US; rv:1.9.1.2) Gecko/20090729 Firefox/3.5.2"
129.173.240.73 - - [24/Jan/2010:09:27:16 -0800] "GET /style.css HTTP/1.1" 200 1361 "http://www.morganlangille.com/" "Mozilla/5.0 (Macintosh; U; Intel Mac OS X 10.5; en-US; rv:1.9.1.2) Gecko/20090729 Firefox/3.5.2"
129.173.240.73 - - [24/Jan/2010:09:27:16 -0800] "GET /images/Morgan.jpg HTTP/1.1" 200 29830 "http://www.morganlangille.com/" "Mozilla/5.0 (Macintosh; U; Intel Mac OS X 10.5; en-US; rv:1.9.1.2) Gecko/20090729 Firefox/3.5.2"
129.173.240.73 - - [24/Jan/2010:09:27:16 -0800] "GET /images/img01.jpg HTTP/1.1" 200 720 "http://www.morganlangille.com/style.css" "Mozilla/5.0 (Macintosh; U; Intel Mac OS X 10.5; en-US; rv:1.9.1.2) Gecko/20090729 Firefox/3.5.2"
129.173.240.73 - - [24/Jan/2010:09:27:17 -0800] "GET /favicon.ico HTTP/1.1" 404 246 "-" "Mozilla/5.0 (Macintosh; U; Intel Mac OS X 10.5; en-US; rv:1.9.1.2) Gecko/20090729 Firefox/3.5.2"
129.173.240.73 - - [24/Jan/2010:09:27:20 -0800] "GET /favicon.ico HTTP/1.1" 404 246 "-" "Mozilla/5.0 (Macintosh; U; Intel Mac OS X 10.5; en-US; rv:1.9.1.2) Gecko/20090729 Firefox/3.5.2"
129.173.240.73 - - [24/Jan/2010:09:27:37 -0800] "GET /current_research.html HTTP/1.1" 200 1104 "http://www.morganlangille.com/" "Mozilla/5.0 (Macintosh; U; Intel Mac OS X 10.5; en-US; rv:1.9.1.2) Gecko/20090729 Firefox/3.5.2"
129.173.240.73 - - [24/Jan/2010:09:27:39 -0800] "GET /past_research.html HTTP/1.1" 200 1106 "http://www.morganlangille.com/current_research.html" "Mozilla/5.0 (Macintosh; U; Intel Mac OS X 10.5; en-US; rv:1.9.1.2) Gecko/20090729 Firefox/3.5.2"
129.173.240.73 - - [24/Jan/2010:09:27:41 -0800] "GET /publications.html HTTP/1.1" 200 3705 "http://www.morganlangille.com/past_research.html" "Mozilla/5.0 (Macintosh; U; Intel Mac OS X 10.5; en-US; rv:1.9.1.2) Gecko/20090729 Firefox/3.5.2"
129.173.240.73 - - [24/Jan/2010:09:28:12 -0800] "GET /cv.html HTTP/1.1" 200 1098 "http://www.morganlangille.com/publications.html" "Mozilla/5.0 (Macintosh; U; Intel Mac OS X 10.5; en-US; rv:1.9.1.2) Gecko/20090729 Firefox/3.5.2"
74.125.126.82 - - [24/Jan/2010:11:02:00 -0800] "GET / HTTP/1.1" 200 1300 "-" "Feedfetcher-Google; (+http://www.google.com/feedfetcher.html; feed-id=7391994924387676245)"
87.250.255.242 - - [24/Jan/2010:11:13:37 -0800] "GET /robots.txt HTTP/1.1" 404 296 "-" "Yandex/1.01.001 (compatible; Win16; I)"
87.250.255.242 - - [24/Jan/2010:12:55:49 -0800] "GET / HTTP/1.1" 200 1300 "-" "Yandex/1.01.001 (compatible; Win16; I)"
72.14.192.2 - - [24/Jan/2010:14:31:17 -0800] "GET / HTTP/1.1" 200 1300 "-" "Feedfetcher-Google; (+http://www.google.com/feedfetcher.html; feed-id=7391994924387676245)"
87.250.255.242 - - [24/Jan/2010:19:27:49 -0800] "GET / HTTP/1.1" 200 1300 "-" "Yandex/1.01.001 (compatible; Win16; I)"
208.80.193.27 - - [24/Jan/2010:21:27:42 -0800] "GET / HTTP/1.0" 200 3344 "-" "Mozilla/4.0 (compatible; MSIE 7.0; Windows NT 5.1; .NET CLR 1.1.4322; (R1 1.5))"
65.55.106.136 - - [24/Jan/2010:23:56:01 -0800] "GET /robots.txt HTTP/1.1" 404 292 "-" "msnbot/2.0b (+http://search.msn.com/msnbot.htm)"
65.55.106.136 - - [24/Jan/2010:23:56:45 -0800] "GET / HTTP/1.1" 304 - "-" "msnbot/2.0b (+http://search.msn.com/msnbot.htm)"
216.129.119.41 - - [25/Jan/2010:06:37:20 -0800] "GET /robots.txt HTTP/1.0" 404 243 "-" "Mozilla/5.0 (Twiceler-0.9 http://www.cuil.com/twiceler/robot.html)"
87.250.255.242 - - [25/Jan/2010:09:19:10 -0800] "GET /current_research.html HTTP/1.1" 304 - "-" "Yandex/1.01.001 (compatible; Win16; I)"
87.250.255.242 - - [25/Jan/2010:11:00:11 -0800] "GET /robots.txt HTTP/1.1" 404 296 "-" "Yandex/1.01.001 (compatible; Win16; I)"
87.250.255.242 - - [25/Jan/2010:11:00:13 -0800] "GET /index.html HTTP/1.1" 304 - "-" "Yandex/1.01.001 (compatible; Win16; I)"
87.250.255.242 - - [25/Jan/2010:15:16:01 -0800] "GET /robots.txt HTTP/1.1" 404 292 "-" "Yandex/1.01.001 (compatible; Win16; I)"
65.55.106.184 - - [25/Jan/2010:15:28:42 -0800] "GET /robots.txt HTTP/1.1" 404 292 "-" "msnbot/2.0b (+http://search.msn.com/msnbot.htm)"
65.55.106.184 - - [25/Jan/2010:15:29:45 -0800] "GET /publications.html HTTP/1.1" 200 3705 "-" "msnbot/2.0b (+http://search.msn.com/msnbot.htm)"
87.250.255.242 - - [25/Jan/2010:16:17:45 -0800] "GET / HTTP/1.1" 200 1300 "-" "Yandex/1.01.001 (compatible; Win16; I)"
87.250.255.242 - - [25/Jan/2010:16:17:45 -0800] "GET /index.html HTTP/1.1" 200 1300 "-" "Yandex/1.01.001 (compatible; Win16; I)"
74.125.126.82 - - [25/Jan/2010:16:40:00 -0800] "GET / HTTP/1.1" 200 1300 "-" "Feedfetcher-Google; (+http://www.google.com/feedfetcher.html; feed-id=7391994924387676245)"
87.250.255.242 - - [25/Jan/2010:20:22:30 -0800] "GET / HTTP/1.1" 200 1300 "-" "Yandex/1.01.001 (compatible; Win16; I)"
87.250.255.242 - - [25/Jan/2010:21:46:44 -0800] "GET /publications.html HTTP/1.1" 304 - "-" "Yandex/1.01.001 (compatible; Win16; I)"
74.125.126.81 - - [25/Jan/2010:21:52:08 -0800] "GET / HTTP/1.1" 200 1300 "-" "Feedfetcher-Google; (+http://www.google.com/feedfetcher.html; feed-id=7391994924387676245)"
87.250.255.242 - - [25/Jan/2010:22:13:27 -0800] "GET /publications.html HTTP/1.1" 304 - "-" "Yandex/1.01.001 (compatible; Win16; I)"
87.250.255.242 - - [25/Jan/2010:22:13:27 -0800] "GET /current_research.html HTTP/1.1" 304 - "-" "Yandex/1.01.001 (compatible; Win16; I)"
98.204.80.181 - - [25/Jan/2010:22:41:28 -0800] "GET / HTTP/1.1" 200 1300 "http://www.google.com/search?client=safari&rls=en&q=morgan+langille&ie=UTF-8&oe=UTF-8" "Mozilla/5.0 (Macintosh; U; Intel Mac OS X 10_6_2; en-us) AppleWebKit/531.21.8 (KHTML, like Gecko) Version/4.0.4 Safari/531.21.10"
98.204.80.181 - - [25/Jan/2010:22:41:28 -0800] "GET /style.css HTTP/1.1" 200 1361 "http://morganlangille.com/" "Mozilla/5.0 (Macintosh; U; Intel Mac OS X 10_6_2; en-us) AppleWebKit/531.21.8 (KHTML, like Gecko) Version/4.0.4 Safari/531.21.10"
98.204.80.181 - - [25/Jan/2010:22:41:29 -0800] "GET /images/Morgan.jpg HTTP/1.1" 200 29830 "http://morganlangille.com/" "Mozilla/5.0 (Macintosh; U; Intel Mac OS X 10_6_2; en-us) AppleWebKit/531.21.8 (KHTML, like Gecko) Version/4.0.4 Safari/531.21.10"
98.204.80.181 - - [25/Jan/2010:22:41:29 -0800] "GET /images/img01.jpg HTTP/1.1" 200 720 "http://morganlangille.com/" "Mozilla/5.0 (Macintosh; U; Intel Mac OS X 10_6_2; en-us) AppleWebKit/531.21.8 (KHTML, like Gecko) Version/4.0.4 Safari/531.21.10"
98.204.80.181 - - [25/Jan/2010:22:41:29 -0800] "GET /favicon.ico HTTP/1.1" 404 243 "http://morganlangille.com/" "Mozilla/5.0 (Macintosh; U; Intel Mac OS X 10_6_2; en-us) AppleWebKit/531.21.8 (KHTML, like Gecko) Version/4.0.4 Safari/531.21.10"
87.250.255.242 - - [26/Jan/2010:03:31:32 -0800] "GET /cv.html HTTP/1.1" 304 - "-" "Yandex/1.01.001 (compatible; Win16; I)"
87.250.255.242 - - [26/Jan/2010:03:31:33 -0800] "GET /past_research.html HTTP/1.1" 304 - "-" "Yandex/1.01.001 (compatible; Win16; I)"
208.80.193.28 - - [26/Jan/2010:06:09:08 -0800] "GET / HTTP/1.0" 200 3344 "-" "Mozilla/4.0 (compatible; MSIE 7.0; Windows NT 5.1; YPC 3.2.0; FunWebProducts; (R1 1.5))"
87.250.255.242 - - [26/Jan/2010:06:09:16 -0800] "GET /past_research.html HTTP/1.1" 304 - "-" "Yandex/1.01.001 (compatible; Win16; I)"
87.250.255.242 - - [26/Jan/2010:06:09:17 -0800] "GET /cv.html HTTP/1.1" 304 - "-" "Yandex/1.01.001 (compatible; Win16; I)"
65.55.106.206 - - [26/Jan/2010:07:29:27 -0800] "GET /robots.txt HTTP/1.1" 404 292 "-" "msnbot/2.0b (+http://search.msn.com/msnbot.htm)"
65.55.106.206 - - [26/Jan/2010:07:30:18 -0800] "GET / HTTP/1.1" 304 - "-" "msnbot/2.0b (+http://search.msn.com/msnbot.htm)"
95.108.142.150 - - [26/Jan/2010:07:47:13 -0800] "GET /robots.txt HTTP/1.1" 404 292 "-" "Yandex/1.01.001 (compatible; Win16; H)"
95.108.142.150 - - [26/Jan/2010:07:47:15 -0800] "GET /robots.txt HTTP/1.1" 404 296 "-" "Yandex/1.01.001 (compatible; Win16; H)"
95.108.142.150 - - [26/Jan/2010:07:47:18 -0800] "GET / HTTP/1.1" 200 1300 "-" "Yandex/1.01.001 (compatible; Win16; H)"
95.108.142.150 - - [26/Jan/2010:07:47:19 -0800] "GET / HTTP/1.1" 200 1300 "-" "Yandex/1.01.001 (compatible; Win16; H)"
95.108.142.150 - - [26/Jan/2010:07:47:20 -0800] "GET / HTTP/1.1" 200 1300 "-" "Yandex/1.01.001 (compatible; Win16; H)"
95.108.142.150 - - [26/Jan/2010:07:47:21 -0800] "GET / HTTP/1.1" 200 1300 "-" "Yandex/1.01.001 (compatible; Win16; H)"
216.129.119.41 - - [26/Jan/2010:13:51:42 -0800] "GET /robots.txt HTTP/1.0" 404 243 "-" "Mozilla/5.0 (Twiceler-0.9 http://www.cuil.com/twiceler/robot.html)"
95.108.142.150 - - [26/Jan/2010:14:00:49 -0800] "GET /robots.txt HTTP/1.1" 404 292 "-" "Yandex/1.01.001 (compatible; Win16; H)"
95.108.142.150 - - [26/Jan/2010:14:00:54 -0800] "GET / HTTP/1.1" 200 1300 "-" "Yandex/1.01.001 (compatible; Win16; H)"
95.108.142.150 - - [26/Jan/2010:14:00:57 -0800] "GET / HTTP/1.1" 200 1300 "-" "Yandex/1.01.001 (compatible; Win16; H)"
95.108.142.150 - - [26/Jan/2010:14:01:02 -0800] "GET /robots.txt HTTP/1.1" 404 296 "-" "Yandex/1.01.001 (compatible; Win16; H)"
95.108.142.150 - - [26/Jan/2010:14:01:06 -0800] "GET / HTTP/1.1" 200 1300 "-" "Yandex/1.01.001 (compatible; Win16; H)"
95.108.142.150 - - [26/Jan/2010:14:01:09 -0800] "GET / HTTP/1.1" 200 1300 "-" "Yandex/1.01.001 (compatible; Win16; H)"
74.198.148.69 - - [26/Jan/2010:14:12:52 -0800] "GET / HTTP/1.1" 200 1300 "-" "Mozilla/5.0 (iPhone; U; CPU iPhone OS 3_1_2 like Mac OS X; en-us) AppleWebKit/528.18 (KHTML, like Gecko) Version/4.0 Mobile/7D11 Safari/528.16"
74.198.148.69 - - [26/Jan/2010:14:12:52 -0800] "GET /style.css HTTP/1.1" 200 1361 "http://www.morganlangille.com/" "Mozilla/5.0 (iPhone; U; CPU iPhone OS 3_1_2 like Mac OS X; en-us) AppleWebKit/528.18 (KHTML, like Gecko) Version/4.0 Mobile/7D11 Safari/528.16"
74.198.148.69 - - [26/Jan/2010:14:12:53 -0800] "GET /images/img01.jpg HTTP/1.1" 200 720 "http://www.morganlangille.com/" "Mozilla/5.0 (iPhone; U; CPU iPhone OS 3_1_2 like Mac OS X; en-us) AppleWebKit/528.18 (KHTML, like Gecko) Version/4.0 Mobile/7D11 Safari/528.16"
74.198.148.69 - - [26/Jan/2010:14:12:54 -0800] "GET /images/Morgan.jpg HTTP/1.1" 200 29830 "http://www.morganlangille.com/" "Mozilla/5.0 (iPhone; U; CPU iPhone OS 3_1_2 like Mac OS X; en-us) AppleWebKit/528.18 (KHTML, like Gecko) Version/4.0 Mobile/7D11 Safari/528.16"
64.246.165.180 - - [26/Jan/2010:20:33:20 -0800] "GET /robots.txt HTTP/1.0" 404 296 "-" "Mozilla/5.0 (Windows; U; Windows NT 5.1; en; rv:1.9.0.13) Gecko/2009073022 Firefox/3.5.2 (.NET CLR 3.5.30729) SurveyBot/2.3 (DomainTools)"
64.246.165.180 - - [26/Jan/2010:20:33:20 -0800] "GET / HTTP/1.1" 200 1300 "http://whois.domaintools.com/morganlangille.com" "Mozilla/5.0 (Windows; U; Windows NT 5.1; en; rv:1.9.0.13) Gecko/2009073022 Firefox/3.5.2 (.NET CLR 3.5.30729) SurveyBot/2.3 (DomainTools)"
89.122.29.79 - - [26/Jan/2010:23:06:31 -0800] "GET / HTTP/1.1" 200 3344 "-" "Java/1.6.0_04"
89.122.29.79 - - [26/Jan/2010:23:06:32 -0800] "GET /current_research.html HTTP/1.1" 200 2910 "-" "Java/1.6.0_04"
89.122.29.79 - - [26/Jan/2010:23:06:32 -0800] "GET /cv.html HTTP/1.1" 200 2892 "-" "Java/1.6.0_04"
89.122.29.79 - - [26/Jan/2010:23:06:32 -0800] "GET /index.html HTTP/1.1" 200 3344 "-" "Java/1.6.0_04"
89.122.29.79 - - [26/Jan/2010:23:06:33 -0800] "GET /past_research.html HTTP/1.1" 200 2911 "-" "Java/1.6.0_04"
89.122.29.79 - - [26/Jan/2010:23:06:33 -0800] "GET /publications.html HTTP/1.1" 200 10002 "-" "Java/1.6.0_04"
81.149.221.56 - - [27/Jan/2010:02:24:51 -0800] "GET / HTTP/1.1" 200 1300 "http://www.blogger.com/profile/15991960337694557528" "Mozilla/5.0 (Windows; U; Windows NT 6.0; en-GB; rv:1.9.1.7) Gecko/20091221 Firefox/3.5.7 GTBDFff GTB7.0 (.NET CLR 3.5.30729)"
81.149.221.56 - - [27/Jan/2010:02:24:51 -0800] "GET /style.css HTTP/1.1" 200 1361 "http://www.morganlangille.com/" "Mozilla/5.0 (Windows; U; Windows NT 6.0; en-GB; rv:1.9.1.7) Gecko/20091221 Firefox/3.5.7 GTBDFff GTB7.0 (.NET CLR 3.5.30729)"
81.149.221.56 - - [27/Jan/2010:02:24:52 -0800] "GET /images/Morgan.jpg HTTP/1.1" 200 29830 "http://www.morganlangille.com/" "Mozilla/5.0 (Windows; U; Windows NT 6.0; en-GB; rv:1.9.1.7) Gecko/20091221 Firefox/3.5.7 GTBDFff GTB7.0 (.NET CLR 3.5.30729)"
81.149.221.56 - - [27/Jan/2010:02:24:52 -0800] "GET /images/img01.jpg HTTP/1.1" 200 720 "http://www.morganlangille.com/style.css" "Mozilla/5.0 (Windows; U; Windows NT 6.0; en-GB; rv:1.9.1.7) Gecko/20091221 Firefox/3.5.7 GTBDFff GTB7.0 (.NET CLR 3.5.30729)"
81.149.221.56 - - [27/Jan/2010:02:24:53 -0800] "GET /favicon.ico HTTP/1.1" 404 246 "-" "Mozilla/5.0 (Windows; U; Windows NT 6.0; en-GB; rv:1.9.1.7) Gecko/20091221 Firefox/3.5.7 GTBDFff GTB7.0 (.NET CLR 3.5.30729)"
65.55.106.232 - - [27/Jan/2010:05:23:40 -0800] "GET /robots.txt HTTP/1.1" 404 292 "-" "msnbot/2.0b (+http://search.msn.com/msnbot.htm)"
65.55.106.232 - - [27/Jan/2010:05:24:16 -0800] "GET /cv.html HTTP/1.1" 200 1098 "-" "msnbot/2.0b (+http://search.msn.com/msnbot.htm)"
65.55.207.122 - - [27/Jan/2010:07:37:03 -0800] "GET /robots.txt HTTP/1.1" 404 292 "-" "msnbot/2.0b (+http://search.msn.com/msnbot.htm)"
65.55.207.122 - - [27/Jan/2010:07:37:53 -0800] "GET /current_research.html HTTP/1.1" 200 1104 "-" "msnbot/2.0b (+http://search.msn.com/msnbot.htm)"
94.75.229.132 - - [27/Jan/2010:08:28:13 -0800] "GET / HTTP/1.1" 200 3344 "-" "Mozilla/5.0 (compatible; Purebot/1.1; +http://www.puritysearch.net/)"
94.75.229.132 - - [27/Jan/2010:08:28:13 -0800] "GET /index.html HTTP/1.1" 200 3344 "-" "Mozilla/5.0 (compatible; Purebot/1.1; +http://www.puritysearch.net/)"
94.75.229.132 - - [27/Jan/2010:08:28:14 -0800] "GET /current_research.html HTTP/1.1" 200 2910 "-" "Mozilla/5.0 (compatible; Purebot/1.1; +http://www.puritysearch.net/)"
94.75.229.132 - - [27/Jan/2010:08:28:14 -0800] "GET /past_research.html HTTP/1.1" 200 2911 "-" "Mozilla/5.0 (compatible; Purebot/1.1; +http://www.puritysearch.net/)"
94.75.229.132 - - [27/Jan/2010:08:28:16 -0800] "GET /publications.html HTTP/1.1" 200 10002 "-" "Mozilla/5.0 (compatible; Purebot/1.1; +http://www.puritysearch.net/)"
94.75.229.132 - - [27/Jan/2010:08:28:16 -0800] "GET /cv.html HTTP/1.1" 200 2892 "-" "Mozilla/5.0 (compatible; Purebot/1.1; +http://www.puritysearch.net/)"
65.55.106.205 - - [27/Jan/2010:10:41:33 -0800] "GET /robots.txt HTTP/1.1" 404 292 "-" "msnbot/2.0b (+http://search.msn.com/msnbot.htm)"
65.55.106.205 - - [27/Jan/2010:10:42:16 -0800] "GET /index.html HTTP/1.1" 200 1300 "-" "msnbot/2.0b (+http://search.msn.com/msnbot.htm)"
87.250.255.242 - - [27/Jan/2010:12:21:23 -0800] "GET /robots.txt HTTP/1.1" 404 292 "-" "Yandex/1.01.001 (compatible; Win16; I)"
216.129.119.41 - - [27/Jan/2010:13:52:59 -0800] "GET /robots.txt HTTP/1.0" 404 243 "-" "Mozilla/5.0 (Twiceler-0.9 http://www.cuil.com/twiceler/robot.html)"
208.80.193.32 - - [27/Jan/2010:14:29:10 -0800] "GET / HTTP/1.0" 200 3344 "-" "Mozilla/4.0 (compatible; MSIE 7.0; Windows NT 5.1; SIMBAR={7D4FCA5C-3ED7-4a50-BDB7-770E9F4CF12B}; .NET CLR 1.1.4322; .NET CLR 2.0.50727)"
65.55.207.21 - - [27/Jan/2010:14:31:19 -0800] "GET /robots.txt HTTP/1.1" 404 292 "-" "msnbot/2.0b (+http://search.msn.com/msnbot.htm)"
65.55.207.21 - - [27/Jan/2010:14:32:17 -0800] "GET / HTTP/1.1" 304 - "-" "msnbot/2.0b (+http://search.msn.com/msnbot.htm)"
128.120.136.125 - - [27/Jan/2010:14:37:58 -0800] "GET / HTTP/1.1" 200 1300 "http://www.biotorrents.net/faq.php" "Mozilla/5.0 (X11; U; Linux x86_64; en-US; rv:1.9.1.7) Gecko/20100106 Ubuntu/9.10 (karmic) Firefox/3.5.7"
128.120.136.125 - - [27/Jan/2010:14:37:58 -0800] "GET /style.css HTTP/1.1" 200 1361 "http://morganlangille.com/" "Mozilla/5.0 (X11; U; Linux x86_64; en-US; rv:1.9.1.7) Gecko/20100106 Ubuntu/9.10 (karmic) Firefox/3.5.7"
128.120.136.125 - - [27/Jan/2010:14:37:58 -0800] "GET /images/img01.jpg HTTP/1.1" 200 720 "http://morganlangille.com/style.css" "Mozilla/5.0 (X11; U; Linux x86_64; en-US; rv:1.9.1.7) Gecko/20100106 Ubuntu/9.10 (karmic) Firefox/3.5.7"
128.120.136.125 - - [27/Jan/2010:14:37:58 -0800] "GET /images/Morgan.jpg HTTP/1.1" 200 29830 "http://morganlangille.com/" "Mozilla/5.0 (X11; U; Linux x86_64; en-US; rv:1.9.1.7) Gecko/20100106 Ubuntu/9.10 (karmic) Firefox/3.5.7"
128.120.136.125 - - [27/Jan/2010:14:37:58 -0800] "GET /favicon.ico HTTP/1.1" 404 243 "-" "Mozilla/5.0 (X11; U; Linux x86_64; en-US; rv:1.9.1.7) Gecko/20100106 Ubuntu/9.10 (karmic) Firefox/3.5.7"
128.120.136.125 - - [27/Jan/2010:14:38:01 -0800] "GET /favicon.ico HTTP/1.1" 404 243 "-" "Mozilla/5.0 (X11; U; Linux x86_64; en-US; rv:1.9.1.7) Gecko/20100106 Ubuntu/9.10 (karmic) Firefox/3.5.7"
128.120.136.125 - - [27/Jan/2010:14:38:03 -0800] "GET /current_research.html HTTP/1.1" 200 1104 "http://morganlangille.com/" "Mozilla/5.0 (X11; U; Linux x86_64; en-US; rv:1.9.1.7) Gecko/20100106 Ubuntu/9.10 (karmic) Firefox/3.5.7"
128.120.136.125 - - [27/Jan/2010:14:38:04 -0800] "GET /past_research.html HTTP/1.1" 200 1106 "http://morganlangille.com/current_research.html" "Mozilla/5.0 (X11; U; Linux x86_64; en-US; rv:1.9.1.7) Gecko/20100106 Ubuntu/9.10 (karmic) Firefox/3.5.7"
128.120.136.125 - - [27/Jan/2010:14:38:05 -0800] "GET /publications.html HTTP/1.1" 200 3705 "http://morganlangille.com/past_research.html" "Mozilla/5.0 (X11; U; Linux x86_64; en-US; rv:1.9.1.7) Gecko/20100106 Ubuntu/9.10 (karmic) Firefox/3.5.7"
128.120.136.125 - - [27/Jan/2010:14:38:06 -0800] "GET /cv.html HTTP/1.1" 200 1098 "http://morganlangille.com/publications.html" "Mozilla/5.0 (X11; U; Linux x86_64; en-US; rv:1.9.1.7) Gecko/20100106 Ubuntu/9.10 (karmic) Firefox/3.5.7"
128.120.136.125 - - [27/Jan/2010:14:38:10 -0800] "GET /index.html HTTP/1.1" 200 1300 "http://morganlangille.com/current_research.html" "Mozilla/5.0 (X11; U; Linux x86_64; en-US; rv:1.9.1.7) Gecko/20100106 Ubuntu/9.10 (karmic) Firefox/3.5.7"
87.250.255.242 - - [27/Jan/2010:15:28:43 -0800] "GET /current_research.html HTTP/1.1" 304 - "-" "Yandex/1.01.001 (compatible; Win16; I)"
155.198.32.4 - - [28/Jan/2010:04:22:23 -0800] "GET / HTTP/1.1" 200 1300 "http://www.google.co.uk/search?q=morgan+langille&ie=utf-8&oe=utf-8&aq=t&rls=org.mozilla:en-GB:official&client=firefox-a" "Mozilla/5.0 (Windows; U; Windows NT 5.1; en-GB; rv:1.9.1.1) Gecko/20090715 Firefox/3.5.1 (.NET CLR 3.5.30729)"
155.198.32.4 - - [28/Jan/2010:04:22:24 -0800] "GET /style.css HTTP/1.1" 200 1361 "http://morganlangille.com/" "Mozilla/5.0 (Windows; U; Windows NT 5.1; en-GB; rv:1.9.1.1) Gecko/20090715 Firefox/3.5.1 (.NET CLR 3.5.30729)"
155.198.32.4 - - [28/Jan/2010:04:22:24 -0800] "GET /images/img01.jpg HTTP/1.1" 200 720 "http://morganlangille.com/style.css" "Mozilla/5.0 (Windows; U; Windows NT 5.1; en-GB; rv:1.9.1.1) Gecko/20090715 Firefox/3.5.1 (.NET CLR 3.5.30729)"
155.198.32.4 - - [28/Jan/2010:04:22:24 -0800] "GET /images/Morgan.jpg HTTP/1.1" 200 29830 "http://morganlangille.com/" "Mozilla/5.0 (Windows; U; Windows NT 5.1; en-GB; rv:1.9.1.1) Gecko/20090715 Firefox/3.5.1 (.NET CLR 3.5.30729)"
155.198.32.4 - - [28/Jan/2010:04:22:25 -0800] "GET /favicon.ico HTTP/1.1" 404 243 "-" "Mozilla/5.0 (Windows; U; Windows NT 5.1; en-GB; rv:1.9.1.1) Gecko/20090715 Firefox/3.5.1 (.NET CLR 3.5.30729)"
155.198.32.4 - - [28/Jan/2010:04:22:25 -0800] "GET /current_research.html HTTP/1.1" 200 1104 "http://morganlangille.com/" "Mozilla/5.0 (Windows; U; Windows NT 5.1; en-GB; rv:1.9.1.1) Gecko/20090715 Firefox/3.5.1 (.NET CLR 3.5.30729)"
155.198.32.4 - - [28/Jan/2010:04:22:27 -0800] "GET /past_research.html HTTP/1.1" 200 1106 "http://morganlangille.com/current_research.html" "Mozilla/5.0 (Windows; U; Windows NT 5.1; en-GB; rv:1.9.1.1) Gecko/20090715 Firefox/3.5.1 (.NET CLR 3.5.30729)"
155.198.32.4 - - [28/Jan/2010:04:22:28 -0800] "GET /favicon.ico HTTP/1.1" 404 243 "-" "Mozilla/5.0 (Windows; U; Windows NT 5.1; en-GB; rv:1.9.1.1) Gecko/20090715 Firefox/3.5.1 (.NET CLR 3.5.30729)"
155.198.32.4 - - [28/Jan/2010:04:22:28 -0800] "GET /favicon.ico HTTP/1.1" 404 243 "-" "Mozilla/5.0 (Windows; U; Windows NT 5.1; en-GB; rv:1.9.1.1) Gecko/20090715 Firefox/3.5.1 (.NET CLR 3.5.30729)"
155.198.32.4 - - [28/Jan/2010:04:22:28 -0800] "GET /favicon.ico HTTP/1.1" 404 243 "-" "Mozilla/5.0 (Windows; U; Windows NT 5.1; en-GB; rv:1.9.1.1) Gecko/20090715 Firefox/3.5.1 (.NET CLR 3.5.30729)"
155.198.32.4 - - [28/Jan/2010:04:22:31 -0800] "GET /index.html HTTP/1.1" 200 1300 "http://morganlangille.com/past_research.html" "Mozilla/5.0 (Windows; U; Windows NT 5.1; en-GB; rv:1.9.1.1) Gecko/20090715 Firefox/3.5.1 (.NET CLR 3.5.30729)"
87.250.255.242 - - [28/Jan/2010:06:04:50 -0800] "GET /robots.txt HTTP/1.1" 404 296 "-" "Yandex/1.01.001 (compatible; Win16; I)"
87.250.255.242 - - [28/Jan/2010:06:04:53 -0800] "GET /cv.html HTTP/1.1" 304 - "-" "Yandex/1.01.001 (compatible; Win16; I)"
129.132.219.18 - - [28/Jan/2010:06:09:11 -0800] "GET / HTTP/1.1" 200 1300 "http://www.biotorrents.net/faq.php" "Mozilla/5.0 (Windows; U; Windows NT 5.1; de; rv:1.9.1.7) Gecko/20091221 Firefox/3.5.7"
129.132.219.18 - - [28/Jan/2010:06:09:11 -0800] "GET /style.css HTTP/1.1" 200 1361 "http://morganlangille.com/" "Mozilla/5.0 (Windows; U; Windows NT 5.1; de; rv:1.9.1.7) Gecko/20091221 Firefox/3.5.7"
129.132.219.18 - - [28/Jan/2010:06:09:12 -0800] "GET /images/Morgan.jpg HTTP/1.1" 200 29830 "http://morganlangille.com/" "Mozilla/5.0 (Windows; U; Windows NT 5.1; de; rv:1.9.1.7) Gecko/20091221 Firefox/3.5.7"
129.132.219.18 - - [28/Jan/2010:06:09:12 -0800] "GET /images/img01.jpg HTTP/1.1" 200 720 "http://morganlangille.com/style.css" "Mozilla/5.0 (Windows; U; Windows NT 5.1; de; rv:1.9.1.7) Gecko/20091221 Firefox/3.5.7"
129.132.219.18 - - [28/Jan/2010:06:09:12 -0800] "GET /favicon.ico HTTP/1.1" 404 243 "-" "Mozilla/5.0 (Windows; U; Windows NT 5.1; de; rv:1.9.1.7) Gecko/20091221 Firefox/3.5.7"
129.132.219.18 - - [28/Jan/2010:06:09:15 -0800] "GET /favicon.ico HTTP/1.1" 404 243 "-" "Mozilla/5.0 (Windows; U; Windows NT 5.1; de; rv:1.9.1.7) Gecko/20091221 Firefox/3.5.7"
129.132.219.18 - - [28/Jan/2010:06:09:42 -0800] "GET /cv.html HTTP/1.1" 200 1098 "http://morganlangille.com/" "Mozilla/5.0 (Windows; U; Windows NT 5.1; de; rv:1.9.1.7) Gecko/20091221 Firefox/3.5.7"
129.132.219.18 - - [28/Jan/2010:06:09:44 -0800] "GET /publications.html HTTP/1.1" 200 3705 "http://morganlangille.com/cv.html" "Mozilla/5.0 (Windows; U; Windows NT 5.1; de; rv:1.9.1.7) Gecko/20091221 Firefox/3.5.7"
65.55.106.114 - - [28/Jan/2010:07:40:18 -0800] "GET /robots.txt HTTP/1.1" 404 292 "-" "msnbot/2.0b (+http://search.msn.com/msnbot.htm)"
65.55.106.114 - - [28/Jan/2010:07:41:22 -0800] "GET /past_research.html HTTP/1.1" 200 1106 "-" "msnbot/2.0b (+http://search.msn.com/msnbot.htm)"
87.250.255.242 - - [28/Jan/2010:16:25:42 -0800] "GET /index.html HTTP/1.1" 200 1300 "-" "Yandex/1.01.001 (compatible; Win16; I)"
193.47.80.46 - - [28/Jan/2010:18:15:20 -0800] "GET /robots.txt HTTP/1.1" 404 246 "-" "Mozilla/5.0 (compatible; Exabot/3.0; +http://www.exabot.com/go/robot)"
193.47.80.46 - - [28/Jan/2010:18:15:21 -0800] "GET /current_research.html HTTP/1.1" 200 1104 "-" "Mozilla/5.0 (compatible; Exabot/3.0; +http://www.exabot.com/go/robot)"
65.55.106.233 - - [28/Jan/2010:20:55:08 -0800] "GET /robots.txt HTTP/1.1" 404 292 "-" "msnbot/2.0b (+http://search.msn.com/msnbot.htm)"
65.55.106.233 - - [28/Jan/2010:20:56:25 -0800] "GET / HTTP/1.1" 304 - "-" "msnbot/2.0b (+http://search.msn.com/msnbot.htm)"
67.195.112.107 - - [29/Jan/2010:02:24:44 -0800] "GET /robots.txt HTTP/1.0" 404 243 "-" "Mozilla/5.0 (compatible; Yahoo! Slurp; http://help.yahoo.com/help/us/ysearch/slurp)"
67.195.112.107 - - [29/Jan/2010:02:24:45 -0800] "GET /index.html HTTP/1.0" 200 1300 "-" "Mozilla/5.0 (compatible; Yahoo! Slurp/3.0; http://help.yahoo.com/help/us/ysearch/slurp)"
67.195.112.107 - - [29/Jan/2010:02:24:46 -0800] "GET /style.css HTTP/1.0" 200 1361 "http://morganlangille.com/index.html" "Mozilla/5.0 (compatible; Yahoo! Slurp/3.0; http://help.yahoo.com/help/us/ysearch/slurp)"
208.80.193.28 - - [29/Jan/2010:03:39:47 -0800] "GET / HTTP/1.0" 200 3344 "-" "Mozilla/4.0 (compatible; MSIE 7.0; Windows NT 5.1; Mozilla/4.0 (compatible; MSIE 6.0; Windows NT 5.1; SV1) ; .NET CLR 1.0.3705; .NET CLR 1.1.4322; .NET CLR 2.0.50727)"
87.250.255.242 - - [29/Jan/2010:11:07:17 -0800] "GET /robots.txt HTTP/1.1" 404 292 "-" "Yandex/1.01.001 (compatible; Win16; I)"
216.129.119.41 - - [29/Jan/2010:14:01:10 -0800] "GET /robots.txt HTTP/1.0" 404 243 "-" "Mozilla/5.0 (Twiceler-0.9 http://www.cuil.com/twiceler/robot.html)"
87.250.255.242 - - [29/Jan/2010:14:34:02 -0800] "GET /index.html HTTP/1.1" 200 1300 "-" "Yandex/1.01.001 (compatible; Win16; I)"
66.249.71.47 - - [29/Jan/2010:15:35:40 -0800] "GET /robots.txt HTTP/1.1" 404 243 "-" "Mozilla/5.0 (compatible; Googlebot/2.1; +http://www.google.com/bot.html)"
66.249.71.47 - - [29/Jan/2010:15:35:41 -0800] "GET /cv.html HTTP/1.1" 200 1098 "-" "Mozilla/5.0 (compatible; Googlebot/2.1; +http://www.google.com/bot.html)"
87.250.255.242 - - [29/Jan/2010:16:42:22 -0800] "GET / HTTP/1.1" 200 1300 "-" "Yandex/1.01.001 (compatible; Win16; I)"
66.249.71.47 - - [29/Jan/2010:17:28:21 -0800] "GET / HTTP/1.1" 200 1300 "-" "Mozilla/5.0 (compatible; Googlebot/2.1; +http://www.google.com/bot.html)"
66.249.71.47 - - [29/Jan/2010:19:19:13 -0800] "GET /index.html HTTP/1.1" 200 1300 "-" "Mozilla/5.0 (compatible; Googlebot/2.1; +http://www.google.com/bot.html)"
66.235.124.55 - - [29/Jan/2010:22:50:08 -0800] "GET /robots.txt HTTP/1.1" 404 292 "-" "Mozilla/5.0 (compatible; Ask Jeeves/Teoma; +http://about.ask.com/en/docs/about/webmasters.shtml)"
66.235.124.55 - - [29/Jan/2010:22:50:09 -0800] "GET /publications.html HTTP/1.1" 200 3705 "-" "Mozilla/5.0 (compatible; Ask Jeeves/Teoma; +http://about.ask.com/en/docs/about/webmasters.shtml)"
122.183.232.130 - - [30/Jan/2010:01:00:06 -0800] "GET / HTTP/1.0" 200 3344 "http://www.blogger.com/profile/15991960337694557528" "Mozilla/4.0 (compatible; MSIE 6.0; Windows NT 5.1; SV1; .NET CLR 1.1.4322)"
122.183.232.130 - - [30/Jan/2010:01:00:07 -0800] "GET /style.css HTTP/1.0" 200 5010 "http://www.morganlangille.com/" "Mozilla/4.0 (compatible; MSIE 6.0; Windows NT 5.1; SV1; .NET CLR 1.1.4322)"
122.183.232.130 - - [30/Jan/2010:01:00:07 -0800] "GET /images/Morgan.jpg HTTP/1.0" 200 29830 "http://www.morganlangille.com/" "Mozilla/4.0 (compatible; MSIE 6.0; Windows NT 5.1; SV1; .NET CLR 1.1.4322)"
122.183.232.130 - - [30/Jan/2010:01:00:08 -0800] "GET /images/img01.jpg HTTP/1.0" 200 720 "http://www.morganlangille.com/" "Mozilla/4.0 (compatible; MSIE 6.0; Windows NT 5.1; SV1; .NET CLR 1.1.4322)"
122.183.232.130 - - [30/Jan/2010:01:01:26 -0800] "GET /current_research.html HTTP/1.0" 200 2910 "http://www.morganlangille.com/" "Mozilla/4.0 (compatible; MSIE 6.0; Windows NT 5.1; SV1; .NET CLR 1.1.4322)"
122.183.232.130 - - [30/Jan/2010:01:01:26 -0800] "GET /style.css HTTP/1.0" 200 5010 "http://www.morganlangille.com/current_research.html" "Mozilla/4.0 (compatible; MSIE 6.0; Windows NT 5.1; SV1; .NET CLR 1.1.4322)"
122.183.232.130 - - [30/Jan/2010:01:01:35 -0800] "GET /past_research.html HTTP/1.0" 200 2911 "http://www.morganlangille.com/current_research.html" "Mozilla/4.0 (compatible; MSIE 6.0; Windows NT 5.1; SV1; .NET CLR 1.1.4322)"
122.183.232.130 - - [30/Jan/2010:01:01:35 -0800] "GET /style.css HTTP/1.0" 200 5010 "http://www.morganlangille.com/past_research.html" "Mozilla/4.0 (compatible; MSIE 6.0; Windows NT 5.1; SV1; .NET CLR 1.1.4322)"
122.183.232.130 - - [30/Jan/2010:01:01:36 -0800] "GET /publications.html HTTP/1.0" 200 10002 "http://www.morganlangille.com/past_research.html" "Mozilla/4.0 (compatible; MSIE 6.0; Windows NT 5.1; SV1; .NET CLR 1.1.4322)"
122.183.232.130 - - [30/Jan/2010:01:01:37 -0800] "GET /style.css HTTP/1.0" 200 5010 "http://www.morganlangille.com/publications.html" "Mozilla/4.0 (compatible; MSIE 6.0; Windows NT 5.1; SV1; .NET CLR 1.1.4322)"
122.183.232.130 - - [30/Jan/2010:01:01:54 -0800] "GET /past_research.html HTTP/1.0" 200 2911 "http://www.morganlangille.com/current_research.html" "Mozilla/4.0 (compatible; MSIE 6.0; Windows NT 5.1; SV1; .NET CLR 1.1.4322)"
122.183.232.130 - - [30/Jan/2010:01:01:55 -0800] "GET /style.css HTTP/1.0" 200 5010 "http://www.morganlangille.com/past_research.html" "Mozilla/4.0 (compatible; MSIE 6.0; Windows NT 5.1; SV1; .NET CLR 1.1.4322)"
122.183.232.130 - - [30/Jan/2010:01:02:19 -0800] "GET /current_research.html HTTP/1.0" 200 2910 "http://www.morganlangille.com/" "Mozilla/4.0 (compatible; MSIE 6.0; Windows NT 5.1; SV1; .NET CLR 1.1.4322)"
122.183.232.130 - - [30/Jan/2010:01:02:19 -0800] "GET /style.css HTTP/1.0" 200 5010 "http://www.morganlangille.com/current_research.html" "Mozilla/4.0 (compatible; MSIE 6.0; Windows NT 5.1; SV1; .NET CLR 1.1.4322)"
122.183.232.130 - - [30/Jan/2010:01:02:20 -0800] "GET /index.html HTTP/1.0" 200 3344 "http://www.morganlangille.com/current_research.html" "Mozilla/4.0 (compatible; MSIE 6.0; Windows NT 5.1; SV1; .NET CLR 1.1.4322)"
122.183.232.130 - - [30/Jan/2010:01:02:21 -0800] "GET /style.css HTTP/1.0" 200 5010 "http://www.morganlangille.com/index.html" "Mozilla/4.0 (compatible; MSIE 6.0; Windows NT 5.1; SV1; .NET CLR 1.1.4322)"
67.195.112.107 - - [30/Jan/2010:01:38:30 -0800] "GET /robots.txt HTTP/1.0" 404 243 "-" "Mozilla/5.0 (compatible; Yahoo! Slurp; http://help.yahoo.com/help/us/ysearch/slurp)"
67.195.112.107 - - [30/Jan/2010:01:38:30 -0800] "GET / HTTP/1.0" 200 1300 "-" "Mozilla/5.0 (compatible; Yahoo! Slurp/3.0; http://help.yahoo.com/help/us/ysearch/slurp)"
67.195.112.107 - - [30/Jan/2010:01:38:31 -0800] "GET /style.css HTTP/1.0" 200 1361 "http://morganlangille.com/" "Mozilla/5.0 (compatible; Yahoo! Slurp/3.0; http://help.yahoo.com/help/us/ysearch/slurp)"
65.55.207.78 - - [30/Jan/2010:03:06:13 -0800] "GET /robots.txt HTTP/1.1" 404 292 "-" "msnbot/2.0b (+http://search.msn.com/msnbot.htm)"
65.55.207.78 - - [30/Jan/2010:03:07:24 -0800] "GET /publications.html HTTP/1.1" 304 - "-" "msnbot/2.0b (+http://search.msn.com/msnbot.htm)"
74.52.245.146 - - [30/Jan/2010:04:28:22 -0800] "GET / HTTP/1.0" 200 3344 "-" "Mozilla/5.0 (X11; U; Linux i686; en-US; rv:1.7.5) Gecko/20041107 Firefox/1.0"
65.55.106.210 - - [30/Jan/2010:05:22:32 -0800] "GET /robots.txt HTTP/1.1" 404 292 "-" "msnbot/2.0b (+http://search.msn.com/msnbot.htm)"
