128.120.136.244 - - [01/Feb/2010:16:42:19 -0800] "GET /index.php HTTP/1.1" 200 1300 "http://morganlangille.com/current_research.php" "Mozilla/5.0 (X11; U; Linux x86_64; en-US; rv:1.9.1.7) Gecko/20100106 Ubuntu/9.10 (karmic) Firefox/3.5.7"
128.120.136.244 - - [01/Feb/2010:16:43:14 -0800] "GET / HTTP/1.1" 200 1300 "-" "Mozilla/5.0 (X11; U; Linux x86_64; en-US; rv:1.9.1.7) Gecko/20100106 Ubuntu/9.10 (karmic) Firefox/3.5.7"
128.120.136.244 - - [01/Feb/2010:16:43:14 -0800] "GET /style.css HTTP/1.1" 304 - "http://morganlangille.com/" "Mozilla/5.0 (X11; U; Linux x86_64; en-US; rv:1.9.1.7) Gecko/20100106 Ubuntu/9.10 (karmic) Firefox/3.5.7"
128.120.136.244 - - [01/Feb/2010:16:43:14 -0800] "GET /images/Morgan.jpg HTTP/1.1" 304 - "http://morganlangille.com/" "Mozilla/5.0 (X11; U; Linux x86_64; en-US; rv:1.9.1.7) Gecko/20100106 Ubuntu/9.10 (karmic) Firefox/3.5.7"
128.120.136.244 - - [01/Feb/2010:16:43:14 -0800] "GET /images/img01.jpg HTTP/1.1" 304 - "http://morganlangille.com/style.css" "Mozilla/5.0 (X11; U; Linux x86_64; en-US; rv:1.9.1.7) Gecko/20100106 Ubuntu/9.10 (karmic) Firefox/3.5.7"
128.120.136.244 - - [01/Feb/2010:16:43:23 -0800] "GET / HTTP/1.1" 200 1300 "-" "Mozilla/5.0 (X11; U; Linux x86_64; en-US; rv:1.9.1.7) Gecko/20100106 Ubuntu/9.10 (karmic) Firefox/3.5.7"
128.120.136.244 - - [01/Feb/2010:16:43:30 -0800] "GET /index.php HTTP/1.1" 200 1300 "http://morganlangille.com/" "Mozilla/5.0 (X11; U; Linux x86_64; en-US; rv:1.9.1.7) Gecko/20100106 Ubuntu/9.10 (karmic) Firefox/3.5.7"
128.120.136.244 - - [01/Feb/2010:16:43:31 -0800] "GET /current_research.php HTTP/1.1" 200 1099 "http://morganlangille.com/index.php" "Mozilla/5.0 (X11; U; Linux x86_64; en-US; rv:1.9.1.7) Gecko/20100106 Ubuntu/9.10 (karmic) Firefox/3.5.7"
128.120.136.244 - - [01/Feb/2010:16:43:32 -0800] "GET /past_research.php HTTP/1.1" 200 1099 "http://morganlangille.com/current_research.php" "Mozilla/5.0 (X11; U; Linux x86_64; en-US; rv:1.9.1.7) Gecko/20100106 Ubuntu/9.10 (karmic) Firefox/3.5.7"
128.120.136.244 - - [01/Feb/2010:16:43:32 -0800] "GET /publications.php HTTP/1.1" 200 1310 "http://morganlangille.com/past_research.php" "Mozilla/5.0 (X11; U; Linux x86_64; en-US; rv:1.9.1.7) Gecko/20100106 Ubuntu/9.10 (karmic) Firefox/3.5.7"
128.120.136.244 - - [01/Feb/2010:16:43:36 -0800] "GET /__history__.html?0 HTTP/1.1" 404 247 "http://morganlangille.com/publications.php" "Mozilla/5.0 (X11; U; Linux x86_64; en-US; rv:1.9.1.7) Gecko/20100106 Ubuntu/9.10 (karmic) Firefox/3.5.7"
128.120.136.244 - - [01/Feb/2010:16:45:30 -0800] "GET /past_research.php HTTP/1.1" 200 1099 "http://morganlangille.com/publications.php" "Mozilla/5.0 (X11; U; Linux x86_64; en-US; rv:1.9.1.7) Gecko/20100106 Ubuntu/9.10 (karmic) Firefox/3.5.7"
128.120.136.244 - - [01/Feb/2010:16:45:31 -0800] "GET /publications.php HTTP/1.1" 200 1314 "http://morganlangille.com/past_research.php" "Mozilla/5.0 (X11; U; Linux x86_64; en-US; rv:1.9.1.7) Gecko/20100106 Ubuntu/9.10 (karmic) Firefox/3.5.7"
128.120.136.244 - - [01/Feb/2010:16:45:32 -0800] "GET /__history__.html?0 HTTP/1.1" 404 247 "http://morganlangille.com/publications.php" "Mozilla/5.0 (X11; U; Linux x86_64; en-US; rv:1.9.1.7) Gecko/20100106 Ubuntu/9.10 (karmic) Firefox/3.5.7"
128.120.136.244 - - [01/Feb/2010:16:47:47 -0800] "GET /publications.php HTTP/1.1" 200 1314 "http://morganlangille.com/past_research.php" "Mozilla/5.0 (X11; U; Linux x86_64; en-US; rv:1.9.1.7) Gecko/20100106 Ubuntu/9.10 (karmic) Firefox/3.5.7"
128.120.136.244 - - [01/Feb/2010:16:47:47 -0800] "GET /style.css HTTP/1.1" 304 - "http://morganlangille.com/publications.php" "Mozilla/5.0 (X11; U; Linux x86_64; en-US; rv:1.9.1.7) Gecko/20100106 Ubuntu/9.10 (karmic) Firefox/3.5.7"
128.120.136.244 - - [01/Feb/2010:16:47:48 -0800] "GET /images/img01.jpg HTTP/1.1" 304 - "http://morganlangille.com/style.css" "Mozilla/5.0 (X11; U; Linux x86_64; en-US; rv:1.9.1.7) Gecko/20100106 Ubuntu/9.10 (karmic) Firefox/3.5.7"
128.120.136.244 - - [01/Feb/2010:16:47:49 -0800] "GET /__history__.html?0 HTTP/1.1" 404 247 "http://morganlangille.com/publications.php" "Mozilla/5.0 (X11; U; Linux x86_64; en-US; rv:1.9.1.7) Gecko/20100106 Ubuntu/9.10 (karmic) Firefox/3.5.7"
128.120.136.244 - - [01/Feb/2010:16:48:04 -0800] "GET / HTTP/1.1" 200 1300 "-" "Mozilla/5.0 (X11; U; Linux x86_64; en-US; rv:1.9.1.7) Gecko/20100106 Ubuntu/9.10 (karmic) Firefox/3.5.7"
128.120.136.244 - - [01/Feb/2010:16:48:04 -0800] "GET /style.css HTTP/1.1" 304 - "http://morganlangille.com/" "Mozilla/5.0 (X11; U; Linux x86_64; en-US; rv:1.9.1.7) Gecko/20100106 Ubuntu/9.10 (karmic) Firefox/3.5.7"
128.120.136.244 - - [01/Feb/2010:16:48:04 -0800] "GET /images/Morgan.jpg HTTP/1.1" 304 - "http://morganlangille.com/" "Mozilla/5.0 (X11; U; Linux x86_64; en-US; rv:1.9.1.7) Gecko/20100106 Ubuntu/9.10 (karmic) Firefox/3.5.7"
128.120.136.244 - - [01/Feb/2010:16:48:04 -0800] "GET /images/img01.jpg HTTP/1.1" 304 - "http://morganlangille.com/style.css" "Mozilla/5.0 (X11; U; Linux x86_64; en-US; rv:1.9.1.7) Gecko/20100106 Ubuntu/9.10 (karmic) Firefox/3.5.7"
128.120.136.244 - - [01/Feb/2010:16:48:17 -0800] "GET /index.html HTTP/1.1" 404 242 "http://morganlangille.com/publications.php" "Mozilla/5.0 (X11; U; Linux x86_64; en-US; rv:1.9.1.7) Gecko/20100106 Ubuntu/9.10 (karmic) Firefox/3.5.7"
128.120.136.244 - - [01/Feb/2010:16:48:20 -0800] "GET /publications.php HTTP/1.1" 200 1314 "-" "Mozilla/5.0 (X11; U; Linux x86_64; en-US; rv:1.9.1.7) Gecko/20100106 Ubuntu/9.10 (karmic) Firefox/3.5.7"
128.120.136.244 - - [01/Feb/2010:16:48:20 -0800] "GET /style.css HTTP/1.1" 304 - "http://morganlangille.com/publications.php" "Mozilla/5.0 (X11; U; Linux x86_64; en-US; rv:1.9.1.7) Gecko/20100106 Ubuntu/9.10 (karmic) Firefox/3.5.7"
128.120.136.244 - - [01/Feb/2010:16:48:21 -0800] "GET /images/img01.jpg HTTP/1.1" 304 - "http://morganlangille.com/style.css" "Mozilla/5.0 (X11; U; Linux x86_64; en-US; rv:1.9.1.7) Gecko/20100106 Ubuntu/9.10 (karmic) Firefox/3.5.7"
128.120.136.244 - - [01/Feb/2010:16:48:22 -0800] "GET /__history__.html?0 HTTP/1.1" 404 247 "http://morganlangille.com/publications.php" "Mozilla/5.0 (X11; U; Linux x86_64; en-US; rv:1.9.1.7) Gecko/20100106 Ubuntu/9.10 (karmic) Firefox/3.5.7"
128.120.136.244 - - [01/Feb/2010:16:48:23 -0800] "GET /index.php HTTP/1.1" 200 1300 "http://morganlangille.com/publications.php" "Mozilla/5.0 (X11; U; Linux x86_64; en-US; rv:1.9.1.7) Gecko/20100106 Ubuntu/9.10 (karmic) Firefox/3.5.7"
128.120.136.244 - - [01/Feb/2010:16:48:27 -0800] "GET /current_research.php HTTP/1.1" 200 1099 "http://morganlangille.com/index.php" "Mozilla/5.0 (X11; U; Linux x86_64; en-US; rv:1.9.1.7) Gecko/20100106 Ubuntu/9.10 (karmic) Firefox/3.5.7"
128.120.136.244 - - [01/Feb/2010:16:48:27 -0800] "GET /past_research.php HTTP/1.1" 200 1099 "http://morganlangille.com/current_research.php" "Mozilla/5.0 (X11; U; Linux x86_64; en-US; rv:1.9.1.7) Gecko/20100106 Ubuntu/9.10 (karmic) Firefox/3.5.7"
128.120.136.244 - - [01/Feb/2010:16:48:28 -0800] "GET /publications.php HTTP/1.1" 200 1314 "http://morganlangille.com/past_research.php" "Mozilla/5.0 (X11; U; Linux x86_64; en-US; rv:1.9.1.7) Gecko/20100106 Ubuntu/9.10 (karmic) Firefox/3.5.7"
128.120.136.244 - - [01/Feb/2010:16:48:29 -0800] "GET /__history__.html?0 HTTP/1.1" 404 247 "http://morganlangille.com/publications.php" "Mozilla/5.0 (X11; U; Linux x86_64; en-US; rv:1.9.1.7) Gecko/20100106 Ubuntu/9.10 (karmic) Firefox/3.5.7"
128.120.136.244 - - [01/Feb/2010:16:48:29 -0800] "GET /cv.php HTTP/1.1" 200 1095 "http://morganlangille.com/publications.php" "Mozilla/5.0 (X11; U; Linux x86_64; en-US; rv:1.9.1.7) Gecko/20100106 Ubuntu/9.10 (karmic) Firefox/3.5.7"
128.120.136.244 - - [01/Feb/2010:16:48:39 -0800] "GET /publications.php HTTP/1.1" 200 1314 "http://morganlangille.com/cv.php" "Mozilla/5.0 (X11; U; Linux x86_64; en-US; rv:1.9.1.7) Gecko/20100106 Ubuntu/9.10 (karmic) Firefox/3.5.7"
128.120.136.244 - - [01/Feb/2010:16:48:40 -0800] "GET /__history__.html?0 HTTP/1.1" 404 247 "http://morganlangille.com/publications.php" "Mozilla/5.0 (X11; U; Linux x86_64; en-US; rv:1.9.1.7) Gecko/20100106 Ubuntu/9.10 (karmic) Firefox/3.5.7"
65.55.207.48 - - [01/Feb/2010:19:35:17 -0800] "GET /robots.txt HTTP/1.1" 404 292 "-" "msnbot/2.0b (+http://search.msn.com/msnbot.htm)"
65.55.207.48 - - [01/Feb/2010:19:35:55 -0800] "GET / HTTP/1.1" 200 1300 "-" "msnbot/2.0b (+http://search.msn.com/msnbot.htm)"
24.113.187.2 - - [01/Feb/2010:21:03:47 -0800] "GET /favicon.ico HTTP/1.1" 404 243 "-" "Mozilla/5.0 (Windows; U; Windows NT 6.1; en-US; rv:1.9.1.7) Gecko/20091221 Firefox/3.5.7"
24.113.187.2 - - [01/Feb/2010:21:04:43 -0800] "GET /index.html HTTP/1.1" 404 242 "http://morganlangille.com/publications2.php" "Mozilla/5.0 (Windows; U; Windows NT 6.1; en-US; rv:1.9.1.7) Gecko/20091221 Firefox/3.5.7"
24.113.187.2 - - [01/Feb/2010:21:04:49 -0800] "GET /style.css HTTP/1.1" 304 - "http://morganlangille.com/" "Mozilla/5.0 (Windows; U; Windows NT 6.1; en-US; rv:1.9.1.7) Gecko/20091221 Firefox/3.5.7"
24.113.187.2 - - [01/Feb/2010:21:05:44 -0800] "GET / HTTP/1.1" 200 1300 "-" "Mozilla/5.0 (Windows; U; Windows NT 6.1; en-US; rv:1.9.1.7) Gecko/20091221 Firefox/3.5.7"
24.113.187.2 - - [01/Feb/2010:21:05:45 -0800] "GET /style.css HTTP/1.1" 304 - "http://morganlangille.com/" "Mozilla/5.0 (Windows; U; Windows NT 6.1; en-US; rv:1.9.1.7) Gecko/20091221 Firefox/3.5.7"
24.113.187.2 - - [01/Feb/2010:21:05:45 -0800] "GET /images/img01.jpg HTTP/1.1" 304 - "http://morganlangille.com/style.css" "Mozilla/5.0 (Windows; U; Windows NT 6.1; en-US; rv:1.9.1.7) Gecko/20091221 Firefox/3.5.7"
24.113.187.2 - - [01/Feb/2010:21:05:45 -0800] "GET /images/Morgan.jpg HTTP/1.1" 304 - "http://morganlangille.com/" "Mozilla/5.0 (Windows; U; Windows NT 6.1; en-US; rv:1.9.1.7) Gecko/20091221 Firefox/3.5.7"
24.113.187.2 - - [01/Feb/2010:21:05:49 -0800] "GET /current_research.php HTTP/1.1" 200 1099 "http://morganlangille.com/" "Mozilla/5.0 (Windows; U; Windows NT 6.1; en-US; rv:1.9.1.7) Gecko/20091221 Firefox/3.5.7"
24.113.187.2 - - [01/Feb/2010:21:05:52 -0800] "GET /publications.php HTTP/1.1" 200 1314 "http://morganlangille.com/current_research.php" "Mozilla/5.0 (Windows; U; Windows NT 6.1; en-US; rv:1.9.1.7) Gecko/20091221 Firefox/3.5.7"
24.113.187.2 - - [01/Feb/2010:21:05:56 -0800] "GET /__history__.html?0 HTTP/1.1" 404 247 "http://morganlangille.com/publications.php" "Mozilla/5.0 (Windows; U; Windows NT 6.1; en-US; rv:1.9.1.7) Gecko/20091221 Firefox/3.5.7"
24.113.187.2 - - [01/Feb/2010:21:06:23 -0800] "GET /__history__.html?1 HTTP/1.1" 404 247 "http://morganlangille.com/publications.php" "Mozilla/5.0 (Windows; U; Windows NT 6.1; en-US; rv:1.9.1.7) Gecko/20091221 Firefox/3.5.7"
24.113.187.2 - - [01/Feb/2010:21:06:30 -0800] "GET /__history__.html?2 HTTP/1.1" 404 247 "http://morganlangille.com/publications.php" "Mozilla/5.0 (Windows; U; Windows NT 6.1; en-US; rv:1.9.1.7) Gecko/20091221 Firefox/3.5.7"
24.113.187.2 - - [01/Feb/2010:21:06:32 -0800] "GET /__history__.html?3 HTTP/1.1" 404 247 "http://morganlangille.com/publications.php" "Mozilla/5.0 (Windows; U; Windows NT 6.1; en-US; rv:1.9.1.7) Gecko/20091221 Firefox/3.5.7"
24.113.187.2 - - [01/Feb/2010:21:06:34 -0800] "GET /__history__.html?4 HTTP/1.1" 404 247 "http://morganlangille.com/publications.php" "Mozilla/5.0 (Windows; U; Windows NT 6.1; en-US; rv:1.9.1.7) Gecko/20091221 Firefox/3.5.7"
24.113.187.2 - - [01/Feb/2010:21:06:36 -0800] "GET /__history__.html?5 HTTP/1.1" 404 247 "http://morganlangille.com/publications.php" "Mozilla/5.0 (Windows; U; Windows NT 6.1; en-US; rv:1.9.1.7) Gecko/20091221 Firefox/3.5.7"
24.113.187.2 - - [01/Feb/2010:21:06:46 -0800] "GET /__history__.html?6 HTTP/1.1" 404 247 "http://morganlangille.com/publications.php" "Mozilla/5.0 (Windows; U; Windows NT 6.1; en-US; rv:1.9.1.7) Gecko/20091221 Firefox/3.5.7"
24.113.187.2 - - [01/Feb/2010:21:06:51 -0800] "GET /index.php HTTP/1.1" 200 1300 "http://morganlangille.com/publications.php" "Mozilla/5.0 (Windows; U; Windows NT 6.1; en-US; rv:1.9.1.7) Gecko/20091221 Firefox/3.5.7"
24.113.187.2 - - [01/Feb/2010:21:06:54 -0800] "GET /current_research.php HTTP/1.1" 200 1099 "http://morganlangille.com/index.php" "Mozilla/5.0 (Windows; U; Windows NT 6.1; en-US; rv:1.9.1.7) Gecko/20091221 Firefox/3.5.7"
24.113.187.2 - - [01/Feb/2010:21:06:56 -0800] "GET /past_research.php HTTP/1.1" 200 1099 "http://morganlangille.com/current_research.php" "Mozilla/5.0 (Windows; U; Windows NT 6.1; en-US; rv:1.9.1.7) Gecko/20091221 Firefox/3.5.7"
24.113.187.2 - - [01/Feb/2010:21:06:57 -0800] "GET /publications.php HTTP/1.1" 200 1314 "http://morganlangille.com/past_research.php" "Mozilla/5.0 (Windows; U; Windows NT 6.1; en-US; rv:1.9.1.7) Gecko/20091221 Firefox/3.5.7"
24.113.187.2 - - [01/Feb/2010:21:06:59 -0800] "GET /__history__.html?0 HTTP/1.1" 404 247 "http://morganlangille.com/publications.php" "Mozilla/5.0 (Windows; U; Windows NT 6.1; en-US; rv:1.9.1.7) Gecko/20091221 Firefox/3.5.7"
194.72.238.61 - - [02/Feb/2010:02:55:50 -0800] "HEAD / HTTP/1.1" 200 - "http://www.netcraft.com/survey/" "Mozilla/4.0 (compatible; Netcraft Web Server Survey)"
87.250.255.242 - - [02/Feb/2010:04:05:31 -0800] "GET /publications.html HTTP/1.1" 404 247 "-" "Yandex/1.01.001 (compatible; Win16; I)"
87.250.255.242 - - [02/Feb/2010:04:05:36 -0800] "GET /publications.html HTTP/1.1" 404 249 "-" "Yandex/1.01.001 (compatible; Win16; I)"
66.249.85.65 - - [02/Feb/2010:06:43:41 -0800] "GET / HTTP/1.1" 200 1300 "-" "Feedfetcher-Google; (+http://www.google.com/feedfetcher.html; feed-id=7391994924387676245)"
128.120.136.210 - - [02/Feb/2010:11:02:12 -0800] "GET / HTTP/1.1" 200 1300 "http://www.google.com/search?q=morganlangille&ie=utf-8&oe=utf-8&aq=t&rls=com.ubuntu:en-US:official&client=firefox-a" "Mozilla/5.0 (X11; U; Linux x86_64; en-US; rv:1.9.1.7) Gecko/20100106 Ubuntu/9.10 (karmic) Firefox/3.5.7"
128.120.136.210 - - [02/Feb/2010:11:02:12 -0800] "GET /style.css HTTP/1.1" 304 - "http://morganlangille.com/" "Mozilla/5.0 (X11; U; Linux x86_64; en-US; rv:1.9.1.7) Gecko/20100106 Ubuntu/9.10 (karmic) Firefox/3.5.7"
128.120.136.210 - - [02/Feb/2010:11:02:14 -0800] "GET /publications.php HTTP/1.1" 200 1314 "http://morganlangille.com/" "Mozilla/5.0 (X11; U; Linux x86_64; en-US; rv:1.9.1.7) Gecko/20100106 Ubuntu/9.10 (karmic) Firefox/3.5.7"
128.120.136.210 - - [02/Feb/2010:11:02:14 -0800] "GET /favicon.ico HTTP/1.1" 404 243 "-" "Mozilla/5.0 (X11; U; Linux x86_64; en-US; rv:1.9.1.7) Gecko/20100106 Ubuntu/9.10 (karmic) Firefox/3.5.7"
128.120.136.210 - - [02/Feb/2010:11:02:15 -0800] "GET /__history__.html?0 HTTP/1.1" 404 247 "http://morganlangille.com/publications.php" "Mozilla/5.0 (X11; U; Linux x86_64; en-US; rv:1.9.1.7) Gecko/20100106 Ubuntu/9.10 (karmic) Firefox/3.5.7"
128.120.136.210 - - [02/Feb/2010:11:02:28 -0800] "GET /index.php HTTP/1.1" 200 1300 "http://morganlangille.com/publications.php" "Mozilla/5.0 (X11; U; Linux x86_64; en-US; rv:1.9.1.7) Gecko/20100106 Ubuntu/9.10 (karmic) Firefox/3.5.7"
128.120.136.210 - - [02/Feb/2010:11:02:32 -0800] "GET /cv.php HTTP/1.1" 200 1095 "http://morganlangille.com/index.php" "Mozilla/5.0 (X11; U; Linux x86_64; en-US; rv:1.9.1.7) Gecko/20100106 Ubuntu/9.10 (karmic) Firefox/3.5.7"
128.120.136.210 - - [02/Feb/2010:11:02:33 -0800] "GET /publications.php HTTP/1.1" 200 1314 "http://morganlangille.com/cv.php" "Mozilla/5.0 (X11; U; Linux x86_64; en-US; rv:1.9.1.7) Gecko/20100106 Ubuntu/9.10 (karmic) Firefox/3.5.7"
128.120.136.210 - - [02/Feb/2010:11:02:33 -0800] "GET /__history__.html?0 HTTP/1.1" 404 247 "http://morganlangille.com/publications.php" "Mozilla/5.0 (X11; U; Linux x86_64; en-US; rv:1.9.1.7) Gecko/20100106 Ubuntu/9.10 (karmic) Firefox/3.5.7"
128.120.136.210 - - [02/Feb/2010:11:02:35 -0800] "GET /current_research.php HTTP/1.1" 200 1099 "http://morganlangille.com/publications.php" "Mozilla/5.0 (X11; U; Linux x86_64; en-US; rv:1.9.1.7) Gecko/20100106 Ubuntu/9.10 (karmic) Firefox/3.5.7"
66.235.124.19 - - [02/Feb/2010:11:57:13 -0800] "GET /robots.txt HTTP/1.1" 404 292 "-" "Mozilla/5.0 (compatible; Ask Jeeves/Teoma; +http://about.ask.com/en/docs/about/webmasters.shtml)"
66.235.124.19 - - [02/Feb/2010:11:57:28 -0800] "GET / HTTP/1.1" 200 1300 "-" "Mozilla/5.0 (compatible; Ask Jeeves/Teoma; +http://about.ask.com/en/docs/about/webmasters.shtml)"
216.129.119.41 - - [02/Feb/2010:14:34:07 -0800] "GET /robots.txt HTTP/1.0" 404 243 "-" "Mozilla/5.0 (Twiceler-0.9 http://www.cuil.com/twiceler/robot.html)"
72.14.192.2 - - [02/Feb/2010:16:28:31 -0800] "GET / HTTP/1.1" 200 1300 "-" "Feedfetcher-Google; (+http://www.google.com/feedfetcher.html; feed-id=7391994924387676245)"
208.80.193.37 - - [02/Feb/2010:19:26:02 -0800] "GET / HTTP/1.0" 200 3241 "-" "Mozilla/4.0 (compatible; MSIE 6.0; Windows NT 5.0; CMS Music Store2 v1.00.09 (Music Store,1033); .NET CLR 1.1.4322)"
159.226.224.3 - - [02/Feb/2010:21:51:10 -0800] "GET /publications.html HTTP/1.1" 404 247 "http://www.google.cn/search?hl=zh-CN&newwindow=1&q=M+Langille+image&aq=f&oq=" "Mozilla/4.0 (compatible; MSIE 6.0; Windows NT 5.1; SV1; .NET CLR 2.0.50727; CIBA; InfoPath.1; .NET CLR 3.0.4506.2152; .NET CLR 3.5.30729)"
74.125.126.82 - - [02/Feb/2010:22:51:03 -0800] "GET / HTTP/1.1" 200 1300 "-" "Feedfetcher-Google; (+http://www.google.com/feedfetcher.html; feed-id=7391994924387676245)"
66.249.71.47 - - [02/Feb/2010:23:56:44 -0800] "GET /robots.txt HTTP/1.1" 404 243 "-" "Mozilla/5.0 (compatible; Googlebot/2.1; +http://www.google.com/bot.html)"
66.249.71.47 - - [02/Feb/2010:23:56:44 -0800] "GET /style.css HTTP/1.1" 200 1385 "-" "Mozilla/5.0 (compatible; Googlebot/2.1; +http://www.google.com/bot.html)"
24.113.187.2 - - [03/Feb/2010:13:17:09 -0800] "GET / HTTP/1.1" 200 1300 "-" "Mozilla/5.0 (Windows; U; Windows NT 6.1; en-US; rv:1.9.1.7) Gecko/20091221 Firefox/3.5.7"
24.113.187.2 - - [03/Feb/2010:13:17:09 -0800] "GET /style.css HTTP/1.1" 200 1385 "http://morganlangille.com/" "Mozilla/5.0 (Windows; U; Windows NT 6.1; en-US; rv:1.9.1.7) Gecko/20091221 Firefox/3.5.7"
24.113.187.2 - - [03/Feb/2010:13:17:09 -0800] "GET /images/img01.jpg HTTP/1.1" 200 720 "http://morganlangille.com/style.css" "Mozilla/5.0 (Windows; U; Windows NT 6.1; en-US; rv:1.9.1.7) Gecko/20091221 Firefox/3.5.7"
24.113.187.2 - - [03/Feb/2010:13:17:09 -0800] "GET /images/Morgan.jpg HTTP/1.1" 200 29830 "http://morganlangille.com/" "Mozilla/5.0 (Windows; U; Windows NT 6.1; en-US; rv:1.9.1.7) Gecko/20091221 Firefox/3.5.7"
24.113.187.2 - - [03/Feb/2010:13:17:09 -0800] "GET /favicon.ico HTTP/1.1" 404 243 "-" "Mozilla/5.0 (Windows; U; Windows NT 6.1; en-US; rv:1.9.1.7) Gecko/20091221 Firefox/3.5.7"
24.113.187.2 - - [03/Feb/2010:13:17:12 -0800] "GET /favicon.ico HTTP/1.1" 404 243 "-" "Mozilla/5.0 (Windows; U; Windows NT 6.1; en-US; rv:1.9.1.7) Gecko/20091221 Firefox/3.5.7"
74.125.126.80 - - [03/Feb/2010:13:34:15 -0800] "GET / HTTP/1.1" 200 1300 "-" "Feedfetcher-Google; (+http://www.google.com/feedfetcher.html; feed-id=7391994924387676245)"
65.55.106.157 - - [03/Feb/2010:15:52:49 -0800] "GET /robots.txt HTTP/1.1" 404 292 "-" "msnbot/2.0b (+http://search.msn.com/msnbot.htm)"
65.55.106.157 - - [03/Feb/2010:15:53:29 -0800] "GET /publications.html HTTP/1.1" 404 247 "-" "msnbot/2.0b (+http://search.msn.com/msnbot.htm)"
87.250.255.242 - - [03/Feb/2010:17:03:57 -0800] "GET /robots.txt HTTP/1.1" 404 292 "-" "Yandex/1.01.001 (compatible; Win16; I)"
87.250.255.242 - - [03/Feb/2010:17:04:00 -0800] "GET /index.html HTTP/1.1" 404 242 "-" "Yandex/1.01.001 (compatible; Win16; I)"
87.250.255.242 - - [03/Feb/2010:18:00:37 -0800] "GET /past_research.html HTTP/1.1" 404 248 "-" "Yandex/1.01.001 (compatible; Win16; I)"
87.250.255.242 - - [03/Feb/2010:18:17:48 -0800] "GET /robots.txt HTTP/1.1" 404 296 "-" "Yandex/1.01.001 (compatible; Win16; I)"
87.250.255.242 - - [03/Feb/2010:18:17:50 -0800] "GET /current_research.html HTTP/1.1" 404 250 "-" "Yandex/1.01.001 (compatible; Win16; I)"
87.250.255.242 - - [03/Feb/2010:19:16:40 -0800] "GET /index.html HTTP/1.1" 404 245 "-" "Yandex/1.01.001 (compatible; Win16; I)"
87.250.255.242 - - [03/Feb/2010:19:16:41 -0800] "GET / HTTP/1.1" 200 1300 "-" "Yandex/1.01.001 (compatible; Win16; I)"
216.129.119.41 - - [03/Feb/2010:19:19:16 -0800] "GET /robots.txt HTTP/1.0" 404 243 "-" "Mozilla/5.0 (Twiceler-0.9 http://www.cuil.com/twiceler/robot.html)"
66.249.71.251 - - [03/Feb/2010:22:46:03 -0800] "GET /robots.txt HTTP/1.1" 404 246 "-" "Mozilla/5.0 (compatible; Googlebot/2.1; +http://www.google.com/bot.html)"
66.249.71.251 - - [03/Feb/2010:22:46:03 -0800] "GET / HTTP/1.1" 200 1300 "-" "Mozilla/5.0 (compatible; Googlebot/2.1; +http://www.google.com/bot.html)"
66.249.71.251 - - [04/Feb/2010:00:32:09 -0800] "GET /publications.php HTTP/1.1" 200 1314 "-" "Mozilla/5.0 (compatible; Googlebot/2.1; +http://www.google.com/bot.html)"
66.249.71.251 - - [04/Feb/2010:00:32:10 -0800] "GET /index.php HTTP/1.1" 200 1300 "-" "Mozilla/5.0 (compatible; Googlebot/2.1; +http://www.google.com/bot.html)"
66.249.71.251 - - [04/Feb/2010:00:32:10 -0800] "GET /cv.php HTTP/1.1" 200 1095 "-" "Mozilla/5.0 (compatible; Googlebot/2.1; +http://www.google.com/bot.html)"
66.249.71.251 - - [04/Feb/2010:00:32:10 -0800] "GET /past_research.php HTTP/1.1" 200 1099 "-" "Mozilla/5.0 (compatible; Googlebot/2.1; +http://www.google.com/bot.html)"
66.249.71.251 - - [04/Feb/2010:00:48:47 -0800] "GET /current_research.php HTTP/1.1" 200 1099 "-" "Mozilla/5.0 (compatible; Googlebot/2.1; +http://www.google.com/bot.html)"
87.250.255.242 - - [04/Feb/2010:04:10:44 -0800] "GET /past_research.html HTTP/1.1" 404 251 "-" "Yandex/1.01.001 (compatible; Win16; I)"
87.250.255.242 - - [04/Feb/2010:04:10:46 -0800] "GET /cv.html HTTP/1.1" 404 241 "-" "Yandex/1.01.001 (compatible; Win16; I)"
208.80.193.40 - - [04/Feb/2010:08:04:32 -0800] "GET / HTTP/1.0" 200 3241 "-" "Mozilla/4.0 (compatible; MSIE 6.0; Windows NT 5.1; SV1; InfoPath.1; GIGASIZE={--CDF19F0989DC4240B965451957D380C2--})"
87.250.255.242 - - [04/Feb/2010:09:38:14 -0800] "GET /cv.html HTTP/1.1" 404 244 "-" "Yandex/1.01.001 (compatible; Win16; I)"
87.250.255.242 - - [04/Feb/2010:09:38:15 -0800] "GET /publications.html HTTP/1.1" 404 247 "-" "Yandex/1.01.001 (compatible; Win16; I)"
156.34.20.26 - - [04/Feb/2010:15:10:19 -0800] "GET /index.html HTTP/1.1" 404 242 "-" "Mozilla/4.0 (compatible; MSIE 8.0; Windows NT 6.0; Trident/4.0; FunWebProducts; FBSMTWB; GTB6.3; SIMBAR={534C4A93-FF90-421A-87E6-8AC553BA4CEA}; SLCC1; .NET CLR 2.0.50727; Media Center PC 5.0; .NET CLR 3.5.30729; OfficeLiveConnector.1.3; OfficeLivePatch.0.0; .NET CLR 3.0.30729)"
156.34.20.26 - - [04/Feb/2010:15:10:20 -0800] "GET /favicon.ico HTTP/1.1" 404 243 "-" "Mozilla/4.0 (compatible; MSIE 8.0; Windows NT 6.0; Trident/4.0; FunWebProducts; FBSMTWB; GTB6.3; SIMBAR={534C4A93-FF90-421A-87E6-8AC553BA4CEA}; SLCC1; .NET CLR 2.0.50727; Media Center PC 5.0; .NET CLR 3.5.30729; OfficeLiveConnector.1.3; OfficeLivePatch.0.0; .NET CLR 3.0.30729)"
156.34.20.26 - - [04/Feb/2010:15:10:26 -0800] "GET /index.html HTTP/1.1" 404 242 "-" "Mozilla/4.0 (compatible; MSIE 8.0; Windows NT 6.0; Trident/4.0; FunWebProducts; FBSMTWB; GTB6.3; SIMBAR={534C4A93-FF90-421A-87E6-8AC553BA4CEA}; SLCC1; .NET CLR 2.0.50727; Media Center PC 5.0; .NET CLR 3.5.30729; OfficeLiveConnector.1.3; OfficeLivePatch.0.0; .NET CLR 3.0.30729)"
156.34.20.26 - - [04/Feb/2010:15:10:26 -0800] "GET /favicon.ico HTTP/1.1" 404 243 "-" "Mozilla/4.0 (compatible; MSIE 8.0; Windows NT 6.0; Trident/4.0; FunWebProducts; FBSMTWB; GTB6.3; SIMBAR={534C4A93-FF90-421A-87E6-8AC553BA4CEA}; SLCC1; .NET CLR 2.0.50727; Media Center PC 5.0; .NET CLR 3.5.30729; OfficeLiveConnector.1.3; OfficeLivePatch.0.0; .NET CLR 3.0.30729)"
156.34.20.26 - - [04/Feb/2010:15:10:31 -0800] "GET / HTTP/1.1" 200 1300 "-" "Mozilla/4.0 (compatible; MSIE 8.0; Windows NT 6.0; Trident/4.0; FunWebProducts; FBSMTWB; GTB6.3; SIMBAR={534C4A93-FF90-421A-87E6-8AC553BA4CEA}; SLCC1; .NET CLR 2.0.50727; Media Center PC 5.0; .NET CLR 3.5.30729; OfficeLiveConnector.1.3; OfficeLivePatch.0.0; .NET CLR 3.0.30729)"
156.34.20.26 - - [04/Feb/2010:15:10:31 -0800] "GET /style.css HTTP/1.1" 200 1385 "http://morganlangille.com/" "Mozilla/4.0 (compatible; MSIE 8.0; Windows NT 6.0; Trident/4.0; FunWebProducts; FBSMTWB; GTB6.3; SIMBAR={534C4A93-FF90-421A-87E6-8AC553BA4CEA}; SLCC1; .NET CLR 2.0.50727; Media Center PC 5.0; .NET CLR 3.5.30729; OfficeLiveConnector.1.3; OfficeLivePatch.0.0; .NET CLR 3.0.30729)"
156.34.20.26 - - [04/Feb/2010:15:10:31 -0800] "GET /images/img01.jpg HTTP/1.1" 200 720 "http://morganlangille.com/" "Mozilla/4.0 (compatible; MSIE 8.0; Windows NT 6.0; Trident/4.0; FunWebProducts; FBSMTWB; GTB6.3; SIMBAR={534C4A93-FF90-421A-87E6-8AC553BA4CEA}; SLCC1; .NET CLR 2.0.50727; Media Center PC 5.0; .NET CLR 3.5.30729; OfficeLiveConnector.1.3; OfficeLivePatch.0.0; .NET CLR 3.0.30729)"
156.34.20.26 - - [04/Feb/2010:15:10:31 -0800] "GET /images/Morgan.jpg HTTP/1.1" 200 29830 "http://morganlangille.com/" "Mozilla/4.0 (compatible; MSIE 8.0; Windows NT 6.0; Trident/4.0; FunWebProducts; FBSMTWB; GTB6.3; SIMBAR={534C4A93-FF90-421A-87E6-8AC553BA4CEA}; SLCC1; .NET CLR 2.0.50727; Media Center PC 5.0; .NET CLR 3.5.30729; OfficeLiveConnector.1.3; OfficeLivePatch.0.0; .NET CLR 3.0.30729)"
156.34.20.26 - - [04/Feb/2010:15:10:39 -0800] "GET /current_research.php HTTP/1.1" 200 1099 "http://morganlangille.com/" "Mozilla/4.0 (compatible; MSIE 8.0; Windows NT 6.0; Trident/4.0; FunWebProducts; FBSMTWB; GTB6.3; SIMBAR={534C4A93-FF90-421A-87E6-8AC553BA4CEA}; SLCC1; .NET CLR 2.0.50727; Media Center PC 5.0; .NET CLR 3.5.30729; OfficeLiveConnector.1.3; OfficeLivePatch.0.0; .NET CLR 3.0.30729)"
156.34.20.26 - - [04/Feb/2010:15:10:41 -0800] "GET /past_research.php HTTP/1.1" 200 1099 "http://morganlangille.com/current_research.php" "Mozilla/4.0 (compatible; MSIE 8.0; Windows NT 6.0; Trident/4.0; FunWebProducts; FBSMTWB; GTB6.3; SIMBAR={534C4A93-FF90-421A-87E6-8AC553BA4CEA}; SLCC1; .NET CLR 2.0.50727; Media Center PC 5.0; .NET CLR 3.5.30729; OfficeLiveConnector.1.3; OfficeLivePatch.0.0; .NET CLR 3.0.30729)"
156.34.20.26 - - [04/Feb/2010:15:10:43 -0800] "GET /publications.php HTTP/1.1" 200 1314 "http://morganlangille.com/past_research.php" "Mozilla/4.0 (compatible; MSIE 8.0; Windows NT 6.0; Trident/4.0; FunWebProducts; FBSMTWB; GTB6.3; SIMBAR={534C4A93-FF90-421A-87E6-8AC553BA4CEA}; SLCC1; .NET CLR 2.0.50727; Media Center PC 5.0; .NET CLR 3.5.30729; OfficeLiveConnector.1.3; OfficeLivePatch.0.0; .NET CLR 3.0.30729)"
156.34.20.26 - - [04/Feb/2010:15:10:45 -0800] "GET /__history__.html?0 HTTP/1.1" 404 247 "http://morganlangille.com/publications.php" "Mozilla/4.0 (compatible; MSIE 8.0; Windows NT 6.0; Trident/4.0; FunWebProducts; FBSMTWB; GTB6.3; SIMBAR={534C4A93-FF90-421A-87E6-8AC553BA4CEA}; SLCC1; .NET CLR 2.0.50727; Media Center PC 5.0; .NET CLR 3.5.30729; OfficeLiveConnector.1.3; OfficeLivePatch.0.0; .NET CLR 3.0.30729)"
156.34.20.26 - - [04/Feb/2010:15:10:54 -0800] "GET /__history__.html?1 HTTP/1.1" 404 247 "http://morganlangille.com/publications.php" "Mozilla/4.0 (compatible; MSIE 8.0; Windows NT 6.0; Trident/4.0; FunWebProducts; FBSMTWB; GTB6.3; SIMBAR={534C4A93-FF90-421A-87E6-8AC553BA4CEA}; SLCC1; .NET CLR 2.0.50727; Media Center PC 5.0; .NET CLR 3.5.30729; OfficeLiveConnector.1.3; OfficeLivePatch.0.0; .NET CLR 3.0.30729)"
156.34.20.26 - - [04/Feb/2010:15:10:57 -0800] "GET /cv.php HTTP/1.1" 200 1095 "http://morganlangille.com/publications.php" "Mozilla/4.0 (compatible; MSIE 8.0; Windows NT 6.0; Trident/4.0; FunWebProducts; FBSMTWB; GTB6.3; SIMBAR={534C4A93-FF90-421A-87E6-8AC553BA4CEA}; SLCC1; .NET CLR 2.0.50727; Media Center PC 5.0; .NET CLR 3.5.30729; OfficeLiveConnector.1.3; OfficeLivePatch.0.0; .NET CLR 3.0.30729)"
156.34.20.26 - - [04/Feb/2010:15:11:06 -0800] "GET /index.php HTTP/1.1" 200 1300 "http://morganlangille.com/cv.php" "Mozilla/4.0 (compatible; MSIE 8.0; Windows NT 6.0; Trident/4.0; FunWebProducts; FBSMTWB; GTB6.3; SIMBAR={534C4A93-FF90-421A-87E6-8AC553BA4CEA}; SLCC1; .NET CLR 2.0.50727; Media Center PC 5.0; .NET CLR 3.5.30729; OfficeLiveConnector.1.3; OfficeLivePatch.0.0; .NET CLR 3.0.30729)"
87.250.255.242 - - [04/Feb/2010:17:58:44 -0800] "GET / HTTP/1.1" 200 1300 "-" "Yandex/1.01.001 (compatible; Win16; I)"
65.55.218.159 - - [04/Feb/2010:18:00:41 -0800] "GET /robots.txt HTTP/1.1" 404 292 "-" "msnbot/2.0b (+http://search.msn.com/msnbot.htm)"
65.55.218.159 - - [04/Feb/2010:18:01:31 -0800] "GET / HTTP/1.1" 200 1300 "-" "msnbot/2.0b (+http://search.msn.com/msnbot.htm)"
216.129.119.41 - - [04/Feb/2010:18:51:12 -0800] "GET /robots.txt HTTP/1.0" 404 243 "-" "Mozilla/5.0 (Twiceler-0.9 http://www.cuil.com/twiceler/robot.html)"
65.55.106.114 - - [04/Feb/2010:18:56:31 -0800] "GET / HTTP/1.1" 200 1300 "-" "msnbot/2.0b (+http://search.msn.com/msnbot.htm)"
142.166.56.37 - - [04/Feb/2010:19:23:10 -0800] "GET / HTTP/1.1" 200 1300 "http://www.google.ca/search?hl=en&safe=off&rlz=1G1GGLQ_ENCA260&q=morgan+langille&btnG=Search&meta=&aq=f&oq=" "Mozilla/5.0 (Windows; U; Windows NT 5.1; en-US; rv:1.9.1.7) Gecko/20091221 Firefox/3.5.7 (.NET CLR 3.5.30729)"
142.166.56.37 - - [04/Feb/2010:19:23:10 -0800] "GET /style.css HTTP/1.1" 200 1385 "http://morganlangille.com/" "Mozilla/5.0 (Windows; U; Windows NT 5.1; en-US; rv:1.9.1.7) Gecko/20091221 Firefox/3.5.7 (.NET CLR 3.5.30729)"
142.166.56.37 - - [04/Feb/2010:19:23:10 -0800] "GET /images/Morgan.jpg HTTP/1.1" 200 29830 "http://morganlangille.com/" "Mozilla/5.0 (Windows; U; Windows NT 5.1; en-US; rv:1.9.1.7) Gecko/20091221 Firefox/3.5.7 (.NET CLR 3.5.30729)"
142.166.56.37 - - [04/Feb/2010:19:23:10 -0800] "GET /images/img01.jpg HTTP/1.1" 200 720 "http://morganlangille.com/style.css" "Mozilla/5.0 (Windows; U; Windows NT 5.1; en-US; rv:1.9.1.7) Gecko/20091221 Firefox/3.5.7 (.NET CLR 3.5.30729)"
142.166.56.37 - - [04/Feb/2010:19:23:11 -0800] "GET /favicon.ico HTTP/1.1" 404 243 "-" "Mozilla/5.0 (Windows; U; Windows NT 5.1; en-US; rv:1.9.1.7) Gecko/20091221 Firefox/3.5.7 (.NET CLR 3.5.30729)"
142.166.56.37 - - [04/Feb/2010:19:23:14 -0800] "GET /favicon.ico HTTP/1.1" 404 243 "-" "Mozilla/5.0 (Windows; U; Windows NT 5.1; en-US; rv:1.9.1.7) Gecko/20091221 Firefox/3.5.7 (.NET CLR 3.5.30729)"
66.249.71.251 - - [04/Feb/2010:19:45:58 -0800] "GET /robots.txt HTTP/1.1" 404 246 "-" "Mozilla/5.0 (compatible; Googlebot/2.1; +http://www.google.com/bot.html)"
66.249.71.251 - - [04/Feb/2010:19:45:58 -0800] "GET /index.html HTTP/1.1" 404 245 "-" "Mozilla/5.0 (compatible; Googlebot/2.1; +http://www.google.com/bot.html)"
65.55.207.122 - - [04/Feb/2010:22:20:37 -0800] "GET /robots.txt HTTP/1.1" 404 292 "-" "msnbot/2.0b (+http://search.msn.com/msnbot.htm)"
65.55.207.122 - - [04/Feb/2010:22:21:29 -0800] "GET /cv.html HTTP/1.1" 404 241 "-" "msnbot/2.0b (+http://search.msn.com/msnbot.htm)"
65.55.207.30 - - [05/Feb/2010:00:13:51 -0800] "GET /robots.txt HTTP/1.1" 404 292 "-" "msnbot/2.0b (+http://search.msn.com/msnbot.htm)"
65.55.207.30 - - [05/Feb/2010:00:16:00 -0800] "GET /current_research.html HTTP/1.1" 404 250 "-" "msnbot/2.0b (+http://search.msn.com/msnbot.htm)"
67.195.112.94 - - [05/Feb/2010:02:26:40 -0800] "GET /robots.txt HTTP/1.0" 404 243 "-" "Mozilla/5.0 (compatible; Yahoo! Slurp; http://help.yahoo.com/help/us/ysearch/slurp)"
67.195.112.94 - - [05/Feb/2010:02:26:40 -0800] "GET /index.html HTTP/1.0" 404 242 "-" "Mozilla/5.0 (compatible; Yahoo! Slurp/3.0; http://help.yahoo.com/help/us/ysearch/slurp)"
65.55.215.74 - - [05/Feb/2010:03:38:56 -0800] "GET /robots.txt HTTP/1.1" 404 292 "-" "msnbot/2.0b (+http://search.msn.com/msnbot.htm)"
65.55.215.74 - - [05/Feb/2010:03:39:30 -0800] "GET /index.html HTTP/1.1" 404 242 "-" "msnbot/2.0b (+http://search.msn.com/msnbot.htm)"
216.129.119.41 - - [05/Feb/2010:09:00:04 -0800] "GET /robots.txt HTTP/1.0" 404 243 "-" "Mozilla/5.0 (Twiceler-0.9 http://www.cuil.com/twiceler/robot.html)"
74.125.126.81 - - [05/Feb/2010:09:11:32 -0800] "GET / HTTP/1.1" 200 1300 "-" "Feedfetcher-Google; (+http://www.google.com/feedfetcher.html; feed-id=7391994924387676245)"
66.249.71.47 - - [05/Feb/2010:16:47:20 -0800] "GET /robots.txt HTTP/1.1" 404 243 "-" "Mozilla/5.0 (compatible; Googlebot/2.1; +http://www.google.com/bot.html)"
66.249.71.47 - - [05/Feb/2010:16:47:20 -0800] "GET / HTTP/1.1" 200 1300 "-" "Mozilla/5.0 (compatible; Googlebot/2.1; +http://www.google.com/bot.html)"
174.129.102.124 - - [05/Feb/2010:16:50:25 -0800] "GET / HTTP/1.0" 200 3241 "-" "Mozilla/5.0 (compatible; NetcraftSurveyAgent/1.0; +info@netcraft.com)"
38.99.97.69 - - [05/Feb/2010:17:26:17 -0800] "GET /robots.txt HTTP/1.1" 404 243 "-" "Mozilla/5.0 (compatible; ScoutJet; +http://www.scoutjet.com/)"
38.99.97.69 - - [05/Feb/2010:17:26:17 -0800] "GET / HTTP/1.1" 200 1300 "-" "Mozilla/5.0 (compatible; ScoutJet; +http://www.scoutjet.com/)"
87.250.255.242 - - [05/Feb/2010:17:37:47 -0800] "GET /robots.txt HTTP/1.1" 404 292 "-" "Yandex/1.01.001 (compatible; Win16; I)"
66.249.71.251 - - [05/Feb/2010:17:49:27 -0800] "GET /robots.txt HTTP/1.1" 404 246 "-" "Mozilla/5.0 (compatible; Googlebot/2.1; +http://www.google.com/bot.html)"
66.249.71.251 - - [05/Feb/2010:17:49:28 -0800] "GET /index.php HTTP/1.1" 200 1300 "-" "Mozilla/5.0 (compatible; Googlebot/2.1; +http://www.google.com/bot.html)"
87.250.255.242 - - [05/Feb/2010:19:32:35 -0800] "GET /robots.txt HTTP/1.1" 404 296 "-" "Yandex/1.01.001 (compatible; Win16; I)"
87.250.255.242 - - [05/Feb/2010:19:32:36 -0800] "GET /publications.php HTTP/1.1" 200 1314 "-" "Yandex/1.01.001 (compatible; Win16; I)"
87.250.255.242 - - [05/Feb/2010:19:32:38 -0800] "GET / HTTP/1.1" 200 1300 "-" "Yandex/1.01.001 (compatible; Win16; I)"
208.80.193.31 - - [05/Feb/2010:21:32:04 -0800] "GET / HTTP/1.0" 200 3241 "-" "Mozilla/4.0 (compatible; MSIE 6.0; Windows NT 5.1; SV1; MyIE2; EmbeddedWB 14,52 from: http://www.bsalsa.com/ EmbeddedWB 14,52; .NET CLR 1.1.4322; .NET CLR 2.0.50727)"
67.195.112.94 - - [06/Feb/2010:01:46:38 -0800] "GET /robots.txt HTTP/1.0" 404 243 "-" "Mozilla/5.0 (compatible; Yahoo! Slurp; http://help.yahoo.com/help/us/ysearch/slurp)"
67.195.112.94 - - [06/Feb/2010:01:46:38 -0800] "GET / HTTP/1.0" 200 1300 "-" "Mozilla/5.0 (compatible; Yahoo! Slurp/3.0; http://help.yahoo.com/help/us/ysearch/slurp)"
67.195.112.94 - - [06/Feb/2010:01:46:40 -0800] "GET /style.css HTTP/1.0" 200 1385 "http://morganlangille.com/" "Mozilla/5.0 (compatible; Yahoo! Slurp/3.0; http://help.yahoo.com/help/us/ysearch/slurp)"
67.195.112.94 - - [06/Feb/2010:01:48:06 -0800] "GET /current_research.php HTTP/1.0" 200 1099 "-" "Mozilla/5.0 (compatible; Yahoo! Slurp/3.0; http://help.yahoo.com/help/us/ysearch/slurp)"
67.195.112.94 - - [06/Feb/2010:02:03:58 -0800] "GET /publications.php HTTP/1.0" 200 1314 "-" "Mozilla/5.0 (compatible; Yahoo! Slurp/3.0; http://help.yahoo.com/help/us/ysearch/slurp)"
66.249.71.47 - - [06/Feb/2010:03:23:03 -0800] "GET /index.html HTTP/1.1" 404 242 "-" "Mozilla/5.0 (compatible; Googlebot/2.1; +http://www.google.com/bot.html)"
218.186.10.254 - - [06/Feb/2010:07:35:11 -0800] "GET / HTTP/1.1" 200 1300 "http://biotorrents.net/faq.php" "Mozilla/5.0 (Macintosh; U; Intel Mac OS X 10.5; en-US; rv:1.9.1.7) Gecko/20091221 Firefox/3.5.7"
218.186.10.13 - - [06/Feb/2010:07:35:12 -0800] "GET /style.css HTTP/1.1" 200 1385 "http://morganlangille.com/" "Mozilla/5.0 (Macintosh; U; Intel Mac OS X 10.5; en-US; rv:1.9.1.7) Gecko/20091221 Firefox/3.5.7"
218.186.10.13 - - [06/Feb/2010:07:35:12 -0800] "GET /images/img01.jpg HTTP/1.1" 200 720 "http://morganlangille.com/style.css" "Mozilla/5.0 (Macintosh; U; Intel Mac OS X 10.5; en-US; rv:1.9.1.7) Gecko/20091221 Firefox/3.5.7"
218.186.10.13 - - [06/Feb/2010:07:35:12 -0800] "GET /images/Morgan.jpg HTTP/1.1" 200 29830 "http://morganlangille.com/" "Mozilla/5.0 (Macintosh; U; Intel Mac OS X 10.5; en-US; rv:1.9.1.7) Gecko/20091221 Firefox/3.5.7"
218.186.10.254 - - [06/Feb/2010:07:35:13 -0800] "GET /favicon.ico HTTP/1.1" 404 243 "-" "Mozilla/5.0 (Macintosh; U; Intel Mac OS X 10.5; en-US; rv:1.9.1.7) Gecko/20091221 Firefox/3.5.7"
218.186.10.254 - - [06/Feb/2010:07:35:16 -0800] "GET /favicon.ico HTTP/1.1" 404 243 "-" "Mozilla/5.0 (Macintosh; U; Intel Mac OS X 10.5; en-US; rv:1.9.1.7) Gecko/20091221 Firefox/3.5.7"
218.186.10.254 - - [06/Feb/2010:07:36:41 -0800] "GET /current_research.php HTTP/1.1" 200 1099 "http://morganlangille.com/" "Mozilla/5.0 (Macintosh; U; Intel Mac OS X 10.5; en-US; rv:1.9.1.7) Gecko/20091221 Firefox/3.5.7"
218.186.10.254 - - [06/Feb/2010:07:36:44 -0800] "GET /past_research.php HTTP/1.1" 200 1099 "http://morganlangille.com/current_research.php" "Mozilla/5.0 (Macintosh; U; Intel Mac OS X 10.5; en-US; rv:1.9.1.7) Gecko/20091221 Firefox/3.5.7"
218.186.10.254 - - [06/Feb/2010:07:36:45 -0800] "GET /publications.php HTTP/1.1" 200 1314 "http://morganlangille.com/past_research.php" "Mozilla/5.0 (Macintosh; U; Intel Mac OS X 10.5; en-US; rv:1.9.1.7) Gecko/20091221 Firefox/3.5.7"
218.186.10.13 - - [06/Feb/2010:07:36:59 -0800] "GET /__history__.html?0 HTTP/1.1" 404 247 "http://morganlangille.com/publications.php" "Mozilla/5.0 (Macintosh; U; Intel Mac OS X 10.5; en-US; rv:1.9.1.7) Gecko/20091221 Firefox/3.5.7"
218.186.10.254 - - [06/Feb/2010:07:37:42 -0800] "GET /cv.php HTTP/1.1" 200 1095 "http://morganlangille.com/publications.php" "Mozilla/5.0 (Macintosh; U; Intel Mac OS X 10.5; en-US; rv:1.9.1.7) Gecko/20091221 Firefox/3.5.7"
65.55.106.115 - - [06/Feb/2010:08:54:07 -0800] "GET /robots.txt HTTP/1.1" 404 292 "-" "msnbot/2.0b (+http://search.msn.com/msnbot.htm)"
65.55.106.115 - - [06/Feb/2010:08:54:57 -0800] "GET /past_research.html HTTP/1.1" 404 248 "-" "msnbot/2.0b (+http://search.msn.com/msnbot.htm)"
216.129.119.41 - - [06/Feb/2010:08:56:44 -0800] "GET /robots.txt HTTP/1.0" 404 243 "-" "Mozilla/5.0 (Twiceler-0.9 http://www.cuil.com/twiceler/robot.html)"
38.99.97.69 - - [06/Feb/2010:10:36:49 -0800] "GET /robots.txt HTTP/1.1" 404 243 "-" "Mozilla/5.0 (compatible; ScoutJet; +http://www.scoutjet.com/)"
38.99.97.69 - - [06/Feb/2010:10:36:52 -0800] "GET /current_research.php HTTP/1.1" 200 1099 "-" "Mozilla/5.0 (compatible; ScoutJet; +http://www.scoutjet.com/)"
38.99.97.69 - - [06/Feb/2010:10:37:09 -0800] "GET /cv.php HTTP/1.1" 200 1095 "-" "Mozilla/5.0 (compatible; ScoutJet; +http://www.scoutjet.com/)"
67.195.112.94 - - [06/Feb/2010:11:41:14 -0800] "GET /robots.txt HTTP/1.0" 404 243 "-" "Mozilla/5.0 (compatible; Yahoo! Slurp; http://help.yahoo.com/help/us/ysearch/slurp)"
67.195.112.94 - - [06/Feb/2010:11:41:14 -0800] "GET /current_research.php HTTP/1.0" 200 1099 "-" "Mozilla/5.0 (compatible; Yahoo! Slurp/3.0; http://help.yahoo.com/help/us/ysearch/slurp)"
67.195.112.94 - - [06/Feb/2010:11:41:15 -0800] "GET /style.css HTTP/1.0" 200 1385 "http://morganlangille.com/current_research.php" "Mozilla/5.0 (compatible; Yahoo! Slurp/3.0; http://help.yahoo.com/help/us/ysearch/slurp)"
87.250.255.242 - - [06/Feb/2010:13:01:35 -0800] "GET /publications.php HTTP/1.1" 200 1314 "-" "Yandex/1.01.001 (compatible; Win16; I)"
87.250.255.242 - - [06/Feb/2010:13:40:53 -0800] "GET /index.html HTTP/1.1" 404 245 "-" "Yandex/1.01.001 (compatible; Win16; I)"
67.195.112.94 - - [06/Feb/2010:14:15:30 -0800] "GET /index.php HTTP/1.0" 200 1300 "-" "Mozilla/5.0 (compatible; Yahoo! Slurp/3.0; http://help.yahoo.com/help/us/ysearch/slurp)"
67.195.112.94 - - [06/Feb/2010:14:15:31 -0800] "GET /style.css HTTP/1.0" 304 - "http://morganlangille.com/index.php" "Mozilla/5.0 (compatible; Yahoo! Slurp/3.0; http://help.yahoo.com/help/us/ysearch/slurp)"
64.246.165.190 - - [06/Feb/2010:19:56:59 -0800] "GET /robots.txt HTTP/1.0" 404 296 "-" "Mozilla/5.0 (Windows; U; Windows NT 5.1; en; rv:1.9.0.13) Gecko/2009073022 Firefox/3.5.2 (.NET CLR 3.5.30729) SurveyBot/2.3 (DomainTools)"
64.246.165.190 - - [06/Feb/2010:19:57:00 -0800] "GET / HTTP/1.1" 200 1300 "http://whois.domaintools.com/morganlangille.com" "Mozilla/5.0 (Windows; U; Windows NT 5.1; en; rv:1.9.0.13) Gecko/2009073022 Firefox/3.5.2 (.NET CLR 3.5.30729) SurveyBot/2.3 (DomainTools)"
66.249.71.251 - - [06/Feb/2010:21:01:01 -0800] "GET /robots.txt HTTP/1.1" 404 246 "-" "Mozilla/5.0 (compatible; Googlebot/2.1; +http://www.google.com/bot.html)"
66.249.71.251 - - [06/Feb/2010:21:01:02 -0800] "GET /bdvbgrlvfxueu.html HTTP/1.1" 404 251 "-" "Mozilla/5.0 (compatible; Googlebot/2.1; +http://www.google.com/bot.html)"
87.250.255.242 - - [06/Feb/2010:23:30:16 -0800] "GET /robots.txt HTTP/1.1" 404 292 "-" "Yandex/1.01.001 (compatible; Win16; I)"
67.195.112.94 - - [06/Feb/2010:23:31:59 -0800] "GET /robots.txt HTTP/1.0" 404 243 "-" "Mozilla/5.0 (compatible; Yahoo! Slurp; http://help.yahoo.com/help/us/ysearch/slurp)"
67.195.112.94 - - [06/Feb/2010:23:31:59 -0800] "GET /past_research.php HTTP/1.0" 200 1099 "-" "Mozilla/5.0 (compatible; Yahoo! Slurp/3.0; http://help.yahoo.com/help/us/ysearch/slurp)"
67.195.112.94 - - [06/Feb/2010:23:32:00 -0800] "GET /style.css HTTP/1.0" 200 1385 "http://morganlangille.com/past_research.php" "Mozilla/5.0 (compatible; Yahoo! Slurp/3.0; http://help.yahoo.com/help/us/ysearch/slurp)"
67.195.112.94 - - [07/Feb/2010:01:07:24 -0800] "GET /cv.php HTTP/1.0" 200 1095 "-" "Mozilla/5.0 (compatible; Yahoo! Slurp/3.0; http://help.yahoo.com/help/us/ysearch/slurp)"
66.249.71.251 - - [07/Feb/2010:04:58:47 -0800] "GET /robots.txt HTTP/1.1" 404 246 "-" "Mozilla/5.0 (compatible; Googlebot/2.1; +http://www.google.com/bot.html)"
66.249.71.251 - - [07/Feb/2010:04:58:47 -0800] "GET /index.php HTTP/1.1" 200 1300 "-" "Mozilla/5.0 (compatible; Googlebot/2.1; +http://www.google.com/bot.html)"
87.250.255.242 - - [07/Feb/2010:06:34:10 -0800] "GET /index.html HTTP/1.1" 404 242 "-" "Yandex/1.01.001 (compatible; Win16; I)"
216.129.119.41 - - [07/Feb/2010:07:24:13 -0800] "GET /robots.txt HTTP/1.0" 404 243 "-" "Mozilla/5.0 (Twiceler-0.9 http://www.cuil.com/twiceler/robot.html)"
65.55.207.132 - - [07/Feb/2010:08:17:37 -0800] "GET /robots.txt HTTP/1.1" 404 292 "-" "msnbot/2.0b (+http://search.msn.com/msnbot.htm)"
65.55.207.132 - - [07/Feb/2010:08:18:27 -0800] "GET / HTTP/1.1" 200 1300 "-" "msnbot/2.0b (+http://search.msn.com/msnbot.htm)"
208.80.193.38 - - [07/Feb/2010:10:14:30 -0800] "GET / HTTP/1.0" 200 3241 "-" "Mozilla/4.0 (compatible; MSIE 6.0; Windows NT 5.1; SV1; YPC 3.2.0; .NET CLR 2.0.50727; yplus 5.3.04b)"
87.250.255.242 - - [07/Feb/2010:12:03:09 -0800] "GET /robots.txt HTTP/1.1" 404 296 "-" "Yandex/1.01.001 (compatible; Win16; I)"
66.249.71.251 - - [07/Feb/2010:12:17:32 -0800] "GET /publications.html HTTP/1.1" 404 249 "-" "Mozilla/5.0 (compatible; Googlebot/2.1; +http://www.google.com/bot.html)"
98.242.170.241 - - [07/Feb/2010:17:54:43 -0800] "GET /dvdrental.com HTTP/1.1" 404 299 "http://www.dvdrental.com/morganlangille.com" "Opera/9.80 (Windows NT 5.2; U; en) Presto/2.2.15 Version/10.10"
87.250.255.242 - - [07/Feb/2010:21:04:21 -0800] "GET / HTTP/1.1" 200 1300 "-" "Yandex/1.01.001 (compatible; Win16; I)"
89.123.13.41 - - [07/Feb/2010:21:46:19 -0800] "GET / HTTP/1.1" 200 3241 "-" "Java/1.6.0_04"
89.123.13.41 - - [07/Feb/2010:21:46:20 -0800] "GET /current_research.php HTTP/1.1" 200 2805 "-" "Java/1.6.0_04"
89.123.13.41 - - [07/Feb/2010:21:46:20 -0800] "GET /cv.php HTTP/1.1" 200 2791 "-" "Java/1.6.0_04"
89.123.13.41 - - [07/Feb/2010:21:46:21 -0800] "GET /index.php HTTP/1.1" 200 3241 "-" "Java/1.6.0_04"
89.123.13.41 - - [07/Feb/2010:21:46:21 -0800] "GET /past_research.php HTTP/1.1" 200 2799 "-" "Java/1.6.0_04"
89.123.13.41 - - [07/Feb/2010:21:46:21 -0800] "GET /publications.php HTTP/1.1" 200 3818 "-" "Java/1.6.0_04"
87.250.255.242 - - [07/Feb/2010:22:44:34 -0800] "GET /cv.php HTTP/1.1" 200 1095 "-" "Yandex/1.01.001 (compatible; Win16; I)"
66.249.71.251 - - [07/Feb/2010:23:22:33 -0800] "GET /robots.txt HTTP/1.1" 404 246 "-" "Mozilla/5.0 (compatible; Googlebot/2.1; +http://www.google.com/bot.html)"
87.250.255.242 - - [07/Feb/2010:23:37:28 -0800] "GET /robots.txt HTTP/1.1" 404 292 "-" "Yandex/1.01.001 (compatible; Win16; I)"
87.250.255.242 - - [08/Feb/2010:00:22:53 -0800] "GET /cv.php HTTP/1.1" 200 1095 "-" "Yandex/1.01.001 (compatible; Win16; I)"
69.58.178.33 - - [08/Feb/2010:05:47:51 -0800] "GET /robots.txt HTTP/1.1" 404 296 "-" "Mozilla/5.0 (X11; U; Linux i686; en-US; rv:1.9.1.3; ips-agent) Gecko/20090824 Fedora/1.0.7-1.1.fc4  Firefox/3.5.3"
69.58.178.33 - - [08/Feb/2010:05:47:52 -0800] "GET / HTTP/1.1" 200 3241 "-" "Mozilla/5.0 (X11; U; Linux i686; en-US; rv:1.9.1.3; ips-agent) Gecko/20090824 Fedora/1.0.7-1.1.fc4  Firefox/3.5.3"
69.58.178.33 - - [08/Feb/2010:05:47:56 -0800] "GET / HTTP/1.1" 200 3241 "-" "BlackBerry9000/4.6.0.167 Profile/MIDP-2.0 Configuration/CLDC-1.1 VendorID/102 ips-agent"
69.58.178.33 - - [08/Feb/2010:05:47:57 -0800] "GET /index.php HTTP/1.1" 200 3241 "-" "Mozilla/5.0 (X11; U; Linux i686; en-US; rv:1.9.1.3; ips-agent) Gecko/20090824 Fedora/1.0.7-1.1.fc4  Firefox/3.5.3"
69.58.178.33 - - [08/Feb/2010:05:47:58 -0800] "GET /current_research.php HTTP/1.1" 200 2805 "-" "Mozilla/5.0 (X11; U; Linux i686; en-US; rv:1.9.1.3; ips-agent) Gecko/20090824 Fedora/1.0.7-1.1.fc4  Firefox/3.5.3"
69.58.178.33 - - [08/Feb/2010:05:47:59 -0800] "GET /past_research.php HTTP/1.1" 200 2799 "-" "BlackBerry9000/4.6.0.167 Profile/MIDP-2.0 Configuration/CLDC-1.1 VendorID/102 ips-agent"
69.58.178.33 - - [08/Feb/2010:05:48:00 -0800] "GET /publications.php HTTP/1.1" 200 3818 "-" "Mozilla/5.0 (X11; U; Linux i686; en-US; rv:1.9.1.3; ips-agent) Gecko/20090824 Fedora/1.0.7-1.1.fc4  Firefox/3.5.3"
69.58.178.33 - - [08/Feb/2010:05:48:01 -0800] "GET /cv.php HTTP/1.1" 200 2791 "-" "Mozilla/5.0 (X11; U; Linux i686; en-US; rv:1.9.1.3; ips-agent) Gecko/20090824 Fedora/1.0.7-1.1.fc4  Firefox/3.5.3"
65.55.107.179 - - [08/Feb/2010:05:54:37 -0800] "GET /robots.txt HTTP/1.1" 404 292 "-" "msnbot/2.0b (+http://search.msn.com/msnbot.htm)"
65.55.107.179 - - [08/Feb/2010:05:55:31 -0800] "GET /publications.html HTTP/1.1" 404 247 "-" "msnbot/2.0b (+http://search.msn.com/msnbot.htm)"
156.34.14.108 - - [08/Feb/2010:06:40:08 -0800] "GET /index.html HTTP/1.1" 404 242 "-" "Mozilla/4.0 (compatible; MSIE 8.0; Windows NT 6.0; Trident/4.0; FunWebProducts; FBSMTWB; SIMBAR={534C4A93-FF90-421A-87E6-8AC553BA4CEA}; GTB6.4; SLCC1; .NET CLR 2.0.50727; Media Center PC 5.0; .NET CLR 3.5.30729; OfficeLiveConnector.1.3; OfficeLivePatch.0.0; .NET CLR 3.0.30729)"
156.34.14.108 - - [08/Feb/2010:06:40:09 -0800] "GET /favicon.ico HTTP/1.1" 404 243 "-" "Mozilla/4.0 (compatible; MSIE 8.0; Windows NT 6.0; Trident/4.0; FunWebProducts; FBSMTWB; SIMBAR={534C4A93-FF90-421A-87E6-8AC553BA4CEA}; GTB6.4; SLCC1; .NET CLR 2.0.50727; Media Center PC 5.0; .NET CLR 3.5.30729; OfficeLiveConnector.1.3; OfficeLivePatch.0.0; .NET CLR 3.0.30729)"
156.34.14.108 - - [08/Feb/2010:06:40:13 -0800] "GET / HTTP/1.1" 200 1300 "-" "Mozilla/4.0 (compatible; MSIE 8.0; Windows NT 6.0; Trident/4.0; FunWebProducts; FBSMTWB; SIMBAR={534C4A93-FF90-421A-87E6-8AC553BA4CEA}; GTB6.4; SLCC1; .NET CLR 2.0.50727; Media Center PC 5.0; .NET CLR 3.5.30729; OfficeLiveConnector.1.3; OfficeLivePatch.0.0; .NET CLR 3.0.30729)"
156.34.14.108 - - [08/Feb/2010:06:40:13 -0800] "GET /style.css HTTP/1.1" 200 1385 "http://morganlangille.com/" "Mozilla/4.0 (compatible; MSIE 8.0; Windows NT 6.0; Trident/4.0; FunWebProducts; FBSMTWB; SIMBAR={534C4A93-FF90-421A-87E6-8AC553BA4CEA}; GTB6.4; SLCC1; .NET CLR 2.0.50727; Media Center PC 5.0; .NET CLR 3.5.30729; OfficeLiveConnector.1.3; OfficeLivePatch.0.0; .NET CLR 3.0.30729)"
156.34.14.108 - - [08/Feb/2010:06:40:13 -0800] "GET /images/img01.jpg HTTP/1.1" 200 720 "http://morganlangille.com/" "Mozilla/4.0 (compatible; MSIE 8.0; Windows NT 6.0; Trident/4.0; FunWebProducts; FBSMTWB; SIMBAR={534C4A93-FF90-421A-87E6-8AC553BA4CEA}; GTB6.4; SLCC1; .NET CLR 2.0.50727; Media Center PC 5.0; .NET CLR 3.5.30729; OfficeLiveConnector.1.3; OfficeLivePatch.0.0; .NET CLR 3.0.30729)"
156.34.14.108 - - [08/Feb/2010:06:40:13 -0800] "GET /images/Morgan.jpg HTTP/1.1" 200 29830 "http://morganlangille.com/" "Mozilla/4.0 (compatible; MSIE 8.0; Windows NT 6.0; Trident/4.0; FunWebProducts; FBSMTWB; SIMBAR={534C4A93-FF90-421A-87E6-8AC553BA4CEA}; GTB6.4; SLCC1; .NET CLR 2.0.50727; Media Center PC 5.0; .NET CLR 3.5.30729; OfficeLiveConnector.1.3; OfficeLivePatch.0.0; .NET CLR 3.0.30729)"
156.34.14.108 - - [08/Feb/2010:06:40:14 -0800] "GET /favicon.ico HTTP/1.1" 404 243 "-" "Mozilla/4.0 (compatible; MSIE 8.0; Windows NT 6.0; Trident/4.0; FunWebProducts; FBSMTWB; SIMBAR={534C4A93-FF90-421A-87E6-8AC553BA4CEA}; GTB6.4; SLCC1; .NET CLR 2.0.50727; Media Center PC 5.0; .NET CLR 3.5.30729; OfficeLiveConnector.1.3; OfficeLivePatch.0.0; .NET CLR 3.0.30729)"
156.34.14.108 - - [08/Feb/2010:06:40:53 -0800] "GET /publications.php HTTP/1.1" 200 1314 "http://morganlangille.com/" "Mozilla/4.0 (compatible; MSIE 8.0; Windows NT 6.0; Trident/4.0; FunWebProducts; FBSMTWB; SIMBAR={534C4A93-FF90-421A-87E6-8AC553BA4CEA}; GTB6.4; SLCC1; .NET CLR 2.0.50727; Media Center PC 5.0; .NET CLR 3.5.30729; OfficeLiveConnector.1.3; OfficeLivePatch.0.0; .NET CLR 3.0.30729)"
156.34.14.108 - - [08/Feb/2010:06:40:55 -0800] "GET /__history__.html?0 HTTP/1.1" 404 247 "http://morganlangille.com/publications.php" "Mozilla/4.0 (compatible; MSIE 8.0; Windows NT 6.0; Trident/4.0; FunWebProducts; FBSMTWB; SIMBAR={534C4A93-FF90-421A-87E6-8AC553BA4CEA}; GTB6.4; SLCC1; .NET CLR 2.0.50727; Media Center PC 5.0; .NET CLR 3.5.30729; OfficeLiveConnector.1.3; OfficeLivePatch.0.0; .NET CLR 3.0.30729)"
156.34.14.108 - - [08/Feb/2010:06:41:24 -0800] "GET /index.php HTTP/1.1" 200 1300 "http://morganlangille.com/publications.php" "Mozilla/4.0 (compatible; MSIE 8.0; Windows NT 6.0; Trident/4.0; FunWebProducts; FBSMTWB; SIMBAR={534C4A93-FF90-421A-87E6-8AC553BA4CEA}; GTB6.4; SLCC1; .NET CLR 2.0.50727; Media Center PC 5.0; .NET CLR 3.5.30729; OfficeLiveConnector.1.3; OfficeLivePatch.0.0; .NET CLR 3.0.30729)"
74.125.126.80 - - [08/Feb/2010:09:35:13 -0800] "GET / HTTP/1.1" 200 1300 "-" "Feedfetcher-Google; (+http://www.google.com/feedfetcher.html; feed-id=7391994924387676245)"
87.250.255.242 - - [08/Feb/2010:18:00:10 -0800] "GET /publications.php HTTP/1.1" 200 1314 "-" "Yandex/1.01.001 (compatible; Win16; I)"
65.55.207.76 - - [08/Feb/2010:21:38:39 -0800] "GET /robots.txt HTTP/1.1" 404 292 "-" "msnbot/2.0b (+http://search.msn.com/msnbot.htm)"
65.55.207.76 - - [08/Feb/2010:21:39:28 -0800] "GET / HTTP/1.1" 200 1300 "-" "msnbot/2.0b (+http://search.msn.com/msnbot.htm)"
