64.246.165.170 - - [17/Dec/2009:01:59:38 -0800] "GET /robots.txt HTTP/1.0" 404 296 "-" "Mozilla/5.0 (Windows; U; Windows NT 5.1; en; rv:1.9.0.13) Gecko/2009073022 Firefox/3.5.2 (.NET CLR 3.5.30729) SurveyBot/2.3 (DomainTools)"
64.246.165.170 - - [17/Dec/2009:01:59:38 -0800] "GET / HTTP/1.1" 200 1300 "http://whois.domaintools.com/morganlangille.com" "Mozilla/5.0 (Windows; U; Windows NT 5.1; en; rv:1.9.0.13) Gecko/2009073022 Firefox/3.5.2 (.NET CLR 3.5.30729) SurveyBot/2.3 (DomainTools)"
193.47.80.46 - - [17/Dec/2009:11:13:08 -0800] "GET /publications.html HTTP/1.1" 200 3705 "-" "Mozilla/5.0 (compatible; Exabot/3.0; +http://www.exabot.com/go/robot)"
193.47.80.46 - - [17/Dec/2009:11:13:15 -0800] "GET /cv.html HTTP/1.1" 200 1098 "-" "Mozilla/5.0 (compatible; Exabot/3.0; +http://www.exabot.com/go/robot)"
66.249.68.110 - - [17/Dec/2009:14:38:10 -0800] "GET /robots.txt HTTP/1.1" 404 243 "-" "Mozilla/5.0 (compatible; Googlebot/2.1; +http://www.google.com/bot.html)"
66.249.68.110 - - [17/Dec/2009:14:38:10 -0800] "GET /cv.html HTTP/1.1" 304 - "-" "Mozilla/5.0 (compatible; Googlebot/2.1; +http://www.google.com/bot.html)"
66.249.68.110 - - [17/Dec/2009:17:35:00 -0800] "GET /index.html HTTP/1.1" 200 1300 "-" "Mozilla/5.0 (compatible; Googlebot/2.1; +http://www.google.com/bot.html)"
67.171.228.181 - - [17/Dec/2009:21:58:15 -0800] "GET / HTTP/1.1" 200 1300 "http://www.google.com/search?q=Morgan+GI+Langille&ie=utf-8&oe=utf-8&aq=t&rls=org.mozilla:en-US:official&client=firefox-a" "Mozilla/5.0 (Macintosh; U; Intel Mac OS X 10.6; en-US; rv:1.9.1.6) Gecko/20091201 Firefox/3.5.6"
67.171.228.181 - - [17/Dec/2009:21:58:15 -0800] "GET /style.css HTTP/1.1" 200 1361 "http://morganlangille.com/" "Mozilla/5.0 (Macintosh; U; Intel Mac OS X 10.6; en-US; rv:1.9.1.6) Gecko/20091201 Firefox/3.5.6"
67.171.228.181 - - [17/Dec/2009:21:58:15 -0800] "GET /images/Morgan.jpg HTTP/1.1" 200 29830 "http://morganlangille.com/" "Mozilla/5.0 (Macintosh; U; Intel Mac OS X 10.6; en-US; rv:1.9.1.6) Gecko/20091201 Firefox/3.5.6"
67.171.228.181 - - [17/Dec/2009:21:58:15 -0800] "GET /images/img01.jpg HTTP/1.1" 200 720 "http://morganlangille.com/style.css" "Mozilla/5.0 (Macintosh; U; Intel Mac OS X 10.6; en-US; rv:1.9.1.6) Gecko/20091201 Firefox/3.5.6"
67.171.228.181 - - [17/Dec/2009:21:58:15 -0800] "GET /favicon.ico HTTP/1.1" 404 243 "-" "Mozilla/5.0 (Macintosh; U; Intel Mac OS X 10.6; en-US; rv:1.9.1.6) Gecko/20091201 Firefox/3.5.6"
67.171.228.181 - - [17/Dec/2009:21:58:16 -0800] "GET /favicon.ico HTTP/1.1" 404 243 "-" "Mozilla/5.0 (Macintosh; U; Intel Mac OS X 10.6; en-US; rv:1.9.1.6) Gecko/20091201 Firefox/3.5.6"
67.171.228.181 - - [17/Dec/2009:21:58:21 -0800] "GET /current_research.html HTTP/1.1" 200 1104 "http://morganlangille.com/" "Mozilla/5.0 (Macintosh; U; Intel Mac OS X 10.6; en-US; rv:1.9.1.6) Gecko/20091201 Firefox/3.5.6"
67.171.228.181 - - [17/Dec/2009:21:58:22 -0800] "GET /past_research.html HTTP/1.1" 200 1106 "http://morganlangille.com/current_research.html" "Mozilla/5.0 (Macintosh; U; Intel Mac OS X 10.6; en-US; rv:1.9.1.6) Gecko/20091201 Firefox/3.5.6"
67.171.228.181 - - [17/Dec/2009:21:58:23 -0800] "GET /publications.html HTTP/1.1" 200 3705 "http://morganlangille.com/past_research.html" "Mozilla/5.0 (Macintosh; U; Intel Mac OS X 10.6; en-US; rv:1.9.1.6) Gecko/20091201 Firefox/3.5.6"
98.178.181.62 - - [18/Dec/2009:08:39:36 -0800] "GET /publications.html HTTP/1.1" 200 3705 "http://www.google.com/search?hl=en&rlz=1T4ADBR_enUS264US264&q=Clark+Seeger&btnG=Search&aq=f&oq=&aqi=" "Mozilla/4.0 (compatible; MSIE 8.0; Windows NT 5.1; Trident/4.0; GTB6.3; Mozilla/4.0 (compatible; MSIE 6.0; Windows NT 5.1; SV1) ; .NET CLR 2.0.50727; .NET CLR 1.1.4322; .NET CLR 3.0.4506.2152; .NET CLR 3.5.30729)"
98.178.181.62 - - [18/Dec/2009:08:39:37 -0800] "GET /style.css HTTP/1.1" 200 1361 "http://morganlangille.com/publications.html" "Mozilla/4.0 (compatible; MSIE 8.0; Windows NT 5.1; Trident/4.0; GTB6.3; Mozilla/4.0 (compatible; MSIE 6.0; Windows NT 5.1; SV1) ; .NET CLR 2.0.50727; .NET CLR 1.1.4322; .NET CLR 3.0.4506.2152; .NET CLR 3.5.30729)"
98.178.181.62 - - [18/Dec/2009:08:39:37 -0800] "GET /images/img01.jpg HTTP/1.1" 200 720 "http://morganlangille.com/publications.html" "Mozilla/4.0 (compatible; MSIE 8.0; Windows NT 5.1; Trident/4.0; GTB6.3; Mozilla/4.0 (compatible; MSIE 6.0; Windows NT 5.1; SV1) ; .NET CLR 2.0.50727; .NET CLR 1.1.4322; .NET CLR 3.0.4506.2152; .NET CLR 3.5.30729)"
98.178.181.62 - - [18/Dec/2009:08:39:37 -0800] "GET /favicon.ico HTTP/1.1" 404 243 "-" "Mozilla/4.0 (compatible; MSIE 8.0; Windows NT 5.1; Trident/4.0; GTB6.3; Mozilla/4.0 (compatible; MSIE 6.0; Windows NT 5.1; SV1) ; .NET CLR 2.0.50727; .NET CLR 1.1.4322; .NET CLR 3.0.4506.2152; .NET CLR 3.5.30729)"
24.113.187.2 - - [18/Dec/2009:15:40:07 -0800] "GET / HTTP/1.1" 200 1300 "http://www.google.com/search?q=morganlangille&ie=utf-8&oe=utf-8&aq=t&rls=org.mozilla:en-US:official&client=firefox-a" "Mozilla/5.0 (Windows; U; Windows NT 6.1; en-US; rv:1.9.1.6) Gecko/20091201 Firefox/3.5.6"
24.113.187.2 - - [18/Dec/2009:15:40:07 -0800] "GET /style.css HTTP/1.1" 200 1361 "http://morganlangille.com/" "Mozilla/5.0 (Windows; U; Windows NT 6.1; en-US; rv:1.9.1.6) Gecko/20091201 Firefox/3.5.6"
24.113.187.2 - - [18/Dec/2009:15:40:07 -0800] "GET /images/Morgan.jpg HTTP/1.1" 200 29830 "http://morganlangille.com/" "Mozilla/5.0 (Windows; U; Windows NT 6.1; en-US; rv:1.9.1.6) Gecko/20091201 Firefox/3.5.6"
24.113.187.2 - - [18/Dec/2009:15:40:07 -0800] "GET /images/img01.jpg HTTP/1.1" 200 720 "http://morganlangille.com/style.css" "Mozilla/5.0 (Windows; U; Windows NT 6.1; en-US; rv:1.9.1.6) Gecko/20091201 Firefox/3.5.6"
24.113.187.2 - - [18/Dec/2009:15:40:07 -0800] "GET /favicon.ico HTTP/1.1" 404 243 "-" "Mozilla/5.0 (Windows; U; Windows NT 6.1; en-US; rv:1.9.1.6) Gecko/20091201 Firefox/3.5.6"
24.113.187.2 - - [18/Dec/2009:15:40:10 -0800] "GET /favicon.ico HTTP/1.1" 404 243 "-" "Mozilla/5.0 (Windows; U; Windows NT 6.1; en-US; rv:1.9.1.6) Gecko/20091201 Firefox/3.5.6"
24.113.187.2 - - [18/Dec/2009:20:32:36 -0800] "GET /favicon.ico HTTP/1.1" 404 243 "-" "Mozilla/5.0 (Windows; U; Windows NT 6.1; en-US; rv:1.9.1.6) Gecko/20091201 Firefox/3.5.6"
24.113.187.2 - - [18/Dec/2009:20:32:38 -0800] "GET /publications.html HTTP/1.1" 200 3705 "http://morganlangille.com/" "Mozilla/5.0 (Windows; U; Windows NT 6.1; en-US; rv:1.9.1.6) Gecko/20091201 Firefox/3.5.6"
24.113.187.2 - - [18/Dec/2009:20:33:16 -0800] "GET /past_research.html HTTP/1.1" 200 1106 "http://morganlangille.com/publications.html" "Mozilla/5.0 (Windows; U; Windows NT 6.1; en-US; rv:1.9.1.6) Gecko/20091201 Firefox/3.5.6"
24.113.187.2 - - [18/Dec/2009:20:33:18 -0800] "GET /current_research.html HTTP/1.1" 200 1104 "http://morganlangille.com/past_research.html" "Mozilla/5.0 (Windows; U; Windows NT 6.1; en-US; rv:1.9.1.6) Gecko/20091201 Firefox/3.5.6"
24.113.187.2 - - [18/Dec/2009:20:33:20 -0800] "GET /cv.html HTTP/1.1" 200 1098 "http://morganlangille.com/publications.html" "Mozilla/5.0 (Windows; U; Windows NT 6.1; en-US; rv:1.9.1.6) Gecko/20091201 Firefox/3.5.6"
24.113.187.2 - - [18/Dec/2009:20:33:23 -0800] "GET /index.html HTTP/1.1" 200 1300 "http://morganlangille.com/cv.html" "Mozilla/5.0 (Windows; U; Windows NT 6.1; en-US; rv:1.9.1.6) Gecko/20091201 Firefox/3.5.6"
66.249.68.110 - - [18/Dec/2009:23:34:08 -0800] "GET /robots.txt HTTP/1.1" 404 243 "-" "Mozilla/5.0 (compatible; Googlebot/2.1; +http://www.google.com/bot.html)"
66.249.68.110 - - [18/Dec/2009:23:34:08 -0800] "GET /publications.html HTTP/1.1" 304 - "-" "Mozilla/5.0 (compatible; Googlebot/2.1; +http://www.google.com/bot.html)"
216.129.119.41 - - [18/Dec/2009:23:37:59 -0800] "GET /robots.txt HTTP/1.0" 404 243 "-" "Mozilla/5.0 (Twiceler-0.9 http://www.cuil.com/twiceler/robot.html)"
66.249.68.110 - - [19/Dec/2009:02:42:14 -0800] "GET /current_research.html HTTP/1.1" 304 - "-" "Mozilla/5.0 (compatible; Googlebot/2.1; +http://www.google.com/bot.html)"
193.47.80.46 - - [19/Dec/2009:05:08:35 -0800] "GET /robots.txt HTTP/1.1" 404 246 "-" "Mozilla/5.0 (compatible; Exabot/3.0; +http://www.exabot.com/go/robot)"
193.47.80.46 - - [19/Dec/2009:05:08:36 -0800] "GET /past_research.html HTTP/1.1" 200 1106 "-" "Mozilla/5.0 (compatible; Exabot/3.0; +http://www.exabot.com/go/robot)"
193.47.80.46 - - [20/Dec/2009:03:17:29 -0800] "GET /robots.txt HTTP/1.1" 404 243 "-" "Mozilla/5.0 (compatible; Exabot/3.0; +http://www.exabot.com/go/robot)"
193.47.80.46 - - [20/Dec/2009:03:17:29 -0800] "GET / HTTP/1.1" 304 - "-" "Mozilla/5.0 (compatible; Exabot/3.0; +http://www.exabot.com/go/robot)"
99.251.200.71 - - [20/Dec/2009:09:52:33 -0800] "GET / HTTP/1.1" 200 1300 "-" "Mozilla/4.0 (compatible; MSIE 6.0; Windows NT 5.1; SV1; InfoPath.1; .NET CLR 2.0.50727; .NET CLR 3.0.04506.30; .NET CLR 3.0.4506.2152; .NET CLR 3.5.30729)"
99.251.200.71 - - [20/Dec/2009:09:52:34 -0800] "GET /style.css HTTP/1.1" 200 1361 "http://www.morganlangille.com/" "Mozilla/4.0 (compatible; MSIE 6.0; Windows NT 5.1; SV1; InfoPath.1; .NET CLR 2.0.50727; .NET CLR 3.0.04506.30; .NET CLR 3.0.4506.2152; .NET CLR 3.5.30729)"
99.251.200.71 - - [20/Dec/2009:09:52:34 -0800] "GET /images/img01.jpg HTTP/1.1" 200 720 "http://www.morganlangille.com/" "Mozilla/4.0 (compatible; MSIE 6.0; Windows NT 5.1; SV1; InfoPath.1; .NET CLR 2.0.50727; .NET CLR 3.0.04506.30; .NET CLR 3.0.4506.2152; .NET CLR 3.5.30729)"
99.251.200.71 - - [20/Dec/2009:09:52:34 -0800] "GET /images/Morgan.jpg HTTP/1.1" 200 29830 "http://www.morganlangille.com/" "Mozilla/4.0 (compatible; MSIE 6.0; Windows NT 5.1; SV1; InfoPath.1; .NET CLR 2.0.50727; .NET CLR 3.0.04506.30; .NET CLR 3.0.4506.2152; .NET CLR 3.5.30729)"
99.251.200.71 - - [20/Dec/2009:09:53:10 -0800] "GET /current_research.html HTTP/1.1" 200 1104 "http://www.morganlangille.com/" "Mozilla/4.0 (compatible; MSIE 6.0; Windows NT 5.1; SV1; InfoPath.1; .NET CLR 2.0.50727; .NET CLR 3.0.04506.30; .NET CLR 3.0.4506.2152; .NET CLR 3.5.30729)"
99.251.200.71 - - [20/Dec/2009:09:53:14 -0800] "GET /past_research.html HTTP/1.1" 200 1106 "http://www.morganlangille.com/current_research.html" "Mozilla/4.0 (compatible; MSIE 6.0; Windows NT 5.1; SV1; InfoPath.1; .NET CLR 2.0.50727; .NET CLR 3.0.04506.30; .NET CLR 3.0.4506.2152; .NET CLR 3.5.30729)"
99.251.200.71 - - [20/Dec/2009:09:53:17 -0800] "GET /publications.html HTTP/1.1" 200 3705 "http://www.morganlangille.com/past_research.html" "Mozilla/4.0 (compatible; MSIE 6.0; Windows NT 5.1; SV1; InfoPath.1; .NET CLR 2.0.50727; .NET CLR 3.0.04506.30; .NET CLR 3.0.4506.2152; .NET CLR 3.5.30729)"
99.251.200.71 - - [20/Dec/2009:09:53:42 -0800] "GET /cv.html HTTP/1.1" 200 1098 "http://www.morganlangille.com/publications.html" "Mozilla/4.0 (compatible; MSIE 6.0; Windows NT 5.1; SV1; InfoPath.1; .NET CLR 2.0.50727; .NET CLR 3.0.04506.30; .NET CLR 3.0.4506.2152; .NET CLR 3.5.30729)"
119.63.198.4 - - [21/Dec/2009:21:12:11 -0800] "GET /robots.txt HTTP/1.1" 404 246 "-" "Baiduspider+(+http://www.baidu.com/search/spider.htm)"
208.80.193.29 - - [22/Dec/2009:11:30:16 -0800] "GET / HTTP/1.0" 200 3344 "-" "Mozilla/4.0 (compatible; MSIE 7.0; AOL 9.0; Windows NT 5.1; BCD2000; iebar)"
91.155.201.190 - - [22/Dec/2009:15:40:31 -0800] "GET / HTTP/1.1" 200 1300 "http://www.blogger.com/profile/15991960337694557528" "Mozilla/5.0 (Macintosh; U; Intel Mac OS X 10_6_2; en-US) AppleWebKit/532.8 (KHTML, like Gecko) Chrome/4.0.277.0 Safari/532.8"
91.155.201.190 - - [22/Dec/2009:15:40:32 -0800] "GET /style.css HTTP/1.1" 200 1361 "http://www.morganlangille.com/" "Mozilla/5.0 (Macintosh; U; Intel Mac OS X 10_6_2; en-US) AppleWebKit/532.8 (KHTML, like Gecko) Chrome/4.0.277.0 Safari/532.8"
91.155.201.190 - - [22/Dec/2009:15:40:33 -0800] "GET /images/img01.jpg HTTP/1.1" 200 720 "http://www.morganlangille.com/" "Mozilla/5.0 (Macintosh; U; Intel Mac OS X 10_6_2; en-US) AppleWebKit/532.8 (KHTML, like Gecko) Chrome/4.0.277.0 Safari/532.8"
91.155.201.190 - - [22/Dec/2009:15:40:33 -0800] "GET /images/Morgan.jpg HTTP/1.1" 200 29830 "http://www.morganlangille.com/" "Mozilla/5.0 (Macintosh; U; Intel Mac OS X 10_6_2; en-US) AppleWebKit/532.8 (KHTML, like Gecko) Chrome/4.0.277.0 Safari/532.8"
91.155.201.190 - - [22/Dec/2009:15:40:37 -0800] "GET /favicon.ico HTTP/1.1" 404 246 "-" "Mozilla/5.0 (Macintosh; U; Intel Mac OS X 10_6_2; en-US) AppleWebKit/532.8 (KHTML, like Gecko) Chrome/4.0.277.0 Safari/532.8"
91.155.201.190 - - [22/Dec/2009:15:47:19 -0800] "GET /current_research.html HTTP/1.1" 200 1104 "http://www.morganlangille.com/" "Mozilla/5.0 (Macintosh; U; Intel Mac OS X 10_6_2; en-US) AppleWebKit/532.8 (KHTML, like Gecko) Chrome/4.0.277.0 Safari/532.8"
91.155.201.190 - - [22/Dec/2009:15:47:20 -0800] "GET /favicon.ico HTTP/1.1" 404 246 "-" "Mozilla/5.0 (Macintosh; U; Intel Mac OS X 10_6_2; en-US) AppleWebKit/532.8 (KHTML, like Gecko) Chrome/4.0.277.0 Safari/532.8"
91.155.201.190 - - [22/Dec/2009:15:47:28 -0800] "GET /favicon.ico HTTP/1.1" 404 246 "-" "Mozilla/5.0 (Macintosh; U; Intel Mac OS X 10_6_2; en-US) AppleWebKit/532.8 (KHTML, like Gecko) Chrome/4.0.277.0 Safari/532.8"
91.155.201.190 - - [22/Dec/2009:15:47:39 -0800] "GET /past_research.html HTTP/1.1" 200 1106 "http://www.morganlangille.com/" "Mozilla/5.0 (Macintosh; U; Intel Mac OS X 10_6_2; en-US) AppleWebKit/532.8 (KHTML, like Gecko) Chrome/4.0.277.0 Safari/532.8"
91.155.201.190 - - [22/Dec/2009:15:47:40 -0800] "GET /favicon.ico HTTP/1.1" 404 246 "-" "Mozilla/5.0 (Macintosh; U; Intel Mac OS X 10_6_2; en-US) AppleWebKit/532.8 (KHTML, like Gecko) Chrome/4.0.277.0 Safari/532.8"
91.155.201.190 - - [22/Dec/2009:15:48:11 -0800] "GET /publications.html HTTP/1.1" 200 3705 "http://www.morganlangille.com/past_research.html" "Mozilla/5.0 (Macintosh; U; Intel Mac OS X 10_6_2; en-US) AppleWebKit/532.8 (KHTML, like Gecko) Chrome/4.0.277.0 Safari/532.8"
91.155.201.190 - - [22/Dec/2009:15:48:12 -0800] "GET /favicon.ico HTTP/1.1" 404 246 "-" "Mozilla/5.0 (Macintosh; U; Intel Mac OS X 10_6_2; en-US) AppleWebKit/532.8 (KHTML, like Gecko) Chrome/4.0.277.0 Safari/532.8"
119.63.198.48 - - [22/Dec/2009:18:00:08 -0800] "GET /robots.txt HTTP/1.1" 404 246 "-" "Baiduspider+(+http://www.baidu.com/search/spider.htm)"
66.249.68.110 - - [23/Dec/2009:03:04:54 -0800] "GET /robots.txt HTTP/1.1" 404 243 "-" "Mozilla/5.0 (compatible; Googlebot/2.1; +http://www.google.com/bot.html)"
66.249.68.110 - - [23/Dec/2009:03:04:54 -0800] "GET /past_research.html HTTP/1.1" 304 - "-" "Mozilla/5.0 (compatible; Googlebot/2.1; +http://www.google.com/bot.html)"
87.250.254.243 - - [23/Dec/2009:04:46:51 -0800] "GET /robots.txt HTTP/1.1" 404 296 "-" "Yandex/1.01.001 (compatible; Win16; I)"
87.250.254.243 - - [23/Dec/2009:04:47:25 -0800] "GET / HTTP/1.1" 200 1300 "-" "Yandex/1.01.001 (compatible; Win16; I)"
66.249.68.110 - - [23/Dec/2009:17:28:33 -0800] "GET /robots.txt HTTP/1.1" 404 243 "-" "Mozilla/5.0 (compatible; Googlebot/2.1; +http://www.google.com/bot.html)"
66.249.68.110 - - [23/Dec/2009:17:28:33 -0800] "GET / HTTP/1.1" 200 1300 "-" "Mozilla/5.0 (compatible; Googlebot/2.1; +http://www.google.com/bot.html)"
119.63.198.30 - - [23/Dec/2009:18:01:47 -0800] "GET /robots.txt HTTP/1.1" 404 246 "-" "Baiduspider+(+http://www.baidu.com/search/spider.htm)"
208.80.193.37 - - [23/Dec/2009:20:33:52 -0800] "GET / HTTP/1.0" 200 3344 "-" "Mozilla/4.0 (compatible; MSIE 6.0; Windows NT 5.1; SV1; (R1 1.5); .NET CLR 1.1.4322; ZangoToolbar 4.8.3)"
66.249.68.110 - - [23/Dec/2009:22:28:47 -0800] "GET /cv.html HTTP/1.1" 304 - "-" "Mozilla/5.0 (compatible; Googlebot/2.1; +http://www.google.com/bot.html)"
66.249.68.110 - - [23/Dec/2009:23:25:29 -0800] "GET /index.html HTTP/1.1" 200 1300 "-" "Mozilla/5.0 (compatible; Googlebot/2.1; +http://www.google.com/bot.html)"
85.25.124.132 - - [24/Dec/2009:03:09:05 -0800] "GET /robots.txt HTTP/1.1" 404 243 "-" "Linguee Bot (http://www.linguee.com/bot; bot@linguee.com)"
85.25.124.132 - - [24/Dec/2009:03:09:06 -0800] "GET / HTTP/1.1" 200 1300 "-" "Linguee Bot (http://www.linguee.com/bot; bot@linguee.com)"
85.25.124.132 - - [24/Dec/2009:03:09:08 -0800] "GET /index.html HTTP/1.1" 200 1300 "-" "Linguee Bot (http://www.linguee.com/bot; bot@linguee.com)"
85.25.124.132 - - [24/Dec/2009:03:09:09 -0800] "GET /current_research.html HTTP/1.1" 200 1104 "-" "Linguee Bot (http://www.linguee.com/bot; bot@linguee.com)"
85.25.124.132 - - [24/Dec/2009:03:09:11 -0800] "GET /past_research.html HTTP/1.1" 200 1106 "-" "Linguee Bot (http://www.linguee.com/bot; bot@linguee.com)"
85.25.124.132 - - [24/Dec/2009:03:09:13 -0800] "GET /publications.html HTTP/1.1" 200 3705 "-" "Linguee Bot (http://www.linguee.com/bot; bot@linguee.com)"
85.25.124.132 - - [24/Dec/2009:03:09:15 -0800] "GET /cv.html HTTP/1.1" 200 1098 "-" "Linguee Bot (http://www.linguee.com/bot; bot@linguee.com)"
212.227.136.205 - - [24/Dec/2009:16:14:40 -0800] "GET /robots.txt HTTP/1.1" 404 243 "-" "Linguee Bot (http://www.linguee.com/bot; bot@linguee.com)"
212.227.136.205 - - [24/Dec/2009:16:14:41 -0800] "GET / HTTP/1.1" 200 1300 "-" "Linguee Bot (http://www.linguee.com/bot; bot@linguee.com)"
212.227.136.205 - - [24/Dec/2009:16:14:42 -0800] "GET /index.html HTTP/1.1" 200 1300 "-" "Linguee Bot (http://www.linguee.com/bot; bot@linguee.com)"
212.227.136.205 - - [24/Dec/2009:16:14:42 -0800] "GET /current_research.html HTTP/1.1" 200 1104 "-" "Linguee Bot (http://www.linguee.com/bot; bot@linguee.com)"
212.227.136.205 - - [24/Dec/2009:16:14:44 -0800] "GET /past_research.html HTTP/1.1" 200 1106 "-" "Linguee Bot (http://www.linguee.com/bot; bot@linguee.com)"
212.227.136.205 - - [24/Dec/2009:16:14:45 -0800] "GET /publications.html HTTP/1.1" 200 3705 "-" "Linguee Bot (http://www.linguee.com/bot; bot@linguee.com)"
212.227.136.205 - - [24/Dec/2009:16:14:46 -0800] "GET /cv.html HTTP/1.1" 200 1098 "-" "Linguee Bot (http://www.linguee.com/bot; bot@linguee.com)"
119.63.198.21 - - [24/Dec/2009:18:03:21 -0800] "GET /robots.txt HTTP/1.1" 404 246 "-" "Baiduspider+(+http://www.baidu.com/search/spider.htm)"
75.36.202.130 - - [24/Dec/2009:18:35:21 -0800] "GET / HTTP/1.1" 200 1300 "http://www.blogger.com/profile/15991960337694557528" "Mozilla/4.0 (compatible; MSIE 7.0; Windows NT 5.1)"
75.36.202.130 - - [24/Dec/2009:18:35:21 -0800] "GET /style.css HTTP/1.1" 200 1361 "http://www.morganlangille.com/" "Mozilla/4.0 (compatible; MSIE 7.0; Windows NT 5.1)"
75.36.202.130 - - [24/Dec/2009:18:35:21 -0800] "GET /images/img01.jpg HTTP/1.1" 200 720 "http://www.morganlangille.com/" "Mozilla/4.0 (compatible; MSIE 7.0; Windows NT 5.1)"
75.36.202.130 - - [24/Dec/2009:18:35:21 -0800] "GET /images/Morgan.jpg HTTP/1.1" 200 29830 "http://www.morganlangille.com/" "Mozilla/4.0 (compatible; MSIE 7.0; Windows NT 5.1)"
75.36.202.130 - - [24/Dec/2009:18:35:21 -0800] "GET /favicon.ico HTTP/1.1" 404 246 "-" "Mozilla/4.0 (compatible; MSIE 7.0; Windows NT 5.1)"
75.36.202.130 - - [24/Dec/2009:18:35:32 -0800] "GET /cv.html HTTP/1.1" 200 1098 "http://www.morganlangille.com/" "Mozilla/4.0 (compatible; MSIE 7.0; Windows NT 5.1)"
75.36.202.130 - - [24/Dec/2009:18:35:35 -0800] "GET /publications.html HTTP/1.1" 200 3705 "http://www.morganlangille.com/cv.html" "Mozilla/4.0 (compatible; MSIE 7.0; Windows NT 5.1)"
91.117.240.16 - - [25/Dec/2009:07:10:07 -0800] "GET / HTTP/1.1" 200 1300 "http://www.blogger.com/profile/15991960337694557528" "Mozilla/5.0 (X11; U; Linux x86_64; en-US; rv:1.9.1.6) Gecko/20091216 Firefox/2.0.0 (like Firefox/3.5.6; Debian-3.5.6-1)"
91.117.240.16 - - [25/Dec/2009:07:10:07 -0800] "GET /style.css HTTP/1.1" 200 1361 "http://www.morganlangille.com/" "Mozilla/5.0 (X11; U; Linux x86_64; en-US; rv:1.9.1.6) Gecko/20091216 Firefox/2.0.0 (like Firefox/3.5.6; Debian-3.5.6-1)"
91.117.240.16 - - [25/Dec/2009:07:10:07 -0800] "GET /images/img01.jpg HTTP/1.1" 200 720 "http://www.morganlangille.com/style.css" "Mozilla/5.0 (X11; U; Linux x86_64; en-US; rv:1.9.1.6) Gecko/20091216 Firefox/2.0.0 (like Firefox/3.5.6; Debian-3.5.6-1)"
91.117.240.16 - - [25/Dec/2009:07:10:07 -0800] "GET /images/Morgan.jpg HTTP/1.1" 200 29830 "http://www.morganlangille.com/" "Mozilla/5.0 (X11; U; Linux x86_64; en-US; rv:1.9.1.6) Gecko/20091216 Firefox/2.0.0 (like Firefox/3.5.6; Debian-3.5.6-1)"
91.117.240.16 - - [25/Dec/2009:07:10:08 -0800] "GET /favicon.ico HTTP/1.1" 404 246 "-" "Mozilla/5.0 (X11; U; Linux x86_64; en-US; rv:1.9.1.6) Gecko/20091216 Firefox/2.0.0 (like Firefox/3.5.6; Debian-3.5.6-1)"
91.117.240.16 - - [25/Dec/2009:07:38:57 -0800] "GET /favicon.ico HTTP/1.1" 404 246 "-" "Mozilla/5.0 (X11; U; Linux x86_64; en-US; rv:1.9.1.6) Gecko/20091216 Firefox/2.0.0 (like Firefox/3.5.6; Debian-3.5.6-1)"
87.250.255.242 - - [25/Dec/2009:12:40:25 -0800] "GET /robots.txt HTTP/1.1" 404 296 "-" "Yandex/1.01.001 (compatible; Win16; I)"
208.80.193.55 - - [25/Dec/2009:16:55:59 -0800] "GET / HTTP/1.0" 200 3344 "-" "Mozilla/4.0 (compatible; MSIE 7.0; Windows NT 5.1; FunWebProducts; YPC 3.2.0; .NET CLR 1.1.4322; .NET CLR 2.0.50727; yplus 5.3.02b)"
119.63.198.31 - - [25/Dec/2009:18:05:02 -0800] "GET /robots.txt HTTP/1.1" 404 246 "-" "Baiduspider+(+http://www.baidu.com/search/spider.htm)"
66.249.68.110 - - [26/Dec/2009:01:33:48 -0800] "GET /robots.txt HTTP/1.1" 404 243 "-" "Mozilla/5.0 (compatible; Googlebot/2.1; +http://www.google.com/bot.html)"
66.249.68.110 - - [26/Dec/2009:01:33:48 -0800] "GET /publications.html HTTP/1.1" 304 - "-" "Mozilla/5.0 (compatible; Googlebot/2.1; +http://www.google.com/bot.html)"
66.249.68.110 - - [26/Dec/2009:03:58:45 -0800] "GET /current_research.html HTTP/1.1" 304 - "-" "Mozilla/5.0 (compatible; Googlebot/2.1; +http://www.google.com/bot.html)"
87.250.254.243 - - [26/Dec/2009:04:49:55 -0800] "GET /robots.txt HTTP/1.1" 404 296 "-" "Yandex/1.01.001 (compatible; Win16; I)"
87.250.254.243 - - [26/Dec/2009:04:50:00 -0800] "GET / HTTP/1.1" 304 - "-" "Yandex/1.01.001 (compatible; Win16; I)"
87.250.254.243 - - [26/Dec/2009:04:52:12 -0800] "GET /publications.html HTTP/1.1" 200 3705 "-" "Yandex/1.01.001 (compatible; Win16; I)"
87.250.254.243 - - [26/Dec/2009:04:52:16 -0800] "GET /past_research.html HTTP/1.1" 200 1106 "-" "Yandex/1.01.001 (compatible; Win16; I)"
87.250.254.243 - - [26/Dec/2009:04:52:25 -0800] "GET /current_research.html HTTP/1.1" 200 1104 "-" "Yandex/1.01.001 (compatible; Win16; I)"
87.250.254.243 - - [26/Dec/2009:04:52:45 -0800] "GET /index.html HTTP/1.1" 200 1300 "-" "Yandex/1.01.001 (compatible; Win16; I)"
87.250.255.242 - - [26/Dec/2009:09:45:02 -0800] "GET / HTTP/1.1" 200 1300 "-" "Yandex/1.01.001 (compatible; Win16; I)"
69.71.222.186 - - [26/Dec/2009:17:49:24 -0800] "GET / HTTP/1.0" 200 3344 "http://www.sitedossier.com/site/www.morganlangille.com" "-"
119.63.198.40 - - [26/Dec/2009:18:11:33 -0800] "GET /robots.txt HTTP/1.1" 404 246 "-" "Baiduspider+(+http://www.baidu.com/search/spider.htm)"
66.235.124.59 - - [26/Dec/2009:20:34:59 -0800] "GET /robots.txt HTTP/1.1" 404 292 "-" "Mozilla/5.0 (compatible; Ask Jeeves/Teoma; +http://about.ask.com/en/docs/about/webmasters.shtml)"
66.235.124.59 - - [26/Dec/2009:20:34:59 -0800] "GET /publications.html HTTP/1.1" 200 3705 "-" "Mozilla/5.0 (compatible; Ask Jeeves/Teoma; +http://about.ask.com/en/docs/about/webmasters.shtml)"
208.80.193.31 - - [27/Dec/2009:00:56:21 -0800] "GET / HTTP/1.0" 200 3344 "-" "Mozilla/4.0 (compatible; MSIE 6.0; Windows NT 5.1; {A40DB79E-021C-1372-91A1-1C36A7627E13}; FunWebProducts; .NET CLR 1.0.3705)"
216.145.14.142 - - [27/Dec/2009:05:41:10 -0800] "GET /robots.txt HTTP/1.0" 404 296 "-" "Mozilla/5.0 (Windows; U; Windows NT 5.1; en; rv:1.9.0.13) Gecko/2009073022 Firefox/3.5.2 (.NET CLR 3.5.30729) SurveyBot/2.3 (DomainTools)"
216.145.14.142 - - [27/Dec/2009:05:41:10 -0800] "GET / HTTP/1.1" 200 1300 "http://whois.domaintools.com/morganlangille.com" "Mozilla/5.0 (Windows; U; Windows NT 5.1; en; rv:1.9.0.13) Gecko/2009073022 Firefox/3.5.2 (.NET CLR 3.5.30729) SurveyBot/2.3 (DomainTools)"
66.249.68.110 - - [27/Dec/2009:06:42:40 -0800] "GET /robots.txt HTTP/1.1" 404 243 "-" "Mozilla/5.0 (compatible; Googlebot/2.1; +http://www.google.com/bot.html)"
66.249.68.110 - - [27/Dec/2009:06:42:40 -0800] "GET /style.css HTTP/1.1" 200 1361 "-" "Mozilla/5.0 (compatible; Googlebot/2.1; +http://www.google.com/bot.html)"
24.113.187.2 - - [27/Dec/2009:12:16:23 -0800] "GET /publications.html HTTP/1.1" 200 3705 "http://www.sitemeter.com/?a=s&s=s32islandviewer&r=11" "Mozilla/5.0 (Windows; U; Windows NT 6.1; en-US; rv:1.9.1.6) Gecko/20091201 Firefox/3.5.6"
24.113.187.2 - - [27/Dec/2009:12:16:23 -0800] "GET /style.css HTTP/1.1" 200 1361 "http://www.morganlangille.com/publications.html" "Mozilla/5.0 (Windows; U; Windows NT 6.1; en-US; rv:1.9.1.6) Gecko/20091201 Firefox/3.5.6"
24.113.187.2 - - [27/Dec/2009:12:16:23 -0800] "GET /images/img01.jpg HTTP/1.1" 200 720 "http://www.morganlangille.com/style.css" "Mozilla/5.0 (Windows; U; Windows NT 6.1; en-US; rv:1.9.1.6) Gecko/20091201 Firefox/3.5.6"
24.113.187.2 - - [27/Dec/2009:12:16:23 -0800] "GET /favicon.ico HTTP/1.1" 404 246 "-" "Mozilla/5.0 (Windows; U; Windows NT 6.1; en-US; rv:1.9.1.6) Gecko/20091201 Firefox/3.5.6"
24.113.187.2 - - [27/Dec/2009:12:16:26 -0800] "GET /favicon.ico HTTP/1.1" 404 246 "-" "Mozilla/5.0 (Windows; U; Windows NT 6.1; en-US; rv:1.9.1.6) Gecko/20091201 Firefox/3.5.6"
76.14.137.13 - - [27/Dec/2009:17:43:43 -0800] "GET / HTTP/1.1" 200 1300 "http://us.mg2.mail.yahoo.com/dc/blank.html?bn=240.3&.intl=us&.lang=en-US" "Mozilla/5.0 (Windows; U; Windows NT 6.0; en-US; rv:1.9.1.6) Gecko/20091201 Firefox/3.5.6 (.NET CLR 3.5.30729)"
76.14.137.13 - - [27/Dec/2009:17:43:43 -0800] "GET /style.css HTTP/1.1" 200 1361 "http://www.morganlangille.com/" "Mozilla/5.0 (Windows; U; Windows NT 6.0; en-US; rv:1.9.1.6) Gecko/20091201 Firefox/3.5.6 (.NET CLR 3.5.30729)"
76.14.137.13 - - [27/Dec/2009:17:43:43 -0800] "GET /images/Morgan.jpg HTTP/1.1" 200 29830 "http://www.morganlangille.com/" "Mozilla/5.0 (Windows; U; Windows NT 6.0; en-US; rv:1.9.1.6) Gecko/20091201 Firefox/3.5.6 (.NET CLR 3.5.30729)"
76.14.137.13 - - [27/Dec/2009:17:43:43 -0800] "GET /favicon.ico HTTP/1.1" 404 246 "-" "Mozilla/5.0 (compatible; Google Desktop/5.9.911.3589; http://desktop.google.com/)"
76.14.137.13 - - [27/Dec/2009:17:43:43 -0800] "GET /images/img01.jpg HTTP/1.1" 200 720 "http://www.morganlangille.com/style.css" "Mozilla/5.0 (Windows; U; Windows NT 6.0; en-US; rv:1.9.1.6) Gecko/20091201 Firefox/3.5.6 (.NET CLR 3.5.30729)"
76.14.137.13 - - [27/Dec/2009:17:43:44 -0800] "GET /favicon.ico HTTP/1.1" 404 246 "-" "Mozilla/5.0 (Windows; U; Windows NT 6.0; en-US; rv:1.9.1.6) Gecko/20091201 Firefox/3.5.6 (.NET CLR 3.5.30729)"
76.14.137.13 - - [27/Dec/2009:17:43:47 -0800] "GET /favicon.ico HTTP/1.1" 404 246 "-" "Mozilla/5.0 (Windows; U; Windows NT 6.0; en-US; rv:1.9.1.6) Gecko/20091201 Firefox/3.5.6 (.NET CLR 3.5.30729)"
76.14.137.13 - - [27/Dec/2009:17:44:33 -0800] "GET /current_research.html HTTP/1.1" 200 1104 "http://www.morganlangille.com/" "Mozilla/5.0 (Windows; U; Windows NT 6.0; en-US; rv:1.9.1.6) Gecko/20091201 Firefox/3.5.6 (.NET CLR 3.5.30729)"
76.14.137.13 - - [27/Dec/2009:17:44:37 -0800] "GET /past_research.html HTTP/1.1" 200 1106 "http://www.morganlangille.com/current_research.html" "Mozilla/5.0 (Windows; U; Windows NT 6.0; en-US; rv:1.9.1.6) Gecko/20091201 Firefox/3.5.6 (.NET CLR 3.5.30729)"
76.14.137.13 - - [27/Dec/2009:17:44:40 -0800] "GET /publications.html HTTP/1.1" 200 3705 "http://www.morganlangille.com/past_research.html" "Mozilla/5.0 (Windows; U; Windows NT 6.0; en-US; rv:1.9.1.6) Gecko/20091201 Firefox/3.5.6 (.NET CLR 3.5.30729)"
76.14.137.13 - - [27/Dec/2009:17:45:06 -0800] "GET /cv.html HTTP/1.1" 200 1098 "http://www.morganlangille.com/publications.html" "Mozilla/5.0 (Windows; U; Windows NT 6.0; en-US; rv:1.9.1.6) Gecko/20091201 Firefox/3.5.6 (.NET CLR 3.5.30729)"
76.14.137.13 - - [27/Dec/2009:17:51:43 -0800] "GET /index.html HTTP/1.1" 200 1300 "http://www.morganlangille.com/cv.html" "Mozilla/5.0 (Windows; U; Windows NT 6.0; en-US; rv:1.9.1.6) Gecko/20091201 Firefox/3.5.6 (.NET CLR 3.5.30729)"
119.63.198.12 - - [27/Dec/2009:18:13:40 -0800] "GET /robots.txt HTTP/1.1" 404 246 "-" "Baiduspider+(+http://www.baidu.com/search/spider.htm)"
76.14.137.13 - - [27/Dec/2009:22:18:31 -0800] "GET /favicon.ico HTTP/1.1" 404 246 "-" "Mozilla/5.0 (Windows; U; Windows NT 6.0; en-US; rv:1.9.1.6) Gecko/20091201 Firefox/3.5.6 (.NET CLR 3.5.30729)"
142.167.23.246 - - [28/Dec/2009:06:08:40 -0800] "GET / HTTP/1.1" 200 1300 "-" "Mozilla/4.0 (compatible; MSIE 8.0; Windows NT 6.0; Trident/4.0; GTB6; SLCC1; .NET CLR 2.0.50727; Media Center PC 5.0; .NET CLR 3.5.30729; .NET CLR 3.0.30729; AskTB5.5)"
142.167.23.246 - - [28/Dec/2009:06:08:40 -0800] "GET /style.css HTTP/1.1" 200 1361 "http://www.morganlangille.com/" "Mozilla/4.0 (compatible; MSIE 8.0; Windows NT 6.0; Trident/4.0; GTB6; SLCC1; .NET CLR 2.0.50727; Media Center PC 5.0; .NET CLR 3.5.30729; .NET CLR 3.0.30729; AskTB5.5)"
142.167.23.246 - - [28/Dec/2009:06:08:40 -0800] "GET /style.css HTTP/1.1" 200 1361 "http://www.morganlangille.com/" "Mozilla/4.0 (compatible; MSIE 8.0; Windows NT 6.0; Trident/4.0; GTB6; SLCC1; .NET CLR 2.0.50727; Media Center PC 5.0; .NET CLR 3.5.30729; .NET CLR 3.0.30729; AskTB5.5)"
142.167.23.246 - - [28/Dec/2009:06:08:40 -0800] "GET /images/img01.jpg HTTP/1.1" 200 720 "http://www.morganlangille.com/" "Mozilla/4.0 (compatible; MSIE 8.0; Windows NT 6.0; Trident/4.0; GTB6; SLCC1; .NET CLR 2.0.50727; Media Center PC 5.0; .NET CLR 3.5.30729; .NET CLR 3.0.30729; AskTB5.5)"
142.167.23.246 - - [28/Dec/2009:06:08:40 -0800] "GET /images/Morgan.jpg HTTP/1.1" 200 29830 "http://www.morganlangille.com/" "Mozilla/4.0 (compatible; MSIE 8.0; Windows NT 6.0; Trident/4.0; GTB6; SLCC1; .NET CLR 2.0.50727; Media Center PC 5.0; .NET CLR 3.5.30729; .NET CLR 3.0.30729; AskTB5.5)"
142.167.23.246 - - [28/Dec/2009:06:08:41 -0800] "GET /favicon.ico HTTP/1.1" 404 246 "-" "Mozilla/4.0 (compatible; MSIE 8.0; Windows NT 6.0; Trident/4.0; GTB6; SLCC1; .NET CLR 2.0.50727; Media Center PC 5.0; .NET CLR 3.5.30729; .NET CLR 3.0.30729; AskTB5.5)"
208.80.193.27 - - [28/Dec/2009:09:39:27 -0800] "GET / HTTP/1.0" 200 3344 "-" "Mozilla/4.0 (compatible; MSIE 6.0; America Online Browser 1.1; Windows NT 5.1; {91A7AA5A-1A57-89A7-FC75-456E4CA6626F}; .NET CLR 1.1.4322)"
142.167.23.246 - - [28/Dec/2009:10:08:53 -0800] "GET / HTTP/1.1" 304 - "-" "Mozilla/4.0 (compatible; MSIE 8.0; Windows NT 6.0; Trident/4.0; GTB6; SLCC1; .NET CLR 2.0.50727; Media Center PC 5.0; .NET CLR 3.5.30729; .NET CLR 3.0.30729; AskTB5.5)"
142.167.23.246 - - [28/Dec/2009:10:08:54 -0800] "GET /style.css HTTP/1.1" 304 - "http://www.morganlangille.com/" "Mozilla/4.0 (compatible; MSIE 8.0; Windows NT 6.0; Trident/4.0; GTB6; SLCC1; .NET CLR 2.0.50727; Media Center PC 5.0; .NET CLR 3.5.30729; .NET CLR 3.0.30729; AskTB5.5)"
142.167.23.246 - - [28/Dec/2009:10:08:54 -0800] "GET /style.css HTTP/1.1" 304 - "http://www.morganlangille.com/" "Mozilla/4.0 (compatible; MSIE 8.0; Windows NT 6.0; Trident/4.0; GTB6; SLCC1; .NET CLR 2.0.50727; Media Center PC 5.0; .NET CLR 3.5.30729; .NET CLR 3.0.30729; AskTB5.5)"
142.167.23.246 - - [28/Dec/2009:10:08:54 -0800] "GET /images/Morgan.jpg HTTP/1.1" 304 - "http://www.morganlangille.com/" "Mozilla/4.0 (compatible; MSIE 8.0; Windows NT 6.0; Trident/4.0; GTB6; SLCC1; .NET CLR 2.0.50727; Media Center PC 5.0; .NET CLR 3.5.30729; .NET CLR 3.0.30729; AskTB5.5)"
142.167.23.246 - - [28/Dec/2009:10:08:54 -0800] "GET /images/img01.jpg HTTP/1.1" 304 - "http://www.morganlangille.com/" "Mozilla/4.0 (compatible; MSIE 8.0; Windows NT 6.0; Trident/4.0; GTB6; SLCC1; .NET CLR 2.0.50727; Media Center PC 5.0; .NET CLR 3.5.30729; .NET CLR 3.0.30729; AskTB5.5)"
142.167.23.246 - - [28/Dec/2009:10:08:54 -0800] "GET /favicon.ico HTTP/1.1" 404 246 "-" "Mozilla/4.0 (compatible; MSIE 8.0; Windows NT 6.0; Trident/4.0; GTB6; SLCC1; .NET CLR 2.0.50727; Media Center PC 5.0; .NET CLR 3.5.30729; .NET CLR 3.0.30729; AskTB5.5)"
189.87.82.240 - - [28/Dec/2009:12:31:18 -0800] "GET / HTTP/1.1" 200 1300 "http://br.mg2.mail.yahoo.com/dc/launch?.gx=1&.rand=7dnqcm7cpjenf" "Mozilla/4.0 (compatible; MSIE 6.0; Windows NT 5.1; SV1; GTB6.3; .NET CLR 2.0.50727; .NET CLR 3.0.4506.2152; .NET CLR 3.5.30729; OfficeLiveConnector.1.3; OfficeLivePatch.0.0)"
189.87.82.240 - - [28/Dec/2009:12:31:18 -0800] "GET /style.css HTTP/1.1" 200 1361 "http://www.morganlangille.com/" "Mozilla/4.0 (compatible; MSIE 6.0; Windows NT 5.1; SV1; GTB6.3; .NET CLR 2.0.50727; .NET CLR 3.0.4506.2152; .NET CLR 3.5.30729; OfficeLiveConnector.1.3; OfficeLivePatch.0.0)"
189.87.82.240 - - [28/Dec/2009:12:31:19 -0800] "GET /images/Morgan.jpg HTTP/1.1" 200 29830 "http://www.morganlangille.com/" "Mozilla/4.0 (compatible; MSIE 6.0; Windows NT 5.1; SV1; GTB6.3; .NET CLR 2.0.50727; .NET CLR 3.0.4506.2152; .NET CLR 3.5.30729; OfficeLiveConnector.1.3; OfficeLivePatch.0.0)"
189.87.82.240 - - [28/Dec/2009:12:31:19 -0800] "GET /images/img01.jpg HTTP/1.1" 200 720 "http://www.morganlangille.com/" "Mozilla/4.0 (compatible; MSIE 6.0; Windows NT 5.1; SV1; GTB6.3; .NET CLR 2.0.50727; .NET CLR 3.0.4506.2152; .NET CLR 3.5.30729; OfficeLiveConnector.1.3; OfficeLivePatch.0.0)"
76.14.137.13 - - [28/Dec/2009:15:07:58 -0800] "GET / HTTP/1.1" 200 1300 "-" "Mozilla/5.0 (Windows; U; Windows NT 6.0; en-US; rv:1.9.1.6) Gecko/20091201 Firefox/3.5.6 (.NET CLR 3.5.30729)"
76.14.137.13 - - [28/Dec/2009:15:07:58 -0800] "GET /style.css HTTP/1.1" 200 1361 "http://www.morganlangille.com/" "Mozilla/5.0 (Windows; U; Windows NT 6.0; en-US; rv:1.9.1.6) Gecko/20091201 Firefox/3.5.6 (.NET CLR 3.5.30729)"
76.14.137.13 - - [28/Dec/2009:15:07:58 -0800] "GET /images/Morgan.jpg HTTP/1.1" 200 29830 "http://www.morganlangille.com/" "Mozilla/5.0 (Windows; U; Windows NT 6.0; en-US; rv:1.9.1.6) Gecko/20091201 Firefox/3.5.6 (.NET CLR 3.5.30729)"
76.14.137.13 - - [28/Dec/2009:15:07:58 -0800] "GET /images/img01.jpg HTTP/1.1" 200 720 "http://www.morganlangille.com/style.css" "Mozilla/5.0 (Windows; U; Windows NT 6.0; en-US; rv:1.9.1.6) Gecko/20091201 Firefox/3.5.6 (.NET CLR 3.5.30729)"
76.14.137.13 - - [28/Dec/2009:15:07:58 -0800] "GET /favicon.ico HTTP/1.1" 404 246 "-" "Mozilla/5.0 (Windows; U; Windows NT 6.0; en-US; rv:1.9.1.6) Gecko/20091201 Firefox/3.5.6 (.NET CLR 3.5.30729)"
76.14.137.13 - - [28/Dec/2009:15:08:01 -0800] "GET /favicon.ico HTTP/1.1" 404 246 "-" "Mozilla/5.0 (Windows; U; Windows NT 6.0; en-US; rv:1.9.1.6) Gecko/20091201 Firefox/3.5.6 (.NET CLR 3.5.30729)"
76.14.137.13 - - [28/Dec/2009:15:08:10 -0800] "GET /current_research.html HTTP/1.1" 200 1104 "http://www.morganlangille.com/" "Mozilla/5.0 (Windows; U; Windows NT 6.0; en-US; rv:1.9.1.6) Gecko/20091201 Firefox/3.5.6 (.NET CLR 3.5.30729)"
76.14.137.13 - - [28/Dec/2009:15:08:12 -0800] "GET /past_research.html HTTP/1.1" 200 1106 "http://www.morganlangille.com/current_research.html" "Mozilla/5.0 (Windows; U; Windows NT 6.0; en-US; rv:1.9.1.6) Gecko/20091201 Firefox/3.5.6 (.NET CLR 3.5.30729)"
76.14.137.13 - - [28/Dec/2009:15:08:13 -0800] "GET /publications.html HTTP/1.1" 200 3705 "http://www.morganlangille.com/past_research.html" "Mozilla/5.0 (Windows; U; Windows NT 6.0; en-US; rv:1.9.1.6) Gecko/20091201 Firefox/3.5.6 (.NET CLR 3.5.30729)"
76.14.137.13 - - [28/Dec/2009:15:08:23 -0800] "GET /cv.html HTTP/1.1" 200 1098 "http://www.morganlangille.com/publications.html" "Mozilla/5.0 (Windows; U; Windows NT 6.0; en-US; rv:1.9.1.6) Gecko/20091201 Firefox/3.5.6 (.NET CLR 3.5.30729)"
119.63.198.6 - - [28/Dec/2009:18:13:22 -0800] "GET /robots.txt HTTP/1.1" 404 246 "-" "Baiduspider+(+http://www.baidu.com/search/spider.htm)"
66.249.68.110 - - [28/Dec/2009:19:37:21 -0800] "GET /robots.txt HTTP/1.1" 404 243 "-" "Mozilla/5.0 (compatible; Googlebot/2.1; +http://www.google.com/bot.html)"
66.249.68.110 - - [28/Dec/2009:19:37:21 -0800] "GET /past_research.html HTTP/1.1" 304 - "-" "Mozilla/5.0 (compatible; Googlebot/2.1; +http://www.google.com/bot.html)"
193.47.80.46 - - [28/Dec/2009:20:40:46 -0800] "GET /robots.txt HTTP/1.1" 404 243 "-" "Mozilla/5.0 (compatible; Exabot/3.0; +http://www.exabot.com/go/robot)"
193.47.80.46 - - [28/Dec/2009:20:40:47 -0800] "GET /current_research.html HTTP/1.1" 304 - "-" "Mozilla/5.0 (compatible; Exabot/3.0; +http://www.exabot.com/go/robot)"
193.47.80.46 - - [28/Dec/2009:21:58:09 -0800] "GET /robots.txt HTTP/1.1" 404 246 "-" "Mozilla/5.0 (compatible; Exabot/3.0; +http://www.exabot.com/go/robot)"
193.47.80.46 - - [28/Dec/2009:21:58:10 -0800] "GET / HTTP/1.1" 200 1300 "-" "Mozilla/5.0 (compatible; Exabot/3.0; +http://www.exabot.com/go/robot)"
87.250.255.242 - - [29/Dec/2009:04:50:48 -0800] "GET /robots.txt HTTP/1.1" 404 296 "-" "Yandex/1.01.001 (compatible; Win16; I)"
87.250.255.242 - - [29/Dec/2009:04:50:53 -0800] "GET / HTTP/1.1" 200 1300 "-" "Yandex/1.01.001 (compatible; Win16; I)"
87.250.255.242 - - [29/Dec/2009:04:57:44 -0800] "GET /cv.html HTTP/1.1" 200 1098 "-" "Yandex/1.01.001 (compatible; Win16; I)"
87.250.255.242 - - [29/Dec/2009:15:34:51 -0800] "GET /index.html HTTP/1.1" 200 1300 "-" "Yandex/1.01.001 (compatible; Win16; I)"
208.80.193.29 - - [29/Dec/2009:17:39:27 -0800] "GET / HTTP/1.0" 200 3344 "-" "Mozilla/4.0 (compatible; MSIE 6.0; America Online Browser 1.1; rev1.5; Windows NT 5.1; FunWebProducts)"
119.63.198.21 - - [29/Dec/2009:18:11:46 -0800] "GET /robots.txt HTTP/1.1" 404 246 "-" "Baiduspider+(+http://www.baidu.com/search/spider.htm)"
87.250.255.242 - - [29/Dec/2009:21:36:56 -0800] "GET /publications.html HTTP/1.1" 304 - "-" "Yandex/1.01.001 (compatible; Win16; I)"
66.249.68.110 - - [29/Dec/2009:22:46:57 -0800] "GET /robots.txt HTTP/1.1" 404 243 "-" "Mozilla/5.0 (compatible; Googlebot/2.1; +http://www.google.com/bot.html)"
66.249.68.110 - - [29/Dec/2009:22:46:57 -0800] "GET / HTTP/1.1" 200 1300 "-" "Mozilla/5.0 (compatible; Googlebot/2.1; +http://www.google.com/bot.html)"
66.249.68.110 - - [29/Dec/2009:23:27:38 -0800] "GET /cv.html HTTP/1.1" 304 - "-" "Mozilla/5.0 (compatible; Googlebot/2.1; +http://www.google.com/bot.html)"
87.250.255.242 - - [30/Dec/2009:09:09:15 -0800] "GET /robots.txt HTTP/1.1" 404 296 "-" "Yandex/1.01.001 (compatible; Win16; I)"
66.249.68.110 - - [30/Dec/2009:16:23:54 -0800] "GET /robots.txt HTTP/1.1" 404 243 "-" "Mozilla/5.0 (compatible; Googlebot/2.1; +http://www.google.com/bot.html)"
66.249.68.110 - - [30/Dec/2009:16:23:54 -0800] "GET /index.html HTTP/1.1" 200 1300 "-" "Mozilla/5.0 (compatible; Googlebot/2.1; +http://www.google.com/bot.html)"
119.63.198.62 - - [30/Dec/2009:18:13:49 -0800] "GET /robots.txt HTTP/1.1" 404 246 "-" "Baiduspider+(+http://www.baidu.com/search/spider.htm)"
208.80.193.31 - - [31/Dec/2009:01:29:15 -0800] "GET / HTTP/1.0" 200 3344 "-" "Mozilla/4.0 (compatible; MSIE 6.0; Windows NT 5.1; SV1; .NET CLR 1.1.4322; .NET CLR 1.0.3705; SpamBlockerUtility 4.8.0; ZangoToolbar 4.8.3)"
67.195.115.115 - - [31/Dec/2009:02:20:35 -0800] "GET /robots.txt HTTP/1.0" 404 243 "-" "Mozilla/5.0 (compatible; Yahoo! Slurp; http://help.yahoo.com/help/us/ysearch/slurp)"
67.195.115.115 - - [31/Dec/2009:02:20:36 -0800] "GET / HTTP/1.0" 200 1300 "-" "Mozilla/5.0 (compatible; Yahoo! Slurp/3.0; http://help.yahoo.com/help/us/ysearch/slurp)"
67.195.115.115 - - [31/Dec/2009:02:20:37 -0800] "GET /style.css HTTP/1.0" 200 1361 "http://morganlangille.com/" "Mozilla/5.0 (compatible; Yahoo! Slurp/3.0; http://help.yahoo.com/help/us/ysearch/slurp)"
193.47.80.46 - - [31/Dec/2009:10:40:31 -0800] "GET /robots.txt HTTP/1.1" 404 243 "-" "Mozilla/5.0 (compatible; Exabot/3.0; +http://www.exabot.com/go/robot)"
193.47.80.46 - - [31/Dec/2009:10:40:31 -0800] "GET / HTTP/1.1" 304 - "-" "Mozilla/5.0 (compatible; Exabot/3.0; +http://www.exabot.com/go/robot)"
87.250.255.242 - - [31/Dec/2009:12:28:21 -0800] "GET /robots.txt HTTP/1.1" 404 296 "-" "Yandex/1.01.001 (compatible; Win16; I)"
66.249.68.110 - - [31/Dec/2009:13:28:37 -0800] "GET /robots.txt HTTP/1.1" 404 243 "-" "Mozilla/5.0 (compatible; Googlebot/2.1; +http://www.google.com/bot.html)"
66.249.68.110 - - [31/Dec/2009:13:28:37 -0800] "GET /publications.html HTTP/1.1" 304 - "-" "Mozilla/5.0 (compatible; Googlebot/2.1; +http://www.google.com/bot.html)"
66.249.68.110 - - [31/Dec/2009:17:51:25 -0800] "GET /current_research.html HTTP/1.1" 304 - "-" "Mozilla/5.0 (compatible; Googlebot/2.1; +http://www.google.com/bot.html)"
119.63.198.4 - - [31/Dec/2009:18:18:00 -0800] "GET /robots.txt HTTP/1.1" 404 246 "-" "Baiduspider+(+http://www.baidu.com/search/spider.htm)"
87.250.255.242 - - [31/Dec/2009:20:44:31 -0800] "GET /current_research.html HTTP/1.1" 304 - "-" "Yandex/1.01.001 (compatible; Win16; I)"
87.250.255.242 - - [01/Jan/2010:02:56:47 -0800] "GET /past_research.html HTTP/1.1" 304 - "-" "Yandex/1.01.001 (compatible; Win16; I)"
208.80.193.42 - - [01/Jan/2010:09:42:48 -0800] "GET / HTTP/1.0" 200 3344 "-" "Mozilla/4.0 (compatible; MSIE 7.0; Windows NT 5.1; QS 4.2.1.0; .NET CLR 1.0.3705; .NET CLR 1.1.4322; Media Center PC 4.0)"
87.250.255.242 - - [01/Jan/2010:13:46:12 -0800] "GET /robots.txt HTTP/1.1" 404 296 "-" "Yandex/1.01.001 (compatible; Win16; I)"
87.250.255.242 - - [01/Jan/2010:13:46:34 -0800] "GET /index.html HTTP/1.1" 200 1300 "-" "Yandex/1.01.001 (compatible; Win16; I)"
87.250.255.242 - - [01/Jan/2010:13:46:37 -0800] "GET /publications.html HTTP/1.1" 304 - "-" "Yandex/1.01.001 (compatible; Win16; I)"
87.250.255.242 - - [01/Jan/2010:13:46:39 -0800] "GET /cv.html HTTP/1.1" 304 - "-" "Yandex/1.01.001 (compatible; Win16; I)"
87.250.255.242 - - [01/Jan/2010:13:52:54 -0800] "GET /robots.txt HTTP/1.1" 404 292 "-" "Yandex/1.01.001 (compatible; Win16; I)"
87.250.255.242 - - [01/Jan/2010:13:52:56 -0800] "GET / HTTP/1.1" 200 1300 "-" "Yandex/1.01.001 (compatible; Win16; I)"
87.250.255.242 - - [01/Jan/2010:16:35:22 -0800] "GET / HTTP/1.1" 304 - "-" "Yandex/1.01.001 (compatible; Win16; I)"
119.63.198.28 - - [01/Jan/2010:18:13:56 -0800] "GET /robots.txt HTTP/1.1" 404 246 "-" "Baiduspider+(+http://www.baidu.com/search/spider.htm)"
193.47.80.46 - - [01/Jan/2010:21:49:14 -0800] "GET /robots.txt HTTP/1.1" 404 246 "-" "Mozilla/5.0 (compatible; Exabot/3.0; +http://www.exabot.com/go/robot)"
193.47.80.46 - - [01/Jan/2010:21:49:14 -0800] "GET / HTTP/1.1" 200 1300 "-" "Mozilla/5.0 (compatible; Exabot/3.0; +http://www.exabot.com/go/robot)"
193.47.80.46 - - [01/Jan/2010:23:00:18 -0800] "GET /publications.html HTTP/1.1" 200 3705 "-" "Mozilla/5.0 (compatible; Exabot/3.0; +http://www.exabot.com/go/robot)"
208.80.193.54 - - [02/Jan/2010:17:38:34 -0800] "GET / HTTP/1.0" 200 3344 "-" "Mozilla/4.0 (compatible; MSIE 6.0; CS 2000 6.0; NS Connect 6.0; Windows NT 5.1; SV1)"
119.63.198.47 - - [02/Jan/2010:18:17:05 -0800] "GET /robots.txt HTTP/1.1" 404 246 "-" "Baiduspider+(+http://www.baidu.com/search/spider.htm)"
76.11.45.126 - - [03/Jan/2010:18:05:41 -0800] "GET /publications.html HTTP/1.1" 200 3705 "http://www.google.ca/hws/search?hl=en&client=dell-row&channel=ca-psp&ibd=1070330&q=langille+liverpool&Submit=Google+Search" "Mozilla/4.0 (compatible; MSIE 8.0; Windows NT 6.0; Trident/4.0; FunWebProducts; SLCC1; .NET CLR 2.0.50727; .NET CLR 3.5.30729; .NET CLR 3.0.30729)"
76.11.45.126 - - [03/Jan/2010:18:05:41 -0800] "GET /style.css HTTP/1.1" 200 1361 "http://morganlangille.com/publications.html" "Mozilla/4.0 (compatible; MSIE 8.0; Windows NT 6.0; Trident/4.0; FunWebProducts; SLCC1; .NET CLR 2.0.50727; .NET CLR 3.5.30729; .NET CLR 3.0.30729)"
76.11.45.126 - - [03/Jan/2010:18:05:41 -0800] "GET /images/img01.jpg HTTP/1.1" 200 720 "http://morganlangille.com/publications.html" "Mozilla/4.0 (compatible; MSIE 8.0; Windows NT 6.0; Trident/4.0; FunWebProducts; SLCC1; .NET CLR 2.0.50727; .NET CLR 3.5.30729; .NET CLR 3.0.30729)"
76.11.45.126 - - [03/Jan/2010:18:05:42 -0800] "GET /favicon.ico HTTP/1.1" 404 243 "-" "Mozilla/4.0 (compatible; MSIE 8.0; Windows NT 6.0; Trident/4.0; FunWebProducts; SLCC1; .NET CLR 2.0.50727; .NET CLR 3.5.30729; .NET CLR 3.0.30729)"
76.11.45.126 - - [03/Jan/2010:18:05:43 -0800] "GET /favicon.ico HTTP/1.1" 404 243 "-" "Mozilla/5.0 (compatible; Google Desktop/5.9.911.3589; http://desktop.google.com/)"
119.63.198.36 - - [03/Jan/2010:18:17:26 -0800] "GET /robots.txt HTTP/1.1" 404 246 "-" "Baiduspider+(+http://www.baidu.com/search/spider.htm)"
87.250.255.242 - - [03/Jan/2010:20:37:02 -0800] "GET /robots.txt HTTP/1.1" 404 296 "-" "Yandex/1.01.001 (compatible; Win16; I)"
208.80.193.44 - - [04/Jan/2010:02:13:30 -0800] "GET / HTTP/1.0" 200 3344 "-" "Mozilla/4.0 (compatible; MSIE 6.0; AOL 9.0; Windows NT 5.0; .NET CLR 1.1.4322; .NET CLR 2.0.50727)"
66.249.68.40 - - [04/Jan/2010:02:41:11 -0800] "GET /robots.txt HTTP/1.1" 404 243 "-" "Mozilla/5.0 (compatible; Googlebot/2.1; +http://www.google.com/bot.html)"
66.249.68.40 - - [04/Jan/2010:02:41:11 -0800] "GET /past_research.html HTTP/1.1" 304 - "-" "Mozilla/5.0 (compatible; Googlebot/2.1; +http://www.google.com/bot.html)"
95.27.41.41 - - [04/Jan/2010:03:09:32 -0800] "GET / HTTP/1.1" 200 3344 "-" "Mozilla/5.0 (compatible; Googlebot/2.1; +http://www.google.com/bot.html)"
95.27.41.41 - - [04/Jan/2010:03:09:33 -0800] "GET /index.html HTTP/1.1" 200 3344 "-" "Mozilla/5.0 (compatible; Googlebot/2.1; +http://www.google.com/bot.html)"
95.27.41.41 - - [04/Jan/2010:03:09:34 -0800] "GET /current_research.html HTTP/1.1" 200 2910 "-" "Mozilla/5.0 (compatible; Googlebot/2.1; +http://www.google.com/bot.html)"
95.27.41.41 - - [04/Jan/2010:03:09:36 -0800] "GET /past_research.html HTTP/1.1" 200 2911 "-" "Mozilla/5.0 (compatible; Googlebot/2.1; +http://www.google.com/bot.html)"
95.27.41.41 - - [04/Jan/2010:03:09:37 -0800] "GET /publications.html HTTP/1.1" 200 10002 "-" "Mozilla/5.0 (compatible; Googlebot/2.1; +http://www.google.com/bot.html)"
95.27.41.41 - - [04/Jan/2010:03:09:38 -0800] "GET /cv.html HTTP/1.1" 200 2892 "-" "Mozilla/5.0 (compatible; Googlebot/2.1; +http://www.google.com/bot.html)"
142.167.13.220 - - [04/Jan/2010:04:31:20 -0800] "GET / HTTP/1.1" 200 1300 "-" "Mozilla/4.0 (compatible; MSIE 8.0; Windows NT 6.0; Trident/4.0; GTB6; SLCC1; .NET CLR 2.0.50727; Media Center PC 5.0; .NET CLR 3.5.30729; .NET CLR 3.0.30729; AskTB5.5)"
142.167.13.220 - - [04/Jan/2010:04:31:20 -0800] "GET /style.css HTTP/1.1" 200 1361 "http://www.morganlangille.com/" "Mozilla/4.0 (compatible; MSIE 8.0; Windows NT 6.0; Trident/4.0; GTB6; SLCC1; .NET CLR 2.0.50727; Media Center PC 5.0; .NET CLR 3.5.30729; .NET CLR 3.0.30729; AskTB5.5)"
142.167.13.220 - - [04/Jan/2010:04:31:21 -0800] "GET /style.css HTTP/1.1" 200 1361 "http://www.morganlangille.com/" "Mozilla/4.0 (compatible; MSIE 8.0; Windows NT 6.0; Trident/4.0; GTB6; SLCC1; .NET CLR 2.0.50727; Media Center PC 5.0; .NET CLR 3.5.30729; .NET CLR 3.0.30729; AskTB5.5)"
142.167.13.220 - - [04/Jan/2010:04:31:22 -0800] "GET /images/img01.jpg HTTP/1.1" 200 720 "http://www.morganlangille.com/" "Mozilla/4.0 (compatible; MSIE 8.0; Windows NT 6.0; Trident/4.0; GTB6; SLCC1; .NET CLR 2.0.50727; Media Center PC 5.0; .NET CLR 3.5.30729; .NET CLR 3.0.30729; AskTB5.5)"
142.167.13.220 - - [04/Jan/2010:04:31:21 -0800] "GET /images/Morgan.jpg HTTP/1.1" 200 29830 "http://www.morganlangille.com/" "Mozilla/4.0 (compatible; MSIE 8.0; Windows NT 6.0; Trident/4.0; GTB6; SLCC1; .NET CLR 2.0.50727; Media Center PC 5.0; .NET CLR 3.5.30729; .NET CLR 3.0.30729; AskTB5.5)"
87.250.255.242 - - [04/Jan/2010:05:14:58 -0800] "GET /current_research.html HTTP/1.1" 304 - "-" "Yandex/1.01.001 (compatible; Win16; I)"
193.52.219.44 - - [04/Jan/2010:05:41:11 -0800] "GET / HTTP/1.1" 200 1300 "http://www.google.fr/search?q=morgan+langille&ie=utf-8&oe=utf-8&aq=t&rls=org.mozilla:fr:official&client=firefox-a" "Mozilla/5.0 (X11; U; Linux i686 (x86_64); fr; rv:1.9.0.8) Gecko/2009032608 Firefox/3.0.8"
193.52.219.44 - - [04/Jan/2010:05:41:12 -0800] "GET /style.css HTTP/1.1" 200 1361 "http://morganlangille.com/" "Mozilla/5.0 (X11; U; Linux i686 (x86_64); fr; rv:1.9.0.8) Gecko/2009032608 Firefox/3.0.8"
193.52.219.44 - - [04/Jan/2010:05:41:12 -0800] "GET /images/img01.jpg HTTP/1.1" 200 720 "http://morganlangille.com/style.css" "Mozilla/5.0 (X11; U; Linux i686 (x86_64); fr; rv:1.9.0.8) Gecko/2009032608 Firefox/3.0.8"
193.52.219.44 - - [04/Jan/2010:05:41:12 -0800] "GET /images/Morgan.jpg HTTP/1.1" 200 29830 "http://morganlangille.com/" "Mozilla/5.0 (X11; U; Linux i686 (x86_64); fr; rv:1.9.0.8) Gecko/2009032608 Firefox/3.0.8"
193.52.219.44 - - [04/Jan/2010:05:41:12 -0800] "GET /favicon.ico HTTP/1.1" 404 243 "-" "Mozilla/5.0 (X11; U; Linux i686 (x86_64); fr; rv:1.9.0.8) Gecko/2009032608 Firefox/3.0.8"
193.52.219.44 - - [04/Jan/2010:05:41:15 -0800] "GET /favicon.ico HTTP/1.1" 404 243 "-" "Mozilla/5.0 (X11; U; Linux i686 (x86_64); fr; rv:1.9.0.8) Gecko/2009032608 Firefox/3.0.8"
193.52.219.44 - - [04/Jan/2010:05:41:28 -0800] "GET /current_research.html HTTP/1.1" 200 1104 "http://morganlangille.com/" "Mozilla/5.0 (X11; U; Linux i686 (x86_64); fr; rv:1.9.0.8) Gecko/2009032608 Firefox/3.0.8"
193.52.219.44 - - [04/Jan/2010:05:41:29 -0800] "GET /past_research.html HTTP/1.1" 200 1106 "http://morganlangille.com/current_research.html" "Mozilla/5.0 (X11; U; Linux i686 (x86_64); fr; rv:1.9.0.8) Gecko/2009032608 Firefox/3.0.8"
193.52.219.44 - - [04/Jan/2010:05:41:31 -0800] "GET /publications.html HTTP/1.1" 200 3705 "http://morganlangille.com/past_research.html" "Mozilla/5.0 (X11; U; Linux i686 (x86_64); fr; rv:1.9.0.8) Gecko/2009032608 Firefox/3.0.8"
193.52.219.44 - - [04/Jan/2010:05:41:43 -0800] "GET /cv.html HTTP/1.1" 200 1098 "http://morganlangille.com/publications.html" "Mozilla/5.0 (X11; U; Linux i686 (x86_64); fr; rv:1.9.0.8) Gecko/2009032608 Firefox/3.0.8"
87.250.255.242 - - [04/Jan/2010:10:58:57 -0800] "GET /robots.txt HTTP/1.1" 404 292 "-" "Yandex/1.01.001 (compatible; Win16; I)"
142.58.10.65 - - [04/Jan/2010:13:17:34 -0800] "GET / HTTP/1.1" 200 1300 "http://www.google.ca/search?q=morgan+langille&ie=utf-8&oe=utf-8&aq=t&rls=com.ubuntu:en-US:unofficial&client=firefox-a" "Mozilla/5.0 (X11; U; Linux x86_64; en-US; rv:1.9.0.16) Gecko/2009121601 Ubuntu/9.04 (jaunty) Firefox/3.0.16"
142.58.10.65 - - [04/Jan/2010:13:17:34 -0800] "GET /style.css HTTP/1.1" 200 1361 "http://morganlangille.com/" "Mozilla/5.0 (X11; U; Linux x86_64; en-US; rv:1.9.0.16) Gecko/2009121601 Ubuntu/9.04 (jaunty) Firefox/3.0.16"
142.58.10.65 - - [04/Jan/2010:13:17:34 -0800] "GET /images/img01.jpg HTTP/1.1" 200 720 "http://morganlangille.com/style.css" "Mozilla/5.0 (X11; U; Linux x86_64; en-US; rv:1.9.0.16) Gecko/2009121601 Ubuntu/9.04 (jaunty) Firefox/3.0.16"
